******************************************************************************
                  TI ARM Linker PC v20.2.0                     
******************************************************************************
>> Linked Fri Aug 14 00:44:32 2020

OUTPUT FILE NAME:   <Final_TEAM_Component.out>
ENTRY POINT SYMBOL: "resetISR"  address: 01018d81


MEMORY CONFIGURATION

         name            origin    length      used     unused   attr    fill
----------------------  --------  ---------  --------  --------  ----  --------
  FLASH_HDR             01000000   000007ff  00000000  000007ff  R  X
  FLASH                 01000800   000ff800  000198b4  000e5f4c  R  X
  SRAM                  20000000   00040000  0000af59  000350a7  RW X


SEGMENT ALLOCATION MAP

run origin  load origin   length   init length attrs members
----------  ----------- ---------- ----------- ----- -------
01000800    01000800    000198b8   000198b8    r-x
  01000800    01000800    00000040   00000040    r-- .resetVecs
  01000840    01000840    00018b7a   00018b7a    r-x .text
  010193bc    010193bc    00000afa   00000afa    r-- .const
  01019eb8    01019eb8    00000200   00000200    r-- .cinit
20000400    20000400    0000a850   00000000    rw-
  20000400    20000400    00009ab1   00000000    rw- .bss
  20009eb4    20009eb4    00000d9c   00000000    rw- .data
2003fc00    2003fc00    00000400   00000000    rw-
  2003fc00    2003fc00    00000400   00000000    rw- .stack


SECTION ALLOCATION MAP

 output                                  attributes/
section   page    origin      length       input sections
--------  ----  ----------  ----------   ----------------
.resetVecs 
*          0    01000800    00000040     
                  01000800    00000040     freertos_builds_CC3220SF_LAUNCHXL_release_ccs.lib : startup_cc32xx_ccs.obj (.resetVecs:retain)

.text      0    01000840    00018b7a     
                  01000840    00000a4e     rtsv7M4_T_le_eabi.lib : _printfi.c.obj (.text:__TI_printfi)
                  0100128e    00000002     ti_drivers_config.obj (.text:Board_initHook)
                  01001290    000008cc     simplelink.a : driver.obj (.text:_SlDrvMsgRead)
                  01001b5c    000004bc                  : sl_socket.obj (.text:_SlSocketHandleAsync_Select)
                  01002018    0000042c     driverlib.a : prcm.obj (.text:PRCMCC3200MCUInit)
                  01002444    000003fc     mqtt_client_app.obj (.text:dropOff)
                  01002840    000003d4     mqtt_client_app.obj (.text:pickUp)
                  01002c14    00000384     simplelink.a : driver.obj (.text:_SlDrvMsgWrite)
                  01002f98    00000320     network_if.obj (.text:Network_IF_ConnectAP)
                  010032b8    0000031c     mqtt_client_app.obj (.text:jsmn_parse)
                  010035d4    00000314     mqtt_client_app.obj (.text:Mqtt_start)
                  010038e8    000002e0     simplelink.a : driver.obj (.text:_SlDrvWaitForPoolObj)
                  01003bc8    000002d8                  : driver.obj (.text:_SlDrvRxHdrRead)
                  01003ea0    000002b4     mqtt_client_app.obj (.text:MqttClient_start)
                  01004154    000002b4     simplelink.a : sl_socket.obj (.text:sl_Select)
                  01004408    00000294                  : driver.obj (.text:_SlDrvReleasePoolObj)
                  0100469c    0000028d     network_if.obj (.text:SimpleLinkSockEventHandler)
                  01004929    00000001     --HOLE-- [fill = 0]
                  0100492a    00000002     driverlib.a : interrupt.obj (.text:IntDefaultHandler)
                  0100492c    00000284     client_cbs.obj (.text:MqttClientCallback)
                  01004bb0    0000027c     simplelink.a : wlan.obj (.text:sl_WlanConnect)
                  01004e2c    00000278     freertos_builds_CC3220SF_LAUNCHXL_release_ccs.lib : mqueue.obj (.text:mq_open)
                  010050a4    00000268     rtsv7M4_T_le_eabi.lib : _printfi.c.obj (.text:_pconv_a)
                  0100530c    00000264     network_if.obj (.text:Network_IF_InitDriver)
                  01005570    0000025c     simplelink.a : driver.obj (.text:_SlDrvDataReadOp)
                  010057cc    0000024c     mqtt_client_app.obj (.text:mainThread)
                  01005a18    00000238     mqtt_client_app.obj (.text:ReceiveClient)
                  01005c50    00000234     mqtt_client_app.obj (.text:DisplayAppBanner)
                  01005e84    00000224     simplelink.a : driver.obj (.text:_SlDrvDriverCBInit)
                  010060a8    00000218                  : driver.obj (.text:_SlDrvDataWriteOp)
                  010062c0    0000020c     drivers_cc32xx.aem4 : UARTCC32XXDMA.oem4 (.text:UARTCC32XXDMA_open)
                  010064cc    000001f4     simplelink.a : driver.obj (.text:_SlDrvMsgReadCmdCtx)
                  010066c0    000001f2                  : netapp.obj (.text:_SlNetAppEventHandler)
                  010068b2    00000002     drivers_cc32xx.aem4 : PWMTimerCC32XX.oem4 (.text:PWMTimerCC32XX_init)
                  010068b4    000001e4                         : GPIOCC32XX.oem4 (.text:GPIO_setConfig)
                  01006a98    000001e1     network_if.obj (.text:SimpleLinkFatalErrorEventHandler)
                  01006c79    00000001     --HOLE-- [fill = 0]
                  01006c7a    00000002     freertos_builds_CC3220SF_LAUNCHXL_release_ccs.lib : PowerCC32XX_freertos.obj (.text:PowerCC32XX_initPolicy)
                  01006c7c    000001d8     network_if.obj (.text:SimpleLinkWlanEventHandler)
                  01006e54    000001d0     drivers_cc32xx.aem4 : SPICC32XXDMA.oem4 (.text:SPICC32XXDMA_transfer)
                  01007024    000001d0     freertos_builds_CC3220SF_LAUNCHXL_release_ccs.lib : queue.obj (.text:xQueueSemaphoreTake)
                  010071f4    000001cc     rtsv7M4_T_le_eabi.lib : _printfi.c.obj (.text:_pconv_g)
                  010073c0    000001c8     simplelink.a : device.obj (.text:sl_Stop)
                  01007588    000001b8     drivers_cc32xx.aem4 : SPICC32XXDMA.oem4 (.text:configDMA)
                  01007740    000001b8     freertos_builds_CC3220SF_LAUNCHXL_release_ccs.lib : queue.obj (.text:xQueueGenericSend)
                  010078f8    000001b6     rtsv7M4_T_le_eabi.lib : fd_add_t2.asm.obj (.text)
                  01007aae    00000002     drivers_cc32xx.aem4 : TimerCC32XX.oem4 (.text:TimerCC32XX_init)
                  01007ab0    000001b4     simplelink.a : driver.obj (.text:_SlDrvReleaseAllActivePendingPoolObj)
                  01007c64    000001b0     freertos_builds_CC3220SF_LAUNCHXL_release_ccs.lib : PowerCC32XX_freertos.obj (.text:PowerCC32XX_sleepPolicy)
                  01007e14    000001a8     simplelink.a : sl_socket.obj (.text:sl_Accept)
                  01007fbc    00000198     slnetsock_release.a : slnetsock.oem4 (.text:SlNetSock_select)
                  01008154    00000190     simplelink.a : sl_socket.obj (.text:_SlDrvRegisterForSelectAsync)
                  010082e4    0000018c     mqtt_client_app.obj (.text:jsmn_parse_string)
                  01008470    00000184     simplelink.a : driver.obj (.text:_SlDrvFindAndSetActiveObj)
                  010085f4    00000180     network_if.obj (.text:SimpleLinkNetAppEventHandler)
                  01008774    0000017c     freertos_builds_CC3220SF_LAUNCHXL_release_ccs.lib : heap_4.obj (.text:pvPortMalloc)
                  010088f0    0000017c                                                       : queue.obj (.text:xQueueReceive)
                  01008a6c    00000178     simplelink.a : sl_socket.obj (.text:sl_Connect)
                  01008be4    00000170                  : netapp.obj (.text:sl_NetAppDnsGetHostByName)
                  01008d54    00000164     freertos_builds_CC3220SF_LAUNCHXL_release_ccs.lib : timers.obj (.text:prvProcessReceivedCommands)
                  01008eb8    00000160     mqtt_release.a : mqtt_net_func.oem4 (.text:createSocket)
                  01009018    00000158     drivers_cc32xx.aem4 : SPICC32XXDMA.oem4 (.text:SPICC32XXDMA_open)
                  01009170    00000158     freertos_builds_CC3220SF_LAUNCHXL_release_ccs.lib : tasks.obj (.text:xTaskIncrementTick)
                  010092c8    00000154     mqtt_release.a : mqttclient.oem4 (.text:MQTTClient_connect)
                  0100941c    00000154     simplelink.a : sl_socket.obj (.text:sl_RecvFrom)
                  01009570    0000014c     rtsv7M4_T_le_eabi.lib : vla_alloc.c.obj (.text:__vla_alloc)
                  010096bc    00000148     simplelink.a : sl_socket.obj (.text:_SlDrvGetNextTimeoutValue)
                  01009804    00000148     drivers_cc32xx.aem4 : PowerCC32XX.oem4 (.text:parkPins)
                  0100994c    00000148     simplelink.a : sl_socket.obj (.text:sl_StartTLS)
                  01009a94    00000140     drivers_cc32xx.aem4 : PWMTimerCC32XX.oem4 (.text:PWMTimerCC32XX_setDutyAndPeriod)
                  01009bd4    00000140     simplelink.a : driver.obj (.text:_SlDrvMsgReadSpawnCtx)
                  01009d14    0000013c                  : driver.obj (.text:_SlDrvDriverCBDeinit)
                  01009e50    0000013c     rtsv7M4_T_le_eabi.lib : _printfi.c.obj (.text:_pconv_e)
                  01009f8c    0000013c     servo_PWM.obj (.text:configurePWM)
                  0100a0c8    00000138     mqtt_client_app.obj (.text:MqttClient)
                  0100a200    00000138     drivers_cc32xx.aem4 : PowerCC32XX.oem4 (.text:Power_sleep)
                  0100a338    00000138     simplelink.a : driver.obj (.text:_SlSpawnMsgListInsert)
                  0100a470    00000138     freertos_builds_CC3220SF_LAUNCHXL_release_ccs.lib : pthread.obj (.text:pthread_create)
                  0100a5a8    00000136     rtsv7M4_T_le_eabi.lib : fd_div_t2.asm.obj (.text)
                  0100a6de    00000002     drivers_cc32xx.aem4 : UARTCC32XXDMA.oem4 (.text:UARTCC32XXDMA_init)
                  0100a6e0    00000134     simplelink.a : sl_socket.obj (.text:_SlSocketHandleAsync_StartTLS)
                  0100a814    00000128     drivers_cc32xx.aem4 : TimerCC32XX.oem4 (.text:TimerCC32XX_open)
                  0100a93c    00000128     simplelink.a : driver.obj (.text:_SlDrvClassifyRxMsg)
                  0100aa64    00000128     freertos_builds_CC3220SF_LAUNCHXL_release_ccs.lib : tasks.obj (.text:prvInitialiseNewTask)
                  0100ab8c    00000124     simplelink.a : fs.obj (.text:sl_FsOpen)
                  0100acb0    00000120                  : driver.obj (.text:_SlDrvAsyncEventGenericHandler)
                  0100add0    00000120     rtsv7M4_T_le_eabi.lib : _printfi.c.obj (.text:fcvt)
                  0100aef0    0000011c     simplelink.a : device.obj (.text:sl_Start)
                  0100b00c    0000011c     freertos_builds_CC3220SF_LAUNCHXL_release_ccs.lib : tasks.obj (.text:xTaskResumeAll)
                  0100b128    00000118     simplelink.a : netapp.obj (.text:_SlNetAppHandleAsync_DnsGetHostByService)
                  0100b240    00000112     mqtt_release.a : mqtt_common.oem4 (.text:MQTT_PacketRecv)
                  0100b352    00000002     freertos_builds_CC3220SF_LAUNCHXL_release_ccs.lib : startup_cc32xx_ccs.obj (.text:busFaultHandler)
                  0100b354    00000110     rtsv7M4_T_le_eabi.lib : strtoul.c.obj (.text:strtoul)
                  0100b464    0000010a     uart_term.obj (.text:Report)
                  0100b56e    0000010a     freertos_builds_CC3220SF_LAUNCHXL_release_ccs.lib : queue.obj (.text:xQueueGenericSendFromISR)
                  0100b678    00000108     slnetsock_release.a : slnetutils.oem4 (.text:SlNetUtil_str2BinIpV6)
                  0100b780    00000104     mqtt_client_app.obj (.text:Mqtt_IF_Connect)
                  0100b884    00000104     simplelink.a : device.obj (.text:_SlDeviceEventHandler)
                  0100b988    00000104                  : driver.obj (.text:_SlDrvCmdOp)
                  0100ba8c    00000104     freertos_builds_CC3220SF_LAUNCHXL_release_ccs.lib : tasks.obj (.text:vTaskPriorityDisinheritAfterTimeout)
                  0100bb90    00000100     simplelink.a : driver.obj (.text:_SlDrvObjGlobalLockWaitForever)
                  0100bc90    00000100     mqtt_client_app.obj (.text:robotArmThread)
                  0100bd90    00000100     simplelink.a : fs.obj (.text:sl_FsWrite)
                  0100be90    00000100     freertos_builds_CC3220SF_LAUNCHXL_release_ccs.lib : tasks.obj (.text:vTaskDelete)
                  0100bf90    000000fc     rtsv7M4_T_le_eabi.lib : fd_mul_t2.asm.obj (.text)
                  0100c08c    000000fc     freertos_builds_CC3220SF_LAUNCHXL_release_ccs.lib : tasks.obj (.text:vTaskSuspend)
                  0100c188    000000f8     mqtt_release.a : mqttclient.oem4 (.text:MqttClientCtxCreate)
                  0100c280    000000f8     slnetifwifi.a : slnetifwifi.obj (.text:SlNetIfWifi_loadSecObj)
                  0100c378    000000f8     drivers_cc32xx.aem4 : UARTCC32XXDMA.oem4 (.text:UARTCC32XXDMA_close)
                  0100c470    000000f8     simplelink.a : sl_socket.obj (.text:sl_Close)
                  0100c568    000000f8     mqtt_release.a : client_core.oem4 (.text:utf8ArraySend)
                  0100c660    000000f6                    : mqtt_net_func.oem4 (.text:MQTTNet_commOpen)
                  0100c756    00000002     freertos_builds_CC3220SF_LAUNCHXL_release_ccs.lib : startup_cc32xx_ccs.obj (.text:defaultHandler)
                  0100c758    000000f4     simplelink.a : sl_socket.obj (.text:sl_SendTo)
                  0100c84c    000000f2     drivers_cc32xx.aem4 : SPICC32XXDMA.oem4 (.text:SPICC32XXDMA_transferCancel)
                  0100c93e    00000002     freertos_builds_CC3220SF_LAUNCHXL_release_ccs.lib : startup_cc32xx_ccs.obj (.text:faultISR)
                  0100c940    000000f0     drivers_cc32xx.aem4 : PWMTimerCC32XX.oem4 (.text:PWMTimerCC32XX_open)
                  0100ca30    000000f0     freertos_builds_CC3220SF_LAUNCHXL_release_ccs.lib : queue.obj (.text:xQueueGiveFromISR)
                  0100cb20    000000e8     drivers_cc32xx.aem4 : UARTCC32XXDMA.oem4 (.text:initHw)
                  0100cc08    000000e4     slnetsock_release.a : slnetif.oem4 (.text:SlNetIf_add)
                  0100ccec    000000e0     freertos_builds_CC3220SF_LAUNCHXL_release_ccs.lib : tasks.obj (.text:xTaskPriorityDisinherit)
                  0100cdcc    000000de     mqtt_release.a : client_core.oem4 (.text:connectMsgSend)
                  0100ceaa    00000002     freertos_builds_CC3220SF_LAUNCHXL_release_ccs.lib : startup_cc32xx_ccs.obj (.text:nmiISR)
                  0100ceac    000000dc                                                       : tasks.obj (.text:vTaskSwitchContext)
                  0100cf88    000000d8     uart_term.obj (.text:GetCmd)
                  0100d060    000000d8     drivers_cc32xx.aem4 : SPICC32XXDMA.oem4 (.text:SPICC32XXDMA_close)
                  0100d138    000000d8     simplelink.a : device.obj (.text:_SlDeviceHandleAsync_InitComplete)
                  0100d210    000000d8                  : driver.obj (.text:_SlDrvWaitForInternalAsyncEvent)
                  0100d2e8    000000d8                  : netapp.obj (.text:_SlNetAppHandleAsync_NetAppReceive)
                  0100d3c0    000000d8     dataTimer.obj (.text:formatDataForQueue)
                  0100d498    000000d8     freertos_builds_CC3220SF_LAUNCHXL_release_ccs.lib : queue.obj (.text:xQueueReceiveFromISR)
                  0100d570    000000d4                                                       : mqueue.obj (.text:mq_timedsend)
                  0100d644    000000d4                                                       : tasks.obj (.text:xTaskPriorityInherit)
                  0100d718    000000d0     mqtt_client_app.obj (.text:Mqtt_Stop)
                  0100d7e8    000000d0     mqtt_client_app.obj (.text:SetClientIdNamefromMacAddress)
                  0100d8b8    000000d0     simplelink.a : driver.obj (.text:_SlDrvRemoveFromList)
                  0100d988    000000d0     rtsv7M4_T_le_eabi.lib : s_scalbn.c.obj (.text:scalbn)
                  0100da58    000000cc     mqtt_release.a : mqttclient.oem4 (.text:processNotifyAckCB)
                  0100db24    000000c8     mqtt_client_app.obj (.text:jsmn_parse_primitive)
                  0100dbec    000000c8     drivers_cc32xx.aem4 : SPICC32XXDMA.oem4 (.text:spiHwiFxn)
                  0100dcb4    000000c4                         : GPIOCC32XX.oem4 (.text:GPIO_init)
                  0100dd78    000000c4                         : PWMTimerCC32XX.oem4 (.text:PWMTimerCC32XX_stop)
                  0100de3c    000000c4     freertos_builds_CC3220SF_LAUNCHXL_release_ccs.lib : tasks.obj (.text:prvAddNewTaskToReadyList)
                  0100df00    000000c0     mqtt_release.a : mqttclient.oem4 (.text:MqttClientSub)
                  0100dfc0    000000c0     simplelink.a : cc_pal.obj (.text:NwpPowerOff)
                  0100e080    000000c0     drivers_cc32xx.aem4 : PowerCC32XX.oem4 (.text:restoreParkedPins)
                  0100e140    000000c0     simplelink.a : netcfg.obj (.text:sl_NetCfgGet)
                  0100e200    000000c0     freertos_builds_CC3220SF_LAUNCHXL_release_ccs.lib : port.obj (.text:xPortStartScheduler)
                  0100e2c0    000000bc     simplelink.a : netapp.obj (.text:_SlNetAppSendResponse)
                  0100e37c    000000bc     mqtt_release.a : client_core.oem4 (.text:clCtxConnStateTryLocked)
                  0100e438    000000bc     freertos_builds_CC3220SF_LAUNCHXL_release_ccs.lib : queue.obj (.text:prvCopyDataToQueue)
                  0100e4f4    000000bc                                                       : heap_4.obj (.text:prvHeapInit)
                  0100e5b0    000000bc                                                       : timers.obj (.text:prvSwitchTimerLists)
                  0100e66c    000000bc     mqtt_client_app.obj (.text:readDataThread)
                  0100e728    000000bc     simplelink.a : sl_socket.obj (.text:sl_Send)
                  0100e7e4    000000ba     freertos_builds_CC3220SF_LAUNCHXL_release_ccs.lib : portasm.obj (.text)
                  0100e89e    00000002     rtsv7M4_T_le_eabi.lib : div0.asm.obj (.text)
                  0100e8a0    000000b8     drivers_cc32xx.aem4 : PWMTimerCC32XX.oem4 (.text:PWMTimerCC32XX_setDuty)
                  0100e958    000000b8                         : UARTCC32XXDMA.oem4 (.text:UARTCC32XXDMA_configDMA)
                  0100ea10    000000b8     simplelink.a : netapp.obj (.text:_SlNetAppHandleAsync_DnsGetHostByName)
                  0100eac8    000000b8                  : netapp.obj (.text:_SlNetAppHandleAsync_PingResponse)
                  0100eb80    000000b8                  : device.obj (.text:sl_DeviceGet)
                  0100ec38    000000b8                  : wlan.obj (.text:sl_WlanGet)
                  0100ecf0    000000b8     freertos_builds_CC3220SF_LAUNCHXL_release_ccs.lib : queue.obj (.text:xQueueGenericReset)
                  0100eda8    000000b4     mqtt_release.a : mqttclient.oem4 (.text:MqttClient_send)
                  0100ee5c    000000b4     drivers_cc32xx.aem4 : UARTCC32XXDMA.oem4 (.text:UARTCC32XXDMA_hwiIntFxn)
                  0100ef10    000000b4     simplelink.a : driver.obj (.text:_SlDrvHandleFatalError)
                  0100efc4    000000b4                  : netutil.obj (.text:_SlNetUtilHandleAsync_Cmd)
                  0100f078    000000b4     freertos_builds_CC3220SF_LAUNCHXL_release_ccs.lib : clock.obj (.text:_clock_abstime2ticks)
                  0100f12c    000000b4     simplelink.a : sl_socket.obj (.text:sl_GetSockOpt)
                  0100f1e0    000000b1     rtsv7M4_T_le_eabi.lib : _printfi.c.obj (.text:_ltostr)
                  0100f291    00000003     --HOLE-- [fill = 0]
                  0100f294    000000b0     slnetifwifi.a : slnetifwifi.obj (.text:SlNetIfWifi_getSockOpt)
                  0100f344    000000b0     freertos_builds_CC3220SF_LAUNCHXL_release_ccs.lib : tasks.obj (.text:prvAddCurrentTaskToDelayedList)
                  0100f3f4    000000b0                                                       : tasks.obj (.text:xTaskCheckForTimeOut)
                  0100f4a4    000000ae     slnetifwifi.a : slnetifwifi.obj (.text:matchModeByRole)
                  0100f552    000000ae     freertos_builds_CC3220SF_LAUNCHXL_release_ccs.lib : queue.obj (.text:prvUnlockQueue)
                  0100f600    000000ac     simplelink.a : sl_socket.obj (.text:_SlSocketHandleAsync_Close)
                  0100f6ac    000000ac                  : sl_socket.obj (.text:_SlSocketHandleAsync_Connect)
                  0100f758    000000ac     freertos_builds_CC3220SF_LAUNCHXL_release_ccs.lib : clock.obj (.text:clock_gettime)
                  0100f804    000000a8     driverlib.a : interrupt.obj (.text:IntDisable)
                  0100f8ac    000000a8                 : interrupt.obj (.text:IntEnable)
                  0100f954    000000a8     network_if.obj (.text:Network_IF_IpConfigGet)
                  0100f9fc    000000a8     driverlib.a : prcm.obj (.text:PRCMPeripheralClockGet)
                  0100faa4    000000a8     drivers_cc32xx.aem4 : PowerCC32XX.oem4 (.text:PowerCC32XX_configureWakeup)
                  0100fb4c    000000a8     freertos_builds_CC3220SF_LAUNCHXL_release_ccs.lib : heap_4.obj (.text:prvInsertBlockIntoFreeList)
                  0100fbf4    000000a8     simplelink.a : fs.obj (.text:sl_FsClose)
                  0100fc9c    000000a8     freertos_builds_CC3220SF_LAUNCHXL_release_ccs.lib : heap_4.obj (.text:vPortFree)
                  0100fd44    000000a8                                                       : tasks.obj (.text:xTaskRemoveFromEventList)
                  0100fdec    000000a6     simplelink.a : driver.obj (.text:_SlDrvIsTimeoutExpired)
                  0100fe92    00000002     --HOLE-- [fill = 0]
                  0100fe94    000000a4     mqtt_release.a : mqttclient.oem4 (.text:MQTTClient_create)
                  0100ff38    000000a4                    : mqttclient.oem4 (.text:MQTTClient_delete)
                  0100ffdc    000000a4                    : mqttclient.oem4 (.text:MqttClientConfig)
                  01010080    000000a4     drivers_cc32xx.aem4 : PWMTimerCC32XX.oem4 (.text:initHw)
                  01010124    000000a4     simplelink.a : sl_socket.obj (.text:sl_Bind)
                  010101c8    000000a0     freertos_builds_CC3220SF_LAUNCHXL_release_ccs.lib : ClockP_freertos.obj (.text:ClockP_create)
                  01010268    000000a0     simplelink.a : fs.obj (.text:FsGetCreateFsMode)
                  01010308    000000a0     mqtt_client_app.obj (.text:Mqtt_ClientStop)
                  010103a8    000000a0     simplelink.a : sl_socket.obj (.text:_SlDrvUnRegisterForSelectAsync)
                  01010448    000000a0                  : driver.obj (.text:_SlSpawnMsgListProcess)
                  010104e8    000000a0     servo_PWM.obj (.text:setPWM_Claw)
                  01010588    000000a0     servo_PWM.obj (.text:setPWM_Lift)
                  01010628    0000009e     simplelink.a : cc_pal.obj (.text:spi_Read)
                  010106c6    0000009e                  : cc_pal.obj (.text:spi_Write)
                  01010764    0000009c     mqtt_release.a : client_core.oem4 (.text:MQTTClientCore_initLib)
                  01010800    0000009c                    : client_core.oem4 (.text:MQTTClientCore_sendPubMsg)
                  0101089c    0000009c                    : mqttclient.oem4 (.text:MqttClientUnsub)
                  01010938    0000009c                    : client_core.oem4 (.text:_msgDispatch)
                  010109d4    0000009c     rtsv7M4_T_le_eabi.lib : memcpy_t2.asm.obj (.text)
                  01010a70    0000009c     servo_PWM.obj (.text:setPWM_Extend)
                  01010b0c    0000009a     mqtt_release.a : client_core.oem4 (.text:procPubMsgRx)
                  01010ba6    00000002     --HOLE-- [fill = 0]
                  01010ba8    00000098     drivers_cc32xx.aem4 : PWMTimerCC32XX.oem4 (.text:PWMTimerCC32XX_setPeriod)
                  01010c40    00000098     uart_term.obj (.text:TrimSpace)
                  01010cd8    00000098     drivers_cc32xx.aem4 : GPIOCC32XX.oem4 (.text:powerNotifyFxn)
                  01010d70    00000098     servo_PWM.obj (.text:setPWM_Base)
                  01010e08    00000096     mqtt_release.a : mqtt_net_func.oem4 (.text:MQTTNet_tcpSelect)
                  01010e9e    00000096     rtsv7M4_T_le_eabi.lib : ull_div_t2.asm.obj (.text)
                  01010f34    00000094     simplelink.a : cc_pal.obj (.text:Semaphore_pend_handle)
                  01010fc8    00000094     drivers_cc32xx.aem4 : SPICC32XXDMA.oem4 (.text:initHw)
                  0101105c    00000094     freertos_builds_CC3220SF_LAUNCHXL_release_ccs.lib : tasks.obj (.text:vTaskStartScheduler)
                  010110f0    00000092     slnetsock_release.a : slnetsock.oem4 (.text:SlNetSock_create)
                  01011182    00000002     --HOLE-- [fill = 0]
                  01011184    00000090                         : slnetsock.oem4 (.text:SlNetSock_getVirtualSdConf)
                  01011214    00000090     simplelink.a : device.obj (.text:_SlDeviceHandleAsync_Stop)
                  010112a4    00000090                  : sl_socket.obj (.text:_SlSocketHandleAsync_Accept)
                  01011334    00000090     mqtt_release.a : mqttclient.oem4 (.text:processPublishRxCB)
                  010113c4    00000090     drivers_cc32xx.aem4 : PowerCC32XX.oem4 (.text:restoreNVICRegs)
                  01011454    0000008d     mqtt_client_app.obj (.text:DisplayBanner)
                  010114e1    00000003     --HOLE-- [fill = 0]
                  010114e4    0000008c     mqtt_release.a : client_core.oem4 (.text:MQTTClientCore_createCtx)
                  01011570    0000008c     slnetsock_release.a : slnetsock.oem4 (.text:SlNetSock_accept)
                  010115fc    0000008c     drivers_cc32xx.aem4 : UARTCC32XXDMA.oem4 (.text:UARTCC32XXDMA_write)
                  01011688    0000008c     simplelink.a : driver.obj (.text:_SlDrvDriverIsApiAllowed)
                  01011714    0000008c                  : driver.obj (.text:_SlDrvProtectAsyncRespSetting)
                  010117a0    0000008c     freertos_builds_CC3220SF_LAUNCHXL_release_ccs.lib : clock.obj (.text:_clock_gettimeMono)
                  0101182c    0000008c     simplelink.a : sl_socket.obj (.text:sl_Recv)
                  010118b8    00000088     drivers_cc32xx.aem4 : PWMTimerCC32XX.oem4 (.text:PWMTimerCC32XX_close)
                  01011940    00000088     driverlib.a : pin.obj (.text:PinConfigSet)
                  010119c8    00000088     drivers_cc32xx.aem4 : TimerCC32XX.oem4 (.text:TimerCC32XX_setPeriod)
                  01011a50    00000088     mqtt_release.a : client_core.oem4 (.text:procConnackRx)
                  01011ad8    00000088     freertos_builds_CC3220SF_LAUNCHXL_release_ccs.lib : timers.obj (.text:prvProcessTimerOrBlockTask)
                  01011b60    00000088     simplelink.a : eventreg.obj (.text:sl_UnregisterLibsEventHandler)
                  01011be8    00000088     mqtt_release.a : client_core.oem4 (.text:wrConnectPayload)
                  01011c70    00000086     rtsv7M4_T_le_eabi.lib : fd_cmp_t2.asm.obj (.text:__aeabi_cdcmple)
                  01011cf6    00000086                           : fd_cmp_t2.asm.obj (.text:__aeabi_cdrcmple)
                  01011d7c    00000084     mqtt_client_app.obj (.text:MqttClientThread)
                  01011e00    00000084     drivers_cc32xx.aem4 : PowerCC32XX.oem4 (.text:Power_init)
                  01011e84    00000084     slnetifwifi.a : slnetifwifi.obj (.text:SlNetIfWifi_sockstartSec)
                  01011f08    00000084     slnetsock_release.a : slnetutils.oem4 (.text:SlNetUtil_getHostByName)
                  01011f8c    00000084     mqtt_release.a : client_core.oem4 (.text:mqpSetupProcCtxDataRecv)
                  01012010    00000084     drivers_cc32xx.aem4 : PowerCC32XX.oem4 (.text:saveNVICRegs)
                  01012094    00000084     simplelink.a : sl_socket.obj (.text:sl_SetSockOpt)
                  01012118    00000084     freertos_builds_CC3220SF_LAUNCHXL_release_ccs.lib : timers.obj (.text:xTimerGenericCommand)
                  0101219c    00000080     drivers_cc32xx.aem4 : PowerCC32XX.oem4 (.text:Power_setDependency)
                  0101221c    00000080                         : UARTCC32XXDMA.oem4 (.text:UARTCC32XXDMA_read)
                  0101229c    00000080     mqtt_release.a : client_core.oem4 (.text:clCtxPartSend)
                  0101231c    00000080     freertos_builds_CC3220SF_LAUNCHXL_release_ccs.lib : timers.obj (.text:prvProcessExpiredTimer)
                  0101239c    0000007c     drivers_cc32xx.aem4 : UDMACC32XX.oem4 (.text:UDMACC32XX_open)
                  01012418    0000007c     mqtt_release.a : client_core.oem4 (.text:procCtxDataRecv)
                  01012494    0000007a     drivers_cc32xx.aem4 : UARTCC32XXDMA.oem4 (.text:UARTCC32XXDMA_readPolling)
                  0101250e    0000007a     freertos_builds_CC3220SF_LAUNCHXL_release_ccs.lib : mqueue.obj (.text:mq_receive)
                  01012588    0000007a                                                       : pthread.obj (.text:removeThreadKeys)
                  01012602    0000007a     rtsv7M4_T_le_eabi.lib : memset_t2.asm.obj (.text)
                  0101267c    0000007a     freertos_builds_CC3220SF_LAUNCHXL_release_ccs.lib : tasks.obj (.text:xTaskCreate)
                  010126f6    00000002     --HOLE-- [fill = 0]
                  010126f8    00000078     drivers_cc32xx.aem4 : GPIOCC32XX.oem4 (.text:GPIO_hwiIntFxn)
                  01012770    00000078     mqtt_release.a : mqtt_net_func.oem4 (.text:MQTTNet_recvFrom)
                  010127e8    00000078     drivers_cc32xx.aem4 : TimerCC32XX.oem4 (.text:TimerCC32XX_start)
                  01012860    00000078     rtsv7M4_T_le_eabi.lib : vla_alloc.c.obj (.text:_ZN33_INTERNAL_11_vla_alloc_c_be8bd49b21free_dead_allocationsEPv)
                  010128d8    00000078     freertos_builds_CC3220SF_LAUNCHXL_release_ccs.lib : timers.obj (.text:prvInsertTimerInActiveList)
                  01012950    00000078     simplelink.a : sl_socket.obj (.text:sl_Socket)
                  010129c8    00000076     debugIntercomponent.obj (.text:dbgOutputLoc)
                  01012a3e    00000002     --HOLE-- [fill = 0]
                  01012a40    00000074     mqtt_release.a : mqtt_net_func.oem4 (.text:MQTTNet_tcpAccept)
                  01012ab4    00000074     slnetsock_release.a : slnetsock.oem4 (.text:SlNetSock_AllocVirtualSocket)
                  01012b28    00000074     mqtt_release.a : client_core.oem4 (.text:groupCtxsRxPrep)
                  01012b9c    00000074     main_freertos.obj (.text:main)
                  01012c10    00000074     freertos_builds_CC3220SF_LAUNCHXL_release_ccs.lib : tasks.obj (.text:prvInitialiseTaskLists)
                  01012c84    00000074                                                       : pthread_mutex.obj (.text:pthread_mutex_init)
                  01012cf8    00000074                                                       : port.obj (.text:vPortValidateInterruptPriority)
                  01012d6c    00000072     mqtt_release.a : mqtt_common.oem4 (.text:MQTT_packetProcPubRx)
                  01012dde    00000002     --HOLE-- [fill = 0]
                  01012de0    00000070     slnetsock_release.a : slnetsock.oem4 (.text:SlNetSock_secAttribSet)
                  01012e50    00000070     simplelink.a : driver.obj (.text:_SlDrvCmdSend_noLock)
                  01012ec0    00000070     rtsv7M4_T_le_eabi.lib : vla_alloc.c.obj (.text:__vla_dealloc)
                  01012f30    00000070     freertos_builds_CC3220SF_LAUNCHXL_release_ccs.lib : ClockP_freertos.obj (.text:setClockObjTimeout)
                  01012fa0    0000006e     rtsv7M4_T_le_eabi.lib : _printfi.c.obj (.text:_mcpy)
                  0101300e    00000002     --HOLE-- [fill = 0]
                  01013010    0000006c     mqtt_release.a : mqttclient.oem4 (.text:MQTTClient_run)
                  0101307c    0000006c     slnetsock_release.a : slnetutils.oem4 (.text:SlNetUtil_str2BinIpV4)
                  010130e8    0000006c     simplelink.a : device.obj (.text:_SlDeviceHandleResetRequestInternally)
                  01013154    0000006c                  : sl_socket.obj (.text:_SlDrvOpenCtrlSocket)
                  010131c0    0000006c                  : netapp.obj (.text:_SlNetAppSendTokenValue)
                  0101322c    0000006a     mqtt_release.a : mqtt_net_func.oem4 (.text:MQTTNet_sendTo)
                  01013296    00000068                    : mqtt_common.oem4 (.text:MQTT_qos2PubCqUnlog)
                  010132fe    00000002     --HOLE-- [fill = 0]
                  01013300    00000068     drivers_cc32xx.aem4 : PWMTimerCC32XX.oem4 (.text:PWMTimerCC32XX_start)
                  01013368    00000068     simplelink.a : driver.obj (.text:_SlSpawnMsgListGetCount)
                  010133d0    00000068     rtsv7M4_T_le_eabi.lib : copy_decompress_lzss.c.obj (.text:decompress:lzss:__TI_decompress_lzss)
                  01013438    00000068     simplelink.a : cc_pal.obj (.text:spi_Open)
                  010134a0    00000066     freertos_builds_CC3220SF_LAUNCHXL_release_ccs.lib : timers.obj (.text:prvInitialiseNewTimer)
                  01013506    00000066                                                       : memory.obj (.text:realloc)
                  0101356c    00000066                                                       : list.obj (.text:vListInsert)
                  010135d2    00000002     --HOLE-- [fill = 0]
                  010135d4    00000064                                                       : ClockP_freertos.obj (.text:ClockP_stop)
                  01013638    00000064     mqtt_release.a : mqtt_common.oem4 (.text:MQTT_packetPubAppendTopic)
                  0101369c    00000064     drivers_cc32xx.aem4 : PowerCC32XX.oem4 (.text:PowerCC32XX_setParkState)
                  01013700    00000064     freertos_builds_CC3220SF_LAUNCHXL_release_ccs.lib : pthread_mutex.obj (.text:acquireMutex)
                  01013764    00000064     mqtt_release.a : client_core.oem4 (.text:clientReset)
                  010137c8    00000064                    : client_core.oem4 (.text:doNetClose)
                  0101382c    00000064     freertos_builds_CC3220SF_LAUNCHXL_release_ccs.lib : tasks.obj (.text:prvGetExpectedIdleTime)
                  01013890    00000060                                                       : HwiPCC32XX_freertos.obj (.text:HwiP_create)
                  010138f0    00000060     driverlib.a : prcm.obj (.text:PRCMSysResetCauseGet)
                  01013950    00000060     slnetsock_release.a : slnetsock.oem4 (.text:SlNetSock_recvFrom)
                  010139b0    00000060                         : slnetsock.oem4 (.text:SlNetSock_sendTo)
                  01013a10    00000060     drivers_cc32xx.aem4 : UARTCC32XXDMA.oem4 (.text:UARTCC32XXDMA_control)
                  01013a70    00000060     freertos_builds_CC3220SF_LAUNCHXL_release_ccs.lib : pthread_mutex.obj (.text:pthread_mutex_unlock)
                  01013ad0    00000060                                                       : queue.obj (.text:xQueueGenericCreate)
                  01013b30    0000005e     slnetifwifi.a : slnetifwifi.obj (.text:SlNetIfWifi_setSockOpt)
                  01013b8e    0000005e     freertos_builds_CC3220SF_LAUNCHXL_release_ccs.lib : semaphore.obj (.text:sem_timedwait)
                  01013bec    0000005c     drivers_cc32xx.aem4 : GPIOCC32XX.oem4 (.text:GPIO_setCallback)
                  01013c48    0000005c     mqtt_release.a : client_core.oem4 (.text:MQTTClientCore_exitLib)
                  01013ca4    0000005c                    : mqtt_net_func.oem4 (.text:MQTTNet_tcpListen)
                  01013d00    0000005c     simplelink.a : spawn.obj (.text:_SlInternalSpawn)
                  01013d5c    0000005c     freertos_builds_CC3220SF_LAUNCHXL_release_ccs.lib : memory.obj (.text:calloc)
                  01013db8    0000005c     rtsv7M4_T_le_eabi.lib : s_frexp.c.obj (.text:frexp)
                  01013e14    0000005c     freertos_builds_CC3220SF_LAUNCHXL_release_ccs.lib : tasks.obj (.text:prvIdleTask)
                  01013e70    0000005c                                                       : pthread.obj (.text:pthread_exit)
                  01013ecc    0000005c                                                       : queue.obj (.text:vQueueWaitForMessageRestricted)
                  01013f28    0000005c                                                       : tasks.obj (.text:vTaskDelay)
                  01013f84    00000058     drivers_cc32xx.aem4 : GPIOCC32XX.oem4 (.text:GPIO_write)
                  01013fdc    00000058     driverlib.a : interrupt.obj (.text:IntPendClear)
                  01014034    00000058                 : prcm.obj (.text:PRCMPeripheralReset)
                  0101408c    00000058     drivers_cc32xx.aem4 : PowerCC32XX.oem4 (.text:Power_releaseDependency)
                  010140e4    00000058     slnetsock_release.a : slnetsock.oem4 (.text:SlNetSock_recv)
                  0101413c    00000058                         : slnetsock.oem4 (.text:SlNetSock_send)
                  01014194    00000058     simplelink.a : sl_socket.obj (.text:_SlDrvClearCtrlSocket)
                  010141ec    00000058     mqtt_release.a : client_core.oem4 (.text:clRecv)
                  01014244    00000058     freertos_builds_CC3220SF_LAUNCHXL_release_ccs.lib : tasks.obj (.text:eTaskConfirmSleepModeStatus)
                  0101429c    00000058     mqtt_release.a : client_core.oem4 (.text:singleCtxKaSequence)
                  010142f4    00000058     simplelink.a : sl_socket.obj (.text:sl_Listen)
                  0101434c    00000058                  : eventreg.obj (.text:sl_RegisterLibsEventHandler)
                  010143a4    00000058     freertos_builds_CC3220SF_LAUNCHXL_release_ccs.lib : port.obj (.text:vPortSetupTimerInterrupt)
                  010143fc    00000058                                                       : queue.obj (.text:xQueueCreateCountingSemaphore)
                  01014454    00000058                                                       : queue.obj (.text:xQueueTakeMutexRecursive)
                  010144ac    00000056     mqtt_release.a : mqtt_common.oem4 (.text:MQTT_packetPubAppendData)
                  01014502    00000056     freertos_builds_CC3220SF_LAUNCHXL_release_ccs.lib : SemaphoreP_freertos.obj (.text:SemaphoreP_create)
                  01014558    00000056     drivers_cc32xx.aem4 : TimerCC32XX.oem4 (.text:TimerCC32XX_stop)
                  010145ae    00000056     rtsv7M4_T_le_eabi.lib : _printfi.c.obj (.text:_pconv_f)
                  01014604    00000056     mqtt_release.a : client_core.oem4 (.text:procAckMsgRx)
                  0101465a    00000002     --HOLE-- [fill = 0]
                  0101465c    00000054     freertos_builds_CC3220SF_LAUNCHXL_release_ccs.lib : ClockP_freertos.obj (.text:ClockP_delete)
                  010146b0    00000054     uart_term.obj (.text:InitTerm)
                  01014704    00000054     driverlib.a : interrupt.obj (.text:IntPrioritySet)
                  01014758    00000054     mqtt_release.a : client_core.oem4 (.text:MQTTClientCore_deleteCtx)
                  010147ac    00000054                    : client_core.oem4 (.text:MQTTClientCore_sendDisconn)
                  01014800    00000054     simplelink.a : driver.obj (.text:_SlDrvRxIrqHandler)
                  01014854    00000054     rtsv7M4_T_le_eabi.lib : _ltoa.c.obj (.text:__TI_ltoa)
                  010148a8    00000054     mqtt_release.a : client_core.oem4 (.text:grpNetSetupCreate)
                  010148fc    00000054     freertos_builds_CC3220SF_LAUNCHXL_release_ccs.lib : timers.obj (.text:xTimerCreateTimerTask)
                  01014950    00000052     drivers_cc32xx.aem4 : PowerCC32XX_asm.oem4 (.text:PowerCC32XX_resumeLPDS)
                  010149a2    00000052     rtsv7M4_T_le_eabi.lib : _printfi.c.obj (.text:_ecpy)
                  010149f4    00000052     drivers_cc32xx.aem4 : TimerCC32XX.oem4 (.text:initHw)
                  01014a46    00000002     --HOLE-- [fill = 0]
                  01014a48    00000050     mqtt_client_app.obj (.text:MQTT_SendMsgToQ)
                  01014a98    00000050     simplelink.a : cc_pal.obj (.text:NwpRegisterInterruptHandler)
                  01014ae8    00000050     slnetsock_release.a : slnetif.oem4 (.text:SlNetIf_queryIf)
                  01014b38    00000050     drivers_cc32xx.aem4 : TimerCC32XX.oem4 (.text:TimerCC32XX_allocateTimerResource)
                  01014b88    00000050                         : UARTCC32XXDMA.oem4 (.text:UARTCC32XXDMA_writePolling)
                  01014bd8    00000050     simplelink.a : sl_socket.obj (.text:_SlDrvCloseCtrlSocket)
                  01014c28    00000050                  : driver.obj (.text:_SlDrvCmdSend_noWait)
                  01014c78    00000050                  : driver.obj (.text:_SlDrvUpdateApiInProgress)
                  01014cc8    00000050                  : spawn.obj (.text:_SlInternalSpawnTaskEntry)
                  01014d18    00000050                  : eventreg.obj (.text:_SlNetAppHttpServerHdlr)
                  01014d68    00000050                  : eventreg.obj (.text:_SlNetAppRequestHdlr)
                  01014db8    00000050     mqtt_release.a : client_core.oem4 (.text:_procAckMsgRx)
                  01014e08    00000050     freertos_builds_CC3220SF_LAUNCHXL_release_ccs.lib : mqueue.obj (.text:mq_close)
                  01014e58    00000050                                                       : port.obj (.text:pxPortInitialiseStack)
                  01014ea8    00000050                                                       : semaphore.obj (.text:sem_init)
                  01014ef8    00000050     message_queue.obj (.text:sendTimerStatusfromISR)
                  01014f48    00000050     freertos_builds_CC3220SF_LAUNCHXL_release_ccs.lib : queue.obj (.text:xQueueGiveMutexRecursive)
                  01014f98    0000004e     mqtt_release.a : client_core.oem4 (.text:MQTTClientCore_registerWillInfo)
                  01014fe6    0000004e     drivers_cc32xx.aem4 : UARTCC32XXDMA.oem4 (.text:writeCancel)
                  01015034    0000004c                         : GPIOCC32XX.oem4 (.text:GPIO_enableInt)
                  01015080    0000004c     simplelink.a : cc_pal.obj (.text:NwpWaitForShutDownInd)
                  010150cc    0000004c     drivers_cc32xx.aem4 : PowerCC32XX.oem4 (.text:PowerCC32XX_parkPin)
                  01015118    0000004c     slnetifwifi.a : slnetifwifi.obj (.text:SlNetIfWifi_getConnectionStatus)
                  01015164    0000004c     slnetsock_release.a : slnetsock.oem4 (.text:SlNetSock_freeVirtualSocket)
                  010151b0    0000004c                         : slnetsock.oem4 (.text:SlNetSock_startSec)
                  010151fc    0000004c     mqtt_release.a : client_core.oem4 (.text:ack1WlMqpDispatch)
                  01015248    0000004c     rtsv7M4_T_le_eabi.lib : atoi.c.obj (.text:atoi)
                  01015294    0000004c     drivers_cc32xx.aem4 : PWMTimerCC32XX.oem4 (.text:getDutyCounts)
                  010152e0    0000004c                         : PWMTimerCC32XX.oem4 (.text:getPeriodCounts)
                  0101532c    0000004c     freertos_builds_CC3220SF_LAUNCHXL_release_ccs.lib : startup_cc32xx_ccs.obj (.text:initVectors)
                  01015378    0000004c     mqtt_release.a : client_core.oem4 (.text:loopbTrigger)
                  010153c4    0000004c     freertos_builds_CC3220SF_LAUNCHXL_release_ccs.lib : timers.obj (.text:prvCheckForValidListAndQueue)
                  01015410    0000004c                                                       : tasks.obj (.text:prvCheckTasksWaitingTermination)
                  0101545c    0000004c     drivers_cc32xx.aem4 : PowerCC32XX.oem4 (.text:restorePeriphClocks)
                  010154a8    0000004c     mqtt_release.a : client_core.oem4 (.text:singleCtxRxPrep)
                  010154f4    0000004c     simplelink.a : wlan.obj (.text:sl_WlanSetMode)
                  01015540    0000004c     rtsv7M4_T_le_eabi.lib : snprintf.c.obj (.text:snprintf)
                  0101558c    0000004c     freertos_builds_CC3220SF_LAUNCHXL_release_ccs.lib : port.obj (.text:vPortEnterCritical)
                  010155d8    0000004c                                                       : tasks.obj (.text:vTaskSetThreadLocalStoragePointer)
                  01015624    0000004a     mqtt_release.a : client_core.oem4 (.text:clCtxRecv)
                  0101566e    0000004a     drivers_cc32xx.aem4 : UARTCC32XXDMA.oem4 (.text:readCancel)
                  010156b8    00000048     driverlib.a : flash.obj (.text:FlashDisable)
                  01015700    00000048     freertos_builds_CC3220SF_LAUNCHXL_release_ccs.lib : HwiPCC32XX_freertos.obj (.text:HwiP_dispatch)
                  01015748    00000048     mqtt_release.a : mqttclient.oem4 (.text:MQTTClient_set)
                  01015790    00000048     mqtt_client_app.obj (.text:MQTT_SendMsgToQueue)
                  010157d8    00000048     driverlib.a : prcm.obj (.text:PRCMLPDSEnter)
                  01015820    00000048                 : prcm.obj (.text:PRCMPeripheralClkEnable)
                  01015868    00000048     drivers_cc32xx.aem4 : PowerCC32XX.oem4 (.text:Power_releaseConstraint)
                  010158b0    00000048     slnetsock_release.a : slnetsock.oem4 (.text:SlNetSock_connect)
                  010158f8    00000048                         : slnetsock.oem4 (.text:SlNetSock_init)
                  01015940    00000048                         : slnetsock.oem4 (.text:SlNetSock_setOpt)
                  01015988    00000048     simplelink.a : eventreg.obj (.text:_SlDeviceFatalErrorEvtHdlr)
                  010159d0    00000048                  : eventreg.obj (.text:_SlDeviceGeneralEvtHdlr)
                  01015a18    00000048                  : driver.obj (.text:_SlDrvBasicCmd)
                  01015a60    00000048                  : driver.obj (.text:_SlDrvSyncObjWaitTimeout)
                  01015aa8    00000048                  : eventreg.obj (.text:_SlNetAppEvtHdlr)
                  01015af0    00000048                  : eventreg.obj (.text:_SlNetAppRequestMemFree)
                  01015b38    00000048                  : eventreg.obj (.text:_SlSockEvtHdlr)
                  01015b80    00000048                  : eventreg.obj (.text:_SlWlanEvtHdlr)
                  01015bc8    00000048     mqtt_release.a : client_core.oem4 (.text:bufUTF8WrTry)
                  01015c10    00000048                    : client_core.oem4 (.text:clCtxSetup)
                  01015c58    00000048     rtsv7M4_T_le_eabi.lib : fd_toi_t2.asm.obj (.text)
                  01015ca0    00000048     freertos_builds_CC3220SF_LAUNCHXL_release_ccs.lib : sleep.obj (.text:sleep)
                  01015ce8    00000048                                                       : list.obj (.text:uxListRemove)
                  01015d30    00000048     mqtt_release.a : client_core.oem4 (.text:wrConnectVh)
                  01015d78    00000046     drivers_cc32xx.aem4 : TimerCC32XX.oem4 (.text:getPrescaler)
                  01015dbe    00000002     --HOLE-- [fill = 0]
                  01015dc0    00000044     mqtt_release.a : client_core.oem4 (.text:MQTTClientCore_run)
                  01015e04    00000044                    : mqtt_net_func.oem4 (.text:MQTTNet_tcpRecv)
                  01015e48    00000044                    : mqttclient.oem4 (.text:MqttClientCtxDelete)
                  01015e8c    00000044     driverlib.a : prcm.obj (.text:PRCMLPDSRestoreInfoSet)
                  01015ed0    00000044     drivers_cc32xx.aem4 : PWM.oem4 (.text:PWM_init)
                  01015f14    00000044                         : PowerCC32XX_asm.oem4 (.text:PowerCC32XX_enterLPDS)
                  01015f58    00000044                         : SPI.oem4 (.text:SPI_init)
                  01015f9c    00000044     slnetsock_release.a : slnetutils.oem4 (.text:SlNetUtil_strTok)
                  01015fe0    00000044     drivers_cc32xx.aem4 : Timer.oem4 (.text:Timer_init)
                  01016024    00000044                         : UART.oem4 (.text:UART_init)
                  01016068    00000044     rtsv7M4_T_le_eabi.lib : autoinit.c.obj (.text:__TI_auto_init_nobinit_nopinit:__TI_auto_init_nobinit_nopinit)
                  010160ac    00000044     freertos_builds_CC3220SF_LAUNCHXL_release_ccs.lib : queue.obj (.text:prvInitialiseNewQueue)
                  010160f0    00000044     ti_net_config.obj (.text:ti_net_SlNet_initConfig)
                  01016134    00000044     freertos_builds_CC3220SF_LAUNCHXL_release_ccs.lib : tasks.obj (.text:vTaskStepTick)
                  01016178    00000044     mqtt_release.a : client_core.oem4 (.text:vhMsgSend)
                  010161bc    00000042                    : mqtt_common.oem4 (.text:MQTT_packetBufRdRemlen)
                  010161fe    00000042     freertos_builds_CC3220SF_LAUNCHXL_release_ccs.lib : memory.obj (.text:malloc)
                  01016240    00000040     simplelink.a : sl_socket.obj (.text:CountSetBits)
                  01016280    00000040     network_if.obj (.text:InitializeAppVariables)
                  010162c0    00000040     mqtt_release.a : client_core.oem4 (.text:MQTTClientCore_registerCtxInfo)
                  01016300    00000040     drivers_cc32xx.aem4 : PWM.oem4 (.text:PWM_open)
                  01016340    00000040     driverlib.a : pin.obj (.text:PinModeSet)
                  01016380    00000040     drivers_cc32xx.aem4 : SPI.oem4 (.text:SPI_open)
                  010163c0    00000040     network_if.obj (.text:SimpleLinkGeneralEventHandler)
                  01016400    00000040     slnetsock_release.a : slnetsock.oem4 (.text:SlNetSock_bind)
                  01016440    00000040     drivers_cc32xx.aem4 : Timer.oem4 (.text:Timer_open)
                  01016480    00000040                         : UART.oem4 (.text:UART_open)
                  010164c0    00000040                         : UDMACC32XX.oem4 (.text:UDMACC32XX_init)
                  01016500    00000040     simplelink.a : driver.obj (.text:_SlDrvGlobalObjUnLock)
                  01016540    00000040                  : driver.obj (.text:_SlFindAndReleasePendingCmd)
                  01016580    00000040                  : spawn.obj (.text:_SlInternalSpawnWaitForEvent)
                  010165c0    00000040                  : eventreg.obj (.text:_SlIsEventRegistered)
                  01016600    00000040     freertos_builds_CC3220SF_LAUNCHXL_release_ccs.lib : aeabi_portable.obj (.text:__aeabi_errno_addr)
                  01016640    00000040     mqtt_release.a : mqttclient.oem4 (.text:_sl_ExtLib_ServerAckLockedWait)
                  01016680    00000040     mqtt_client_app.obj (.text:jsmn_alloc_token)
                  010166c0    00000040     mqtt_release.a : client_core.oem4 (.text:netConnect)
                  01016700    00000040     freertos_builds_CC3220SF_LAUNCHXL_release_ccs.lib : tasks.obj (.text:vTaskPlaceOnEventListRestricted)
                  01016740    00000040     rtsv7M4_T_le_eabi.lib : vsnprintf.c.obj (.text:vsnprintf)
                  01016780    0000003e     freertos_builds_CC3220SF_LAUNCHXL_release_ccs.lib : ClockP_freertos.obj (.text:ClockP_callbackFxn)
                  010167be    0000003e     mqtt_release.a : mqtt_common.oem4 (.text:MQTT_packetAckWlistRemove)
                  010167fc    0000003e                    : mqtt_common.oem4 (.text:MQTT_packetBufTailWrRemlen)
                  0101683a    0000003e     slnetsock_release.a : slnetsock.oem4 (.text:SlNetSock_close)
                  01016878    0000003e     simplelink.a : sl_socket.obj (.text:_SlSocketBuildAddress)
                  010168b6    0000003e     rtsv7M4_T_le_eabi.lib : _printfi.c.obj (.text:_fcpy)
                  010168f4    0000003e     mqtt_release.a : client_core.oem4 (.text:clCtxSeg1Send)
                  01016932    0000003e                    : client_core.oem4 (.text:procPingrspRx)
                  01016970    0000003e     freertos_builds_CC3220SF_LAUNCHXL_release_ccs.lib : pthread.obj (.text:pthread_setcancelstate)
                  010169ae    0000003e                                                       : semaphore.obj (.text:sem_post)
                  010169ec    0000003c     mqtt_release.a : client_core.oem4 (.text:MQTTClientCore_registerBuffers)
                  01016a28    0000003c                    : mqttclient.oem4 (.text:MQTTClient_disconnect)
                  01016a64    0000003c                    : mqtt_common.oem4 (.text:MQTT_qos2PubCqCheck)
                  01016aa0    0000003c     network_if.obj (.text:Network_IF_DisconnectFromAP)
                  01016adc    0000003c     driverlib.a : prcm.obj (.text:PRCMSlowClkCtrFastGet)
                  01016b18    0000003c     drivers_cc32xx.aem4 : PowerCC32XX.oem4 (.text:Power_setConstraint)
                  01016b54    0000003c     simplelink.a : netapp.obj (.text:_SlNetAppCopyPingResultsToReport)
                  01016b90    0000003c     dataTimer.obj (.text:configureDataTimer)
                  01016bcc    0000003c     mqtt_release.a : mqttclient.oem4 (.text:processDisconnCB)
                  01016c08    0000003c     freertos_builds_CC3220SF_LAUNCHXL_release_ccs.lib : queue.obj (.text:prvCopyDataFromQueue)
                  01016c44    0000003c                                                       : tasks.obj (.text:prvResetNextTaskUnblockTime)
                  01016c80    0000003c                                                       : tasks.obj (.text:pvTaskGetThreadLocalStoragePointer)
                  01016cbc    0000003c     mqtt_release.a : client_core.oem4 (.text:singleCtxRxPrepLocked)
                  01016cf8    0000003c                    : client_core.oem4 (.text:tailIncorpMsgID)
                  01016d34    0000003c     simplelink.a : sl_socket.obj (.text:to_mSec)
                  01016d70    0000003c     freertos_builds_CC3220SF_LAUNCHXL_release_ccs.lib : sleep.obj (.text:usleep)
                  01016dac    0000003c                                                       : list.obj (.text:vListInsertEnd)
                  01016de8    0000003c                                                       : timers.obj (.text:xTimerCreate)
                  01016e24    0000003c                                                       : timers.obj (.text:xTimerIsTimerActive)
                  01016e60    0000003a     slnetifwifi.a : slnetifwifi.obj (.text:SlNetIfWifi_getIPAddr)
                  01016e9a    0000003a     drivers_cc32xx.aem4 : TimerCC32XX.oem4 (.text:TimerCC32XX_close)
                  01016ed4    0000003a                         : PWMTimerCC32XX.oem4 (.text:getPowerMgrId)
                  01016f0e    0000003a     mqtt_release.a : mqtt_common.oem4 (.text:mqpProcVhMsgIdRx)
                  01016f48    00000038                    : client_core.oem4 (.text:MQTTClientCore_registerNetSvc)
                  01016f80    00000038                    : mqtt_common.oem4 (.text:MQTT_qos2PubCqLogup)
                  01016fb8    00000038     driverlib.a : prcm.obj (.text:PRCMLPDSEnterKeepDebugIf)
                  01016ff0    00000038     slnetifwifi.a : slnetifwifi.obj (.text:SlNetIfWifi_recvFrom)
                  01017028    00000038                   : slnetifwifi.obj (.text:SlNetIfWifi_sendTo)
                  01017060    00000038                   : slnetifwifi.obj (.text:SlNetIfWifi_socket)
                  01017098    00000038     slnetsock_release.a : slnetif.oem4 (.text:SlNetIf_configCheck)
                  010170d0    00000038                         : slnetsock.oem4 (.text:SlNetSock_listen)
                  01017108    00000038                         : slnetutils.oem4 (.text:SlNetUtil_htonl)
                  01017140    00000038     drivers_cc32xx.aem4 : TimerCC32XX.oem4 (.text:TimerCC32XX_hwiIntFunction)
                  01017178    00000038     mqtt_release.a : client_core.oem4 (.text:mqpAllocAtomic)
                  010171b0    00000038                    : client_core.oem4 (.text:netRecv)
                  010171e8    00000038     drivers_cc32xx.aem4 : PowerCC32XX.oem4 (.text:notify)
                  01017220    00000038     freertos_builds_CC3220SF_LAUNCHXL_release_ccs.lib : timers.obj (.text:prvGetNextExpireTime)
                  01017258    00000038                                                       : port.obj (.text:prvTaskExitError)
                  01017290    00000038     drivers_cc32xx.aem4 : UARTCC32XXDMA.oem4 (.text:startTxFifoEmptyClk)
                  010172c8    00000036     mqtt_release.a : mqtt_common.oem4 (.text:MQTT_packetPrepFh)
                  010172fe    00000036     slnetifwifi.a : slnetifwifi.obj (.text:SlNetIfWifi_getHostByName)
                  01017334    00000036                   : slnetifwifi.obj (.text:SlNetIfWifi_select)
                  0101736a    00000036     driverlib.a : timer.obj (.text:TimerControlStall)
                  010173a0    00000036     mqtt_release.a : client_core.oem4 (.text:_procPubRecRx)
                  010173d6    00000036     rtsv7M4_T_le_eabi.lib : strncpy.c.obj (.text:strncpy)
                  0101740c    00000034     driverlib.a : pin.obj (.text:PinModeGet)
                  01017440    00000034     drivers_cc32xx.aem4 : PowerCC32XX.oem4 (.text:PowerCC32XX_restoreParkState)
                  01017474    00000034     freertos_builds_CC3220SF_LAUNCHXL_release_ccs.lib : SemaphoreP_freertos.obj (.text:SemaphoreP_pend)
                  010174a8    00000034     slnetsock_release.a : slnetutils.oem4 (.text:SlNetUtil_htons)
                  010174dc    00000034     drivers_cc32xx.aem4 : TimerCC32XX.oem4 (.text:TimerCC32XX_freeTimerResource)
                  01017510    00000034                         : UDMACC32XX.oem4 (.text:UDMACC32XX_close)
                  01017544    00000034     freertos_builds_CC3220SF_LAUNCHXL_release_ccs.lib : mqueue.obj (.text:findInList)
                  01017578    00000034     drivers_cc32xx.aem4 : TimerCC32XX.oem4 (.text:getPowerMgrId)
                  010175ac    00000034     message_queue.obj (.text:getStatusofConfiguration)
                  010175e0    00000034     mqtt_release.a : client_core.oem4 (.text:groupCtxsKaSequence)
                  01017614    00000034                    : client_core.oem4 (.text:mqpFreeLocked)
                  01017648    00000034                    : client_core.oem4 (.text:procLoopbackRecv)
                  0101767c    00000034     freertos_builds_CC3220SF_LAUNCHXL_release_ccs.lib : timers.obj (.text:prvSampleTimeNow)
                  010176b0    00000034     message_queue.obj (.text:readDataReadQueueBlocking)
                  010176e4    00000034     freertos_builds_CC3220SF_LAUNCHXL_release_ccs.lib : tasks.obj (.text:vTaskPlaceOnEventList)
                  01017718    00000034     drivers_cc32xx.aem4 : UARTCC32XXDMA.oem4 (.text:writeFinishedDoCallback)
                  0101774c    00000032     mqtt_release.a : mqtt_common.oem4 (.text:MQTT_clCtxTimeoutInsert)
                  0101777e    00000032                    : client_core.oem4 (.text:connectedStateRx)
                  010177b0    00000032     uart_term.obj (.text:printString)
                  010177e2    00000030     drivers_cc32xx.aem4 : PowerCC32XX.oem4 (.text:PowerCC32XX_restoreParkedPin)
                  01017812    00000030     simplelink.a : fs.obj (.text:_SlFsStrlen)
                  01017842    00000030     rtsv7M4_T_le_eabi.lib : snprintf.c.obj (.text:_outs)
                  01017872    00000030                           : vsnprintf.c.obj (.text:_outs)
                  010178a2    00000030     mqtt_release.a : client_core.oem4 (.text:ack2MsgIdUnlog)
                  010178d2    00000002     --HOLE-- [fill = 0]
                  010178d4    00000030                    : client_core.oem4 (.text:clientDescInit)
                  01017904    00000030                    : mqttclient.oem4 (.text:getAvailableClictxMem)
                  01017934    00000030     mqtt_client_app.obj (.text:printBorder)
                  01017964    00000030     message_queue.obj (.text:sendToReadDataQueue)
                  01017994    00000030     message_queue.obj (.text:setStatusofConfiguration)
                  010179c4    00000030     softwareTimer.obj (.text:softwareTimerCallback)
                  010179f4    00000030     freertos_builds_CC3220SF_LAUNCHXL_release_ccs.lib : list.obj (.text:vListInitialise)
                  01017a24    00000030                                                       : port.obj (.text:vPortExitCritical)
                  01017a54    00000030                                                       : tasks.obj (.text:xTaskGetSchedulerState)
                  01017a84    0000002e     simplelink.a : cc_pal.obj (.text:Mutex_create_handle)
                  01017ab2    0000002e     freertos_builds_CC3220SF_LAUNCHXL_release_ccs.lib : timers.obj (.text:pvTimerGetTimerID)
                  01017ae0    0000002e     rtsv7M4_T_le_eabi.lib : i_tofd_t2.asm.obj (.text)
                  01017b0e    00000002     --HOLE-- [fill = 0]
                  01017b10    0000002c     freertos_builds_CC3220SF_LAUNCHXL_release_ccs.lib : HwiPCC32XX_freertos.obj (.text:HwiP_disable)
                  01017b3c    0000002c     simplelink.a : cc_pal.obj (.text:NwpPowerOn)
                  01017b68    0000002c     driverlib.a : prcm.obj (.text:PRCMLPDSIntervalSet)
                  01017b94    0000002c     drivers_cc32xx.aem4 : PowerCC32XX.oem4 (.text:PowerCC32XX_getParkState)
                  01017bc0    0000002c     freertos_builds_CC3220SF_LAUNCHXL_release_ccs.lib : SemaphoreP_freertos.obj (.text:SemaphoreP_createBinary)
                  01017bec    0000002c     slnetifwifi.a : slnetifwifi.obj (.text:SlNetIfWifi_recv)
                  01017c18    0000002c                   : slnetifwifi.obj (.text:SlNetIfWifi_send)
                  01017c44    0000002c     simplelink.a : driver.obj (.text:_SlDrvSyncObjWaitForever)
                  01017c70    0000002c     softwareTimer.obj (.text:configureSTimer)
                  01017c9c    0000002c     mqtt_release.a : client_core.oem4 (.text:doNetCloseRx)
                  01017cc8    0000002c     mqtt_client_app.obj (.text:jsmn_fill_token)
                  01017cf4    0000002c     freertos_builds_CC3220SF_LAUNCHXL_release_ccs.lib : pthread_mutex.obj (.text:pthread_mutexattr_settype)
                  01017d20    0000002c     mqtt_release.a : client_core.oem4 (.text:singleCtxAdjWaitSecsGet)
                  01017d4c    0000002c     freertos_builds_CC3220SF_LAUNCHXL_release_ccs.lib : tasks.obj (.text:vTaskSetApplicationTaskTag)
                  01017d78    0000002c                                                       : port.obj (.text:xPortSysTickHandler)
                  01017da4    0000002c                                                       : queue.obj (.text:xQueueCreateMutex)
                  01017dd0    0000002a     slnetsock_release.a : slnetutils.oem4 (.text:SlNetUtil_inetPton)
                  01017dfa    0000002a     driverlib.a : timer.obj (.text:TimerLoadSet)
                  01017e24    0000002a                 : timer.obj (.text:TimerPrescaleSet)
                  01017e4e    0000002a     drivers_cc32xx.aem4 : UARTCC32XXDMA.oem4 (.text:UARTCC32XXDMA_readCancel)
                  01017e78    0000002a                         : UARTCC32XXDMA.oem4 (.text:UARTCC32XXDMA_writeCancel)
                  01017ea2    0000002a     mqtt_release.a : client_core.oem4 (.text:ack2MsgIdDispatch)
                  01017ecc    0000002a                    : client_core.oem4 (.text:pingReqSend)
                  01017ef6    0000002a     freertos_builds_CC3220SF_LAUNCHXL_release_ccs.lib : queue.obj (.text:prvInitialiseMutex)
                  01017f20    0000002a     mqtt_release.a : client_core.oem4 (.text:txPartSetup)
                  01017f4a    0000002a     freertos_builds_CC3220SF_LAUNCHXL_release_ccs.lib : queue.obj (.text:uxQueueMessagesWaiting)
                  01017f74    00000028                                                       : HwiPCC32XX_freertos.obj (.text:HwiP_inISR)
                  01017f9c    00000028     mqtt_release.a : mqtt_common.oem4 (.text:MQTT_packetBufWrUtf8)
                  01017fc4    00000028     driverlib.a : prcm.obj (.text:PRCMLPDSWakeupSourceEnable)
                  01017fec    00000028                 : prcm.obj (.text:PRCMPeripheralClkDisable)
                  01018014    00000028     drivers_cc32xx.aem4 : PowerCC32XX.oem4 (.text:Power_registerNotify)
                  0101803c    00000028     slnetsock_release.a : slnetif.oem4 (.text:SlNetIf_getIfByID)
                  01018064    00000028                         : slnetsock.oem4 (.text:SlNetSock_sdsIsSet)
                  0101808c    00000028                         : slnetsock.oem4 (.text:SlNetSock_sdsSet)
                  010180b4    00000028                         : slnetsock.oem4 (.text:SlNetSock_secAttribDelete)
                  010180dc    00000028     simplelink.a : driver.obj (.text:_SlDrvProtectionObjLockWaitForever)
                  01018104    00000028                  : driver.obj (.text:_SlDrvProtectionObjUnLock)
                  0101812c    00000028                  : flowcont.obj (.text:_SlFlowContSet)
                  01018154    00000028     mqtt_release.a : client_core.oem4 (.text:_procPubRelRx)
                  0101817c    00000028                    : mqttclient.oem4 (.text:_sl_ExtLib_AwaitedAckLockedSet)
                  010181a4    00000028     message_queue.obj (.text:createQueue)
                  010181cc    00000028     rtsv7M4_T_le_eabi.lib : memmov.c.obj (.text:memmove)
                  010181f4    00000028     freertos_builds_CC3220SF_LAUNCHXL_release_ccs.lib : pthread.obj (.text:pthread_attr_setschedparam)
                  0101821c    00000028                                                       : semaphore.obj (.text:sem_trywait)
                  01018244    00000028     softwareTimer.obj (.text:startSoftwareTimer)
                  0101826c    00000028     freertos_builds_CC3220SF_LAUNCHXL_release_ccs.lib : tasks.obj (.text:xTaskGetApplicationTaskTag)
                  01018294    00000026     drivers_cc32xx.aem4 : List.oem4 (.text:List_put)
                  010182ba    00000026                         : List.oem4 (.text:List_remove)
                  010182e0    00000026     mqtt_release.a : mqtt_common.oem4 (.text:MQTT_clCtxRemove)
                  01018306    00000026     freertos_builds_CC3220SF_LAUNCHXL_release_ccs.lib : pthread.obj (.text:_pthread_cleanup_pop)
                  0101832c    00000026                                                       : queue.obj (.text:prvIsQueueFull)
                  01018352    00000002     --HOLE-- [fill = 0]
                  01018354    00000024     driverlib.a : interrupt.obj (.text:IntUnregister)
                  01018378    00000024     drivers_cc32xx.aem4 : PowerCC32XX.oem4 (.text:PowerCC32XX_reset)
                  0101839c    00000024     slnetsock_release.a : slnetif.oem4 (.text:SlNetIf_getConnectionStatus)
                  010183c0    00000024     simplelink.a : driver.obj (.text:_SlDrvIsApiInProgress)
                  010183e4    00000024                  : driver.obj (.text:_SlDrvStartMeasureTimeout)
                  01018408    00000024     rtsv7M4_T_le_eabi.lib : boot_cortex_m.c.obj (.text:_c_int00_noargs:_c_int00_noargs)
                  0101842c    00000024     mqtt_release.a : client_core.oem4 (.text:conn2usedCtxs)
                  01018450    00000024     freertos_builds_CC3220SF_LAUNCHXL_release_ccs.lib : queue.obj (.text:prvGetDisinheritPriorityAfterTimeout)
                  01018474    00000024     mqtt_release.a : client_core.oem4 (.text:recvHvecLoad)
                  01018498    00000024     freertos_builds_CC3220SF_LAUNCHXL_release_ccs.lib : semaphore.obj (.text:sem_getvalue)
                  010184bc    00000024     simplelink.a : wlan.obj (.text:sl_WlanDisconnect)
                  010184e0    00000024     freertos_builds_CC3220SF_LAUNCHXL_release_ccs.lib : queue.obj (.text:vQueueDelete)
                  01018504    00000024                                                       : tasks.obj (.text:vTaskInternalSetTimeOutState)
                  01018528    00000022     mqtt_release.a : mqtt_common.oem4 (.text:MQTT_packetProcMsgIdAckRx)
                  0101854a    00000022     freertos_builds_CC3220SF_LAUNCHXL_release_ccs.lib : SemaphoreP_freertos.obj (.text:SemaphoreP_post)
                  0101856c    00000022                                                       : pthread.obj (.text:pthread_attr_setdetachstate)
                  0101858e    00000002     --HOLE-- [fill = 0]
                  01018590    00000020                                                       : ClockP_freertos.obj (.text:ClockP_getCpuFreq)
                  010185b0    00000020                                                       : HwiPCC32XX_freertos.obj (.text:HwiP_restore)
                  010185d0    00000020     driverlib.a : interrupt.obj (.text:IntRegister)
                  010185f0    00000020     mqtt_release.a : mqtt_common.oem4 (.text:MQTT_qos2PubCqReset)
                  01018610    00000020     drivers_cc32xx.aem4 : PowerCC32XX.oem4 (.text:Power_unregisterNotify)
                  01018630    00000020     slnetifwifi.a : slnetifwifi.obj (.text:SlNetIfWifi_accept)
                  01018650    00000020     drivers_cc32xx.aem4 : SPICC32XXDMA.oem4 (.text:getPowerMgrId)
                  01018670    00000020                         : UARTCC32XXDMA.oem4 (.text:getPowerMgrId)
                  01018690    00000020     freertos_builds_CC3220SF_LAUNCHXL_release_ccs.lib : queue.obj (.text:prvIsQueueEmpty)
                  010186b0    00000020                                                       : semaphore.obj (.text:semaphorePend)
                  010186d0    00000020     mqtt_release.a : client_core.oem4 (.text:session311fix)
                  010186f0    0000001e     freertos_builds_CC3220SF_LAUNCHXL_release_ccs.lib : ClockP_freertos.obj (.text:ClockP_start)
                  0101870e    0000001e                                                       : HwiPCC32XX_freertos.obj (.text:HwiP_Params_init)
                  0101872c    0000001e     mqtt_release.a : client_core.oem4 (.text:MQTTClientCore_alloc)
                  0101874a    0000001e                    : client_core.oem4 (.text:MQTTClientCore_ctxRun)
                  01018768    0000001e     slnetifwifi.a : slnetifwifi.obj (.text:SlNetIfWifi_bind)
                  01018786    0000001e                   : slnetifwifi.obj (.text:SlNetIfWifi_connect)
                  010187a4    0000001e     driverlib.a : timer.obj (.text:TimerDisable)
                  010187c2    0000001e                 : timer.obj (.text:TimerEnable)
                  010187e0    0000001e     simplelink.a : driver.obj (.text:_SlDrvObjLockWaitForever)
                  010187fe    0000001e                  : driver.obj (.text:_SlDrvObjUnLock)
                  0101881c    0000001e                  : driver.obj (.text:_SlDrvSyncObjSignal)
                  0101883a    0000001e     freertos_builds_CC3220SF_LAUNCHXL_release_ccs.lib : pthread.obj (.text:_pthread_runStub)
                  01018858    0000001e     mqtt_client_app.obj (.text:jsmn_init)
                  01018876    0000001e     drivers_cc32xx.aem4 : UDMACC32XX.oem4 (.text:postNotifyFxn)
                  01018894    0000001e     mqtt_release.a : client_core.oem4 (.text:procNetDataRecv)
                  010188b2    0000001e                    : client_core.oem4 (.text:sessionDelete)
                  010188d0    0000001c     freertos_builds_CC3220SF_LAUNCHXL_release_ccs.lib : ClockP_freertos.obj (.text:ClockP_Params_init)
                  010188ec    0000001c     uart_term.obj (.text:Message)
                  01018908    0000001c     driverlib.a : pin.obj (.text:PinToPadGet)
                  01018924    0000001c     simplelink.a : device.obj (.text:_SlDeviceGetStartResponseConvert)
                  01018940    0000001c                  : spawn.obj (.text:_SlInternalIsItSpawnThread)
                  0101895c    0000001c     mqtt_release.a : client_core.oem4 (.text:awaitsPkts)
                  01018978    0000001c     debugIntercomponent.obj (.text:dbgStop)
                  01018994    0000001c     mqtt_release.a : client_core.oem4 (.text:doNetCloseTx)
                  010189b0    0000001c     rtsv7M4_T_le_eabi.lib : memccpy.c.obj (.text:memccpy)
                  010189cc    0000001c     mqtt_release.a : client_core.oem4 (.text:processRecv)
                  010189e8    0000001c     freertos_builds_CC3220SF_LAUNCHXL_release_ccs.lib : pthread.obj (.text:pthread_attr_init)
                  01018a04    0000001c                                                       : pthread_mutex.obj (.text:pthread_mutexattr_init)
                  01018a20    0000001c                                                       : tasks.obj (.text:pvTaskIncrementMutexHeldCount)
                  01018a3c    0000001c     mqtt_release.a : client_core.oem4 (.text:usedCtxsTOSort)
                  01018a58    0000001a                    : mqtt_common.oem4 (.text:MQTT_packetAckWlistPurge)
                  01018a72    0000001a     freertos_builds_CC3220SF_LAUNCHXL_release_ccs.lib : PTLS.obj (.text:PTLS_taskDeleteHook)
                  01018a8c    0000001a     slnetifwifi.a : slnetifwifi.obj (.text:SlNetIfWifi_listen)
                  01018aa6    0000001a     freertos_builds_CC3220SF_LAUNCHXL_release_ccs.lib : timers.obj (.text:prvTimerTask)
                  01018ac0    0000001a                                                       : pthread_mutex.obj (.text:pthread_mutex_destroy)
                  01018ada    00000018     mqtt_release.a : mqtt_common.oem4 (.text:MQTT_clCtxTimeoutUpdate)
                  01018af2    00000002     --HOLE-- [fill = 0]
                  01018af4    00000018     drivers_cc32xx.aem4 : PowerCC32XX.oem4 (.text:Power_idleFunc)
                  01018b0c    00000018                         : TimerCC32XX.oem4 (.text:TimerCC32XX_getCount)
                  01018b24    00000018     driverlib.a : timer.obj (.text:TimerIntDisable)
                  01018b3c    00000018                 : timer.obj (.text:TimerIntEnable)
                  01018b54    00000018                 : uart.obj (.text:UARTBusy)
                  01018b6c    00000018     drivers_cc32xx.aem4 : UART.oem4 (.text:UART_Params_init)
                  01018b84    00000018     rtsv7M4_T_le_eabi.lib : snprintf.c.obj (.text:_outc)
                  01018b9c    00000018                           : vsnprintf.c.obj (.text:_outc)
                  01018bb4    00000018     freertos_builds_CC3220SF_LAUNCHXL_release_ccs.lib : memory.obj (.text:free)
                  01018bcc    00000018     mqtt_release.a : client_core.oem4 (.text:groupCtxsAdjWaitSecsGet)
                  01018be4    00000018                    : client_core.oem4 (.text:netClCtxFind)
                  01018bfc    00000018     uart_term.obj (.text:putch)
                  01018c14    00000018     rtsv7M4_T_le_eabi.lib : ll_mul_t2.asm.obj (.text)
                  01018c2c    00000018     freertos_builds_CC3220SF_LAUNCHXL_release_ccs.lib : semaphore.obj (.text:sem_wait)
                  01018c44    00000018     rtsv7M4_T_le_eabi.lib : strcmp.c.obj (.text:strcmp)
                  01018c5c    00000018     dataTimer.obj (.text:timerCallback)
                  01018c74    00000018     uart_term.obj (.text:writeToUART)
                  01018c8c    00000016     freertos_builds_CC3220SF_LAUNCHXL_release_ccs.lib : ClockP_freertos.obj (.text:ClockP_setTimeout)
                  01018ca2    00000016     mqtt_release.a : mqtt_net_func.oem4 (.text:MQTTNet_commClose)
                  01018cb8    00000016                    : mqtt_common.oem4 (.text:MQTT_clCtxReset)
                  01018cce    00000016                    : mqtt_common.oem4 (.text:MQTT_packetFree)
                  01018ce4    00000016                    : mqtt_common.oem4 (.text:MQTT_packetInit)
                  01018cfa    00000016     driverlib.a : prcm.obj (.text:PRCMHIBRegRead)
                  01018d10    00000016                 : prcm.obj (.text:PRCMHIBRegWrite)
                  01018d26    00000016     freertos_builds_CC3220SF_LAUNCHXL_release_ccs.lib : PTLS.obj (.text:PTLS_getBuf)
                  01018d3c    00000016                                                       : PTLS.obj (.text:PTLS_setBuf)
                  01018d52    00000016                                                       : SemaphoreP_freertos.obj (.text:SemaphoreP_Params_init)
                  01018d68    00000016     simplelink.a : driver.obj (.text:_SlDrvMemZero)
                  01018d7e    00000002     --HOLE-- [fill = 0]
                  01018d80    00000016     freertos_builds_CC3220SF_LAUNCHXL_release_ccs.lib : startup_cc32xx_ccs.obj (.text:resetISR)
                  01018d96    00000016     rtsv7M4_T_le_eabi.lib : strchr.c.obj (.text:strchr)
                  01018dac    00000014     driverlib.a : cpu.obj (.text:CPUcpsie)
                  01018dc0    00000014                 : interrupt.obj (.text:IntVTableBaseSet)
                  01018dd4    00000014     mqtt_release.a : mqttclient.oem4 (.text:MQTTClient_publish)
                  01018de8    00000014                    : mqtt_net_func.oem4 (.text:MQTTNet_rtcSecs)
                  01018dfc    00000014                    : mqtt_common.oem4 (.text:MQTT_packetAckWlistAppend)
                  01018e10    00000014                    : mqtt_common.oem4 (.text:MQTT_packetReset)
                  01018e24    00000014     drivers_cc32xx.aem4 : PWM.oem4 (.text:PWM_Params_init)
                  01018e38    00000014                         : PowerCC32XX.oem4 (.text:Power_getDependencyCount)
                  01018e4c    00000014                         : SPI.oem4 (.text:SPI_Params_init)
                  01018e60    00000014     slnetsock_release.a : slnetsock.oem4 (.text:SlNetSock_sdsClrAll)
                  01018e74    00000014     mqtt_release.a : client_core.oem4 (.text:ack1WlRmfree)
                  01018e88    00000014     freertos_builds_CC3220SF_LAUNCHXL_release_ccs.lib : tasks.obj (.text:prvDeleteTCB)
                  01018e9c    00000014                                                       : pthread.obj (.text:pthread_attr_setstacksize)
                  01018eb0    00000014                                                       : pthread_mutex.obj (.text:pthread_mutex_lock)
[...]
0101736b  TimerControlStall                         
010173d7  strncpy                                   
0101740d  PinModeGet                                
01017441  PowerCC32XX_restoreParkState              
01017475  SemaphoreP_pend                           
010174a9  SlNetUtil_htons                           
010174a9  SlNetUtil_ntohs                           
010174dd  TimerCC32XX_freeTimerResource             
01017511  UDMACC32XX_close                          
010175ad  getStatusofConfiguration                  
010176b1  readDataReadQueueBlocking                 
010176e5  vTaskPlaceOnEventList                     
0101774d  MQTT_clCtxTimeoutInsert                   
010177b1  printString                               
010177e3  PowerCC32XX_restoreParkedPin              
01017935  printBorder                               
01017965  sendToReadDataQueue                       
01017995  setStatusofConfiguration                  
010179c5  softwareTimerCallback                     
010179f5  vListInitialise                           
01017a25  vPortExitCritical                         
01017a55  xTaskGetSchedulerState                    
01017a85  Mutex_create_handle                       
01017ab3  pvTimerGetTimerID                         
01017ae1  __aeabi_i2d                               
01017b11  HwiP_disable                              
01017b3d  NwpPowerOn                                
01017b69  PRCMLPDSIntervalSet                       
01017b95  PowerCC32XX_getParkState                  
01017bc1  SemaphoreP_createBinary                   
01017bed  SlNetIfWifi_recv                          
01017c19  SlNetIfWifi_send                          
01017c45  _SlDrvSyncObjWaitForever                  
01017c71  configureSTimer                           
01017cf5  pthread_mutexattr_settype                 
01017d4d  vTaskSetApplicationTaskTag                
01017d79  xPortSysTickHandler                       
01017da5  xQueueCreateMutex                         
01017dd1  SlNetUtil_inetPton                        
01017dfb  TimerLoadSet                              
01017e25  TimerPrescaleSet                          
01017e4f  UARTCC32XXDMA_readCancel                  
01017e79  UARTCC32XXDMA_writeCancel                 
01017f4b  uxQueueMessagesWaiting                    
01017f75  HwiP_inISR                                
01017f9d  MQTT_packetBufWrUtf8                      
01017fc5  PRCMLPDSWakeupSourceEnable                
01017fed  PRCMPeripheralClkDisable                  
01018015  Power_registerNotify                      
0101803d  SlNetIf_getIfByID                         
01018065  SlNetSock_sdsIsSet                        
0101808d  SlNetSock_sdsSet                          
010180b5  SlNetSock_secAttribDelete                 
010180dd  _SlDrvProtectionObjLockWaitForever        
01018105  _SlDrvProtectionObjUnLock                 
0101812d  _SlFlowContSet                            
0101817d  _sl_ExtLib_AwaitedAckLockedSet            
010181a5  createQueue                               
010181cd  memmove                                   
010181f5  pthread_attr_setschedparam                
0101821d  sem_trywait                               
01018245  startSoftwareTimer                        
0101826d  xTaskGetApplicationTaskTag                
01018295  List_put                                  
010182bb  List_remove                               
010182e1  MQTT_clCtxRemove                          
01018307  _pthread_cleanup_pop                      
01018355  IntUnregister                             
01018379  PowerCC32XX_reset                         
0101839d  SlNetIf_getConnectionStatus               
010183c1  _SlDrvIsApiInProgress                     
010183e5  _SlDrvStartMeasureTimeout                 
01018409  _c_int00_noargs                           
01018499  sem_getvalue                              
010184bd  sl_WlanDisconnect                         
010184e1  vQueueDelete                              
01018505  vTaskInternalSetTimeOutState              
01018529  MQTT_packetProcMsgIdAckRx                 
0101854b  SemaphoreP_post                           
0101856d  pthread_attr_setdetachstate               
01018591  ClockP_getCpuFreq                         
010185b1  HwiP_restore                              
010185d1  IntRegister                               
010185f1  MQTT_qos2PubCqReset                       
01018611  Power_unregisterNotify                    
01018631  SlNetIfWifi_accept                        
010186f1  ClockP_start                              
0101870f  HwiP_Params_init                          
0101872d  MQTTClientCore_alloc                      
0101874b  MQTTClientCore_ctxRun                     
01018769  SlNetIfWifi_bind                          
01018787  SlNetIfWifi_connect                       
010187a5  TimerDisable                              
010187c3  TimerEnable                               
010187e1  _SlDrvObjLockWaitForever                  
010187ff  _SlDrvObjUnLock                           
0101881d  _SlDrvSyncObjSignal                       
01018859  jsmn_init                                 
010188d1  ClockP_Params_init                        
010188ed  Message                                   
01018909  PinToPadGet                               
01018941  _SlInternalIsItSpawnThread                
01018979  dbgStop                                   
010189b1  memccpy                                   
010189e9  pthread_attr_init                         
01018a05  pthread_mutexattr_init                    
01018a21  pvTaskIncrementMutexHeldCount             
01018a59  MQTT_packetAckWlistPurge                  
01018a73  PTLS_taskDeleteHook                       
01018a8d  SlNetIfWifi_listen                        
01018ac1  pthread_mutex_destroy                     
01018adb  MQTT_clCtxTimeoutUpdate                   
01018af5  Power_idleFunc                            
01018b0d  TimerCC32XX_getCount                      
01018b25  TimerIntDisable                           
01018b3d  TimerIntEnable                            
01018b55  UARTBusy                                  
01018b6d  UART_Params_init                          
01018bb5  free                                      
01018bfd  putch                                     
01018c15  __aeabi_lmul                              
01018c2d  sem_wait                                  
01018c45  strcmp                                    
01018c5d  timerCallback                             
01018c75  writeToUART                               
01018c8d  ClockP_setTimeout                         
01018ca3  MQTTNet_commClose                         
01018cb9  MQTT_clCtxReset                           
01018ccf  MQTT_packetFree                           
01018ce5  MQTT_packetInit                           
01018cfb  PRCMHIBRegRead                            
01018d11  PRCMHIBRegWrite                           
01018d27  PTLS_getBuf                               
01018d3d  PTLS_setBuf                               
01018d53  SemaphoreP_Params_init                    
01018d69  _SlDrvMemZero                             
01018d81  resetISR                                  
01018d90  resetVectorAddr                           
01018d97  strchr                                    
01018dad  CPUcpsie                                  
01018dc1  IntVTableBaseSet                          
01018dd5  MQTTClient_publish                        
01018de9  MQTTNet_rtcSecs                           
01018dfd  MQTT_packetAckWlistAppend                 
01018e11  MQTT_packetReset                          
01018e25  PWM_Params_init                           
01018e39  Power_getDependencyCount                  
01018e4d  SPI_Params_init                           
01018e61  SlNetSock_sdsClrAll                       
01018e9d  pthread_attr_setstacksize                 
01018eb1  pthread_mutex_lock                        
01018ec5  pthread_self                              
01018ed9  sem_destroy                               
01018eed  strcpy                                    
01018f01  strlen                                    
01018f3d  vPortSuppressTicksAndSleep                
01018f51  xTaskGetCurrentTaskHandle                 
01018f65  xTaskGetTickCount                         
01018f79  HwiP_delete                               
01018f8b  SlNetIfWifi_close                         
01018f9d  TimerIntClear                             
01018fe5  wcslen                                    
01018ff7  Board_init                                
01019007  ClockP_getSystemTickPeriod                
01019017  MQTTClientCore_sendUnsubMsg               
01019027  SlNetSock_secAttribCreate                 
01019039  SysTickDisable                            
01019049  SysTickEnable                             
01019059  Timer_Params_init                         
01019069  _SlDrvDispatchHttpServerEvents            
01019079  _SlDrvDispatchNetAppRequestEvents         
01019089  _SlDrvIsSpawnOwnGlobalLock                
01019099  checkIfTimerActive                        
010190f9  vListInitialiseItem                       
01019109  vTaskSuspendAll                           
01019119  MQTTClient_subscribe                      
01019127  MQTTClient_unsubscribe                    
01019135  Power_getTransitionLatency                
01019143  _SlDrvResetCmdExt                         
01019151  _sl_ExtLib_AwaitedAckSet                  
0101916d  __TI_decompress_none                      
01019189  spi_Close                                 
01019197  CPUwfi                                    
010191a3  HwiP_clearInterrupt                       
010191af  HwiP_disableInterrupt                     
010191bb  HwiP_enableInterrupt                      
010191c7  MQTTClientCore_sendConnectMsg             
010191d3  MQTT_secureConnStructInit                 
010191e1  Network_IF_ResetMCUStateMachine           
010191ed  NwpMaskInterrupt                          
010191f9  NwpUnMaskInterrupt                        
01019205  Power_getConstraintMask                   
01019211  SemaphoreP_delete                         
0101921d  SimpleLinkHttpServerEventHandler          
01019229  SimpleLinkNetAppRequestEventHandler       
01019235  _SlDeviceResetRequestInitCompletedCB      
0101924d  copysign                                  
0101924d  copysignl                                 
01019259  __TI_zero_init                            
0101927d  uDMAErrorStatusClear                      
01019289  uDMAErrorStatusGet                        
01019295  vTaskMissedYield                          
010192a1  IntMasterEnable                           
010192ab  PWM_setDuty                               
010192b5  PWM_start                                 
010192bf  SPI_close                                 
010192c9  SPI_transfer                              
010192d3  SimpleLinkNetAppRequestMemFreeEventHandler
010192dd  Timer_start                               
010192e7  UART_control                              
010192f1  UART_readPolling                          
010192fb  UART_write                                
01019305  UART_writePolling                         
0101930f  sl_Task                                   
01019319  vApplicationStackOverflowHook             
01019323  ClockP_getSystemTicks                     
0101932b  MQTTClientCore_sendSubMsg                 
01019333  MQTTNet_tcpSend                           
0101933b  PRCMSleepEnter                            
01019343  TimerGetCurrentTimestamp                  
0101936b  PWMTimerCC32XX_control                    
01019371  SPICC32XXDMA_control                      
01019377  TimerCC32XX_control                       
0101937d  UtilsDelay                                
0101939b  SPICC32XXDMA_init                         
0101939f  SlNetIf_init                              
010193a3  SlNetUtil_init                            
010193a7  __abort_execution                         
010193ab  _system_pre_init                          
010193af  C$$EXIT                                   
010193af  abort                                     
010193bc  _ctypes_                                  
010197f8  spiCC32XXDMAHWAttrs                       
01019870  OpcodeTranslateTable                      
010198e0  _SlActionLookupTable                      
01019930  PowerCC32XX_config                        
01019970  PWM_config                                
010199a0  UARTCC32XXDMA_fxnTable                    
010199c8  PWMTimerCC32XX_fxnTable                   
010199ec  UART_defaultParams                        
01019a78  SPI_defaultParams                         
01019ab8  TimerCC32XX_fxnTable                      
01019af8  Display_count                             
01019af9  CONFIG_Crypto_0_CONST                     
01019afa  CryptoCC32XX_count                        
01019afb  CONFIG_GPIO_P15_BIT_1_CONST               
01019afc  CONFIG_GPIO_P63_BIT_2_CONST               
01019afd  CONFIG_GPIO_P50_BIT_3_CONST               
01019afe  CONFIG_GPIO_P53_BIT_4_CONST               
01019aff  CONFIG_GPIO_P18_BIT_5_CONST               
01019b00  CONFIG_GPIO_P03_BIT_6_CONST               
01019b01  CONFIG_GPIO_P61_BIT_7_CONST               
01019b02  CONFIG_GPIO_P62_BIT_8_CONST               
01019b03  CONFIG_PWM_0_CONST                        
01019b04  CONFIG_PWM_1_CONST                        
01019b05  CONFIG_PWM_2_CONST                        
01019b06  CONFIG_PWM_3_CONST                        
01019b07  PWM_count                                 
01019b08  CONFIG_SPI_0_CONST                        
01019b09  CONFIG_NWP_SPI_CONST                      
01019b0a  SPI_count                                 
01019b0b  CONFIG_TIMER_0_CONST                      
01019b0c  Timer_count                               
01019b0d  CONFIG_UART_0_CONST                       
01019b0e  UART_count                                
01019b0f  CONFIG_WATCHDOG_0_CONST                   
01019b10  Watchdog_count                            
01019b14  PWM_defaultParams                         
01019b2c  SPICC32XXDMA_fxnTable                     
01019b44  SPI_config                                
01019c74  GPIOCC32XX_config                         
01019d48  pwmTimerCC32XXHWAttrs                     
01019d78  timerCC32XXHWAttrs                        
01019d88  Timer_config                              
01019d94  UART_config                               
01019dd0  udmaCC3220SHWAttrs                        
01019dec  UDMACC32XX_config                         
01019df4  ulMaxSyscallInterruptPriority             
01019e14  outPinTypes                               
01019e32  inPinTypes                                
01019e38  outPinStrengths                           
01019e7c  _SlNetAppSendResponseCmdCtrl              
01019e80  _SlNetAppSendTokenValueCmdCtrl            
01019eb8  __TI_static_base__                        
0101a090  __TI_Handler_Table_Base                   
0101a09c  __TI_Handler_Table_Limit                  
0101a0a8  __TI_CINIT_Base                           
0101a0b8  __TI_CINIT_Limit                          
20000000  __start___llvm_prf_cnts                   
20000000  __stop___llvm_prf_cnts                    
20009000  g_CB                                      
200093fc  clients                                   
200096ac  PowerCC32XX_contextSave                   
20009970  pwmTimerCC32XXObjects                     
20009a00  spiCC32XXDMAObjects                       
20009b08  uartCC32XXObjects0                        
20009bf4  timerCC32XXObjects                        
20009c58  GlobalLockObj                             
20009c84  g_SlInternalSpawnCB                       
20009cac  g_ucConnectionSSID                        
20009d0c  ReadData                                  
20009d40  params                                    
20009e0c  MQTTClient_Lib_CB                         
20009e1c  currentStatus                             
20009e2c  DeviceCB                                  
20009e38  MqttClientExmple_params                   
20009e44  Msg                                       
20009e70  g_ucConnectionBSSID                       
20009e78  spiCC32XXSDMAscratchBuf                   
20009e80  udmaCC3220SObject                         
20009e9c  arm_status                                
20009ea0  camera_report                             
20009ea4  g_JBQueue                                 
20009ea8  g_PBQueue                                 
20009eac  MQTTClient_waitSecs                       
20009eae  g_usConnectIndex                          
20009eb0  RxIrqCnt                                  
20009eb4  HwiP_dispatchTable                        
2000a6b4  PowerCC32XX_module                        
2000a820  parkInfo                                  
2000a918  gApConnectionState                        
2000a91c  gInitState                                
2000a920  memPtrCounterfree                         
2000a924  gResetApplication                         
2000a928  g_rx_task_hndl                            
2000a92c  gUiConnFlag                               
2000a930  ClientUsername                            
2000a934  ClientPassword                            
2000a938  publish_topic1                            
2000a93c  publish_topic2                            
2000a940  mqttThread                                
2000a944  appThread                                 
2000a99c  SlNetIfConfigWifi                         
2000aa29  lineBreak                                 
2000aa2c  pxCurrentTCB                              
2000aa60  MQTTClient_net                            
2000aa88  g_LibsEvents                              
2000aaac  g_UserEvents                              
2000aad0  gpioCallbackFunctions                     
2000aaf0  gpioPinConfigs                            
2000ab10  Mqtt_ClientCtx                            
2000ab7c  ClientId                                  
2000ab89  qos                                       
2000ab8c  SecurityParams                            
2000abb0  g_ulStaIp                                 
2000abb4  g_ulGatewayIP                             
2000abb8  g_ulStatus                                
2000abbc  gGlobalLockCntRequested                   
2000abbd  gGlobalLockCntReleased                    
2000abbe  g_SlDeviceStatus                          
2000abc0  g_pCB                                     
2000abc4  pPingCallBackFunc                         
2000abc8  will_param                                
2000abec  MQTTClient_closeContext                   
2000abf0  MQTTClient_clientContext                  
2000abf4  MQTTClient_multiSrvConn                   
2000abf8  MQTTClient_clientCfg                      
2000ac20  topic                                     
2000ac30  MQTTClient_connectCfg                     
2000ac48  g_intHandle                               
2003fc00  __stack                                   
20040000  __STACK_END                               
ffffffff  __TI_pprof_out_hndl                       
ffffffff  __TI_prof_data_size                       
ffffffff  __TI_prof_data_start                      
ffffffff  __binit__                                 
ffffffff  __c_args__                                
ffffffff  binit                                     
UNDEFED   __mpu_init                                
UNDEFED   _system_post_cinit                        

[765 symbols]
