******************************************************************************
                  TI ARM Linker PC v20.2.0                     
******************************************************************************
>> Linked Mon Aug 10 13:31:33 2020

OUTPUT FILE NAME:   <Full_Component_MQTT.out>
ENTRY POINT SYMBOL: "resetISR"  address: 01018ead


MEMORY CONFIGURATION

         name            origin    length      used     unused   attr    fill
----------------------  --------  ---------  --------  --------  ----  --------
  FLASH_HDR             01000000   000007ff  00000000  000007ff  R  X
  FLASH                 01000800   000ff800  000199d8  000e5e28  R  X
  SRAM                  20000000   00040000  0000af55  000350ab  RW X


SEGMENT ALLOCATION MAP

run origin  load origin   length   init length attrs members
----------  ----------- ---------- ----------- ----- -------
01000800    01000800    000199e0   000199e0    r-x
  01000800    01000800    00000040   00000040    r-- .resetVecs
  01000840    01000840    00018ca6   00018ca6    r-x .text
  010194e8    010194e8    00000afa   00000afa    r-- .const
  01019fe8    01019fe8    000001f8   000001f8    r-- .cinit
20000400    20000400    0000a84c   00000000    rw-
  20000400    20000400    00009ab1   00000000    rw- .bss
  20009eb4    20009eb4    00000d98   00000000    rw- .data
2003fc00    2003fc00    00000400   00000000    rw-
  2003fc00    2003fc00    00000400   00000000    rw- .stack


SECTION ALLOCATION MAP

 output                                  attributes/
section   page    origin      length       input sections
--------  ----  ----------  ----------   ----------------
.resetVecs 
*          0    01000800    00000040     
                  01000800    00000040     freertos_builds_CC3220SF_LAUNCHXL_release_ccs.lib : startup_cc32xx_ccs.obj (.resetVecs:retain)

.text      0    01000840    00018ca6     
                  01000840    00000a4e     rtsv7M4_T_le_eabi.lib : _printfi.c.obj (.text:__TI_printfi)
                  0100128e    00000002     ti_drivers_config.obj (.text:Board_initHook)
                  01001290    000008cc     simplelink.a : driver.obj (.text:_SlDrvMsgRead)
                  01001b5c    000004bc                  : sl_socket.obj (.text:_SlSocketHandleAsync_Select)
                  01002018    0000042c     driverlib.a : prcm.obj (.text:PRCMCC3200MCUInit)
                  01002444    000003fc     mqtt_client_app.obj (.text:dropOff)
                  01002840    000003d4     mqtt_client_app.obj (.text:pickUp)
                  01002c14    00000384     simplelink.a : driver.obj (.text:_SlDrvMsgWrite)
                  01002f98    00000320     network_if.obj (.text:Network_IF_ConnectAP)
                  010032b8    0000031c     mqtt_client_app.obj (.text:jsmn_parse)
                  010035d4    00000314     mqtt_client_app.obj (.text:Mqtt_start)
                  010038e8    00000310     mqtt_client_app.obj (.text:ReceiveClient)
                  01003bf8    000002e0     simplelink.a : driver.obj (.text:_SlDrvWaitForPoolObj)
                  01003ed8    000002d8                  : driver.obj (.text:_SlDrvRxHdrRead)
                  010041b0    000002b4     mqtt_client_app.obj (.text:MqttClient_start)
                  01004464    000002b4     simplelink.a : sl_socket.obj (.text:sl_Select)
                  01004718    00000294                  : driver.obj (.text:_SlDrvReleasePoolObj)
                  010049ac    0000028d     network_if.obj (.text:SimpleLinkSockEventHandler)
                  01004c39    00000001     --HOLE-- [fill = 0]
                  01004c3a    00000002     driverlib.a : interrupt.obj (.text:IntDefaultHandler)
                  01004c3c    00000284     client_cbs.obj (.text:MqttClientCallback)
                  01004ec0    0000027c     simplelink.a : wlan.obj (.text:sl_WlanConnect)
                  0100513c    00000278     freertos_builds_CC3220SF_LAUNCHXL_release_ccs.lib : mqueue.obj (.text:mq_open)
                  010053b4    00000268     rtsv7M4_T_le_eabi.lib : _printfi.c.obj (.text:_pconv_a)
                  0100561c    00000264     network_if.obj (.text:Network_IF_InitDriver)
                  01005880    0000025c     simplelink.a : driver.obj (.text:_SlDrvDataReadOp)
                  01005adc    00000254     mqtt_client_app.obj (.text:mainThread)
                  01005d30    00000234     mqtt_client_app.obj (.text:DisplayAppBanner)
                  01005f64    00000224     simplelink.a : driver.obj (.text:_SlDrvDriverCBInit)
                  01006188    00000218                  : driver.obj (.text:_SlDrvDataWriteOp)
                  010063a0    0000020c     drivers_cc32xx.aem4 : UARTCC32XXDMA.oem4 (.text:UARTCC32XXDMA_open)
                  010065ac    000001f4     simplelink.a : driver.obj (.text:_SlDrvMsgReadCmdCtx)
                  010067a0    000001f2                  : netapp.obj (.text:_SlNetAppEventHandler)
                  01006992    00000002     drivers_cc32xx.aem4 : PWMTimerCC32XX.oem4 (.text:PWMTimerCC32XX_init)
                  01006994    000001e4                         : GPIOCC32XX.oem4 (.text:GPIO_setConfig)
                  01006b78    000001e1     network_if.obj (.text:SimpleLinkFatalErrorEventHandler)
                  01006d59    00000001     --HOLE-- [fill = 0]
                  01006d5a    00000002     freertos_builds_CC3220SF_LAUNCHXL_release_ccs.lib : PowerCC32XX_freertos.obj (.text:PowerCC32XX_initPolicy)
                  01006d5c    000001d8     network_if.obj (.text:SimpleLinkWlanEventHandler)
                  01006f34    000001d0     drivers_cc32xx.aem4 : SPICC32XXDMA.oem4 (.text:SPICC32XXDMA_transfer)
                  01007104    000001d0     freertos_builds_CC3220SF_LAUNCHXL_release_ccs.lib : queue.obj (.text:xQueueSemaphoreTake)
                  010072d4    000001cc     rtsv7M4_T_le_eabi.lib : _printfi.c.obj (.text:_pconv_g)
                  010074a0    000001c8     simplelink.a : device.obj (.text:sl_Stop)
                  01007668    000001b8     drivers_cc32xx.aem4 : SPICC32XXDMA.oem4 (.text:configDMA)
                  01007820    000001b8     freertos_builds_CC3220SF_LAUNCHXL_release_ccs.lib : queue.obj (.text:xQueueGenericSend)
                  010079d8    000001b6     rtsv7M4_T_le_eabi.lib : fd_add_t2.asm.obj (.text)
                  01007b8e    00000002     drivers_cc32xx.aem4 : TimerCC32XX.oem4 (.text:TimerCC32XX_init)
                  01007b90    000001b4     simplelink.a : driver.obj (.text:_SlDrvReleaseAllActivePendingPoolObj)
                  01007d44    000001b0     freertos_builds_CC3220SF_LAUNCHXL_release_ccs.lib : PowerCC32XX_freertos.obj (.text:PowerCC32XX_sleepPolicy)
                  01007ef4    000001a8     simplelink.a : sl_socket.obj (.text:sl_Accept)
                  0100809c    00000198     slnetsock_release.a : slnetsock.oem4 (.text:SlNetSock_select)
                  01008234    00000190     simplelink.a : sl_socket.obj (.text:_SlDrvRegisterForSelectAsync)
                  010083c4    0000018c     mqtt_client_app.obj (.text:jsmn_parse_string)
                  01008550    00000184     simplelink.a : driver.obj (.text:_SlDrvFindAndSetActiveObj)
                  010086d4    00000180     network_if.obj (.text:SimpleLinkNetAppEventHandler)
                  01008854    0000017c     freertos_builds_CC3220SF_LAUNCHXL_release_ccs.lib : heap_4.obj (.text:pvPortMalloc)
                  010089d0    0000017c                                                       : queue.obj (.text:xQueueReceive)
                  01008b4c    00000178     simplelink.a : sl_socket.obj (.text:sl_Connect)
                  01008cc4    00000170                  : netapp.obj (.text:sl_NetAppDnsGetHostByName)
                  01008e34    00000164     freertos_builds_CC3220SF_LAUNCHXL_release_ccs.lib : timers.obj (.text:prvProcessReceivedCommands)
                  01008f98    00000160     mqtt_release.a : mqtt_net_func.oem4 (.text:createSocket)
                  010090f8    00000158     drivers_cc32xx.aem4 : SPICC32XXDMA.oem4 (.text:SPICC32XXDMA_open)
                  01009250    00000158     freertos_builds_CC3220SF_LAUNCHXL_release_ccs.lib : tasks.obj (.text:xTaskIncrementTick)
                  010093a8    00000154     mqtt_release.a : mqttclient.oem4 (.text:MQTTClient_connect)
                  010094fc    00000154     simplelink.a : sl_socket.obj (.text:sl_RecvFrom)
                  01009650    00000150     mqtt_client_app.obj (.text:robotArmThread)
                  010097a0    0000014c     rtsv7M4_T_le_eabi.lib : vla_alloc.c.obj (.text:__vla_alloc)
                  010098ec    00000148     simplelink.a : sl_socket.obj (.text:_SlDrvGetNextTimeoutValue)
                  01009a34    00000148     drivers_cc32xx.aem4 : PowerCC32XX.oem4 (.text:parkPins)
                  01009b7c    00000148     simplelink.a : sl_socket.obj (.text:sl_StartTLS)
                  01009cc4    00000140     drivers_cc32xx.aem4 : PWMTimerCC32XX.oem4 (.text:PWMTimerCC32XX_setDutyAndPeriod)
                  01009e04    00000140     simplelink.a : driver.obj (.text:_SlDrvMsgReadSpawnCtx)
                  01009f44    0000013c                  : driver.obj (.text:_SlDrvDriverCBDeinit)
                  0100a080    0000013c     rtsv7M4_T_le_eabi.lib : _printfi.c.obj (.text:_pconv_e)
                  0100a1bc    0000013c     servo_PWM.obj (.text:configurePWM)
                  0100a2f8    00000138     mqtt_client_app.obj (.text:MqttClient)
                  0100a430    00000138     drivers_cc32xx.aem4 : PowerCC32XX.oem4 (.text:Power_sleep)
                  0100a568    00000138     simplelink.a : driver.obj (.text:_SlSpawnMsgListInsert)
                  0100a6a0    00000138     freertos_builds_CC3220SF_LAUNCHXL_release_ccs.lib : pthread.obj (.text:pthread_create)
                  0100a7d8    00000136     rtsv7M4_T_le_eabi.lib : fd_div_t2.asm.obj (.text)
                  0100a90e    00000002     drivers_cc32xx.aem4 : UARTCC32XXDMA.oem4 (.text:UARTCC32XXDMA_init)
                  0100a910    00000134     simplelink.a : sl_socket.obj (.text:_SlSocketHandleAsync_StartTLS)
                  0100aa44    00000128     drivers_cc32xx.aem4 : TimerCC32XX.oem4 (.text:TimerCC32XX_open)
                  0100ab6c    00000128     simplelink.a : driver.obj (.text:_SlDrvClassifyRxMsg)
                  0100ac94    00000128     freertos_builds_CC3220SF_LAUNCHXL_release_ccs.lib : tasks.obj (.text:prvInitialiseNewTask)
                  0100adbc    00000124     simplelink.a : fs.obj (.text:sl_FsOpen)
                  0100aee0    00000120                  : driver.obj (.text:_SlDrvAsyncEventGenericHandler)
                  0100b000    00000120     rtsv7M4_T_le_eabi.lib : _printfi.c.obj (.text:fcvt)
                  0100b120    0000011c     simplelink.a : device.obj (.text:sl_Start)
                  0100b23c    0000011c     freertos_builds_CC3220SF_LAUNCHXL_release_ccs.lib : tasks.obj (.text:xTaskResumeAll)
                  0100b358    00000118     simplelink.a : netapp.obj (.text:_SlNetAppHandleAsync_DnsGetHostByService)
                  0100b470    00000112     mqtt_release.a : mqtt_common.oem4 (.text:MQTT_PacketRecv)
                  0100b582    00000002     freertos_builds_CC3220SF_LAUNCHXL_release_ccs.lib : startup_cc32xx_ccs.obj (.text:busFaultHandler)
                  0100b584    00000110     rtsv7M4_T_le_eabi.lib : strtoul.c.obj (.text:strtoul)
                  0100b694    0000010a     uart_term.obj (.text:Report)
                  0100b79e    0000010a     freertos_builds_CC3220SF_LAUNCHXL_release_ccs.lib : queue.obj (.text:xQueueGenericSendFromISR)
                  0100b8a8    00000108     slnetsock_release.a : slnetutils.oem4 (.text:SlNetUtil_str2BinIpV6)
                  0100b9b0    00000104     mqtt_client_app.obj (.text:Mqtt_IF_Connect)
                  0100bab4    00000104     simplelink.a : device.obj (.text:_SlDeviceEventHandler)
                  0100bbb8    00000104                  : driver.obj (.text:_SlDrvCmdOp)
                  0100bcbc    00000104     freertos_builds_CC3220SF_LAUNCHXL_release_ccs.lib : tasks.obj (.text:vTaskPriorityDisinheritAfterTimeout)
                  0100bdc0    00000100     simplelink.a : driver.obj (.text:_SlDrvObjGlobalLockWaitForever)
                  0100bec0    00000100                  : fs.obj (.text:sl_FsWrite)
                  0100bfc0    00000100     freertos_builds_CC3220SF_LAUNCHXL_release_ccs.lib : tasks.obj (.text:vTaskDelete)
                  0100c0c0    000000fc     rtsv7M4_T_le_eabi.lib : fd_mul_t2.asm.obj (.text)
                  0100c1bc    000000fc     freertos_builds_CC3220SF_LAUNCHXL_release_ccs.lib : tasks.obj (.text:vTaskSuspend)
                  0100c2b8    000000f8     mqtt_release.a : mqttclient.oem4 (.text:MqttClientCtxCreate)
                  0100c3b0    000000f8     slnetifwifi.a : slnetifwifi.obj (.text:SlNetIfWifi_loadSecObj)
                  0100c4a8    000000f8     drivers_cc32xx.aem4 : UARTCC32XXDMA.oem4 (.text:UARTCC32XXDMA_close)
                  0100c5a0    000000f8     simplelink.a : sl_socket.obj (.text:sl_Close)
                  0100c698    000000f8     mqtt_release.a : client_core.oem4 (.text:utf8ArraySend)
                  0100c790    000000f6                    : mqtt_net_func.oem4 (.text:MQTTNet_commOpen)
                  0100c886    00000002     freertos_builds_CC3220SF_LAUNCHXL_release_ccs.lib : startup_cc32xx_ccs.obj (.text:defaultHandler)
                  0100c888    000000f4     simplelink.a : sl_socket.obj (.text:sl_SendTo)
                  0100c97c    000000f2     drivers_cc32xx.aem4 : SPICC32XXDMA.oem4 (.text:SPICC32XXDMA_transferCancel)
                  0100ca6e    00000002     freertos_builds_CC3220SF_LAUNCHXL_release_ccs.lib : startup_cc32xx_ccs.obj (.text:faultISR)
                  0100ca70    000000f0     drivers_cc32xx.aem4 : PWMTimerCC32XX.oem4 (.text:PWMTimerCC32XX_open)
                  0100cb60    000000f0     freertos_builds_CC3220SF_LAUNCHXL_release_ccs.lib : queue.obj (.text:xQueueGiveFromISR)
                  0100cc50    000000e8     drivers_cc32xx.aem4 : UARTCC32XXDMA.oem4 (.text:initHw)
                  0100cd38    000000e4     slnetsock_release.a : slnetif.oem4 (.text:SlNetIf_add)
                  0100ce1c    000000e0     freertos_builds_CC3220SF_LAUNCHXL_release_ccs.lib : tasks.obj (.text:xTaskPriorityDisinherit)
                  0100cefc    000000de     mqtt_release.a : client_core.oem4 (.text:connectMsgSend)
                  0100cfda    00000002     freertos_builds_CC3220SF_LAUNCHXL_release_ccs.lib : startup_cc32xx_ccs.obj (.text:nmiISR)
                  0100cfdc    000000dc                                                       : tasks.obj (.text:vTaskSwitchContext)
                  0100d0b8    000000d8     uart_term.obj (.text:GetCmd)
                  0100d190    000000d8     drivers_cc32xx.aem4 : SPICC32XXDMA.oem4 (.text:SPICC32XXDMA_close)
                  0100d268    000000d8     simplelink.a : device.obj (.text:_SlDeviceHandleAsync_InitComplete)
                  0100d340    000000d8                  : driver.obj (.text:_SlDrvWaitForInternalAsyncEvent)
                  0100d418    000000d8                  : netapp.obj (.text:_SlNetAppHandleAsync_NetAppReceive)
                  0100d4f0    000000d8     dataTimer.obj (.text:formatDataForQueue)
                  0100d5c8    000000d8     freertos_builds_CC3220SF_LAUNCHXL_release_ccs.lib : queue.obj (.text:xQueueReceiveFromISR)
                  0100d6a0    000000d4                                                       : mqueue.obj (.text:mq_timedsend)
                  0100d774    000000d4                                                       : tasks.obj (.text:xTaskPriorityInherit)
                  0100d848    000000d0     mqtt_client_app.obj (.text:Mqtt_Stop)
                  0100d918    000000d0     mqtt_client_app.obj (.text:SetClientIdNamefromMacAddress)
                  0100d9e8    000000d0     simplelink.a : driver.obj (.text:_SlDrvRemoveFromList)
                  0100dab8    000000d0     rtsv7M4_T_le_eabi.lib : s_scalbn.c.obj (.text:scalbn)
                  0100db88    000000cc     mqtt_release.a : mqttclient.oem4 (.text:processNotifyAckCB)
                  0100dc54    000000c8     mqtt_client_app.obj (.text:jsmn_parse_primitive)
                  0100dd1c    000000c8     drivers_cc32xx.aem4 : SPICC32XXDMA.oem4 (.text:spiHwiFxn)
                  0100dde4    000000c4                         : GPIOCC32XX.oem4 (.text:GPIO_init)
                  0100dea8    000000c4                         : PWMTimerCC32XX.oem4 (.text:PWMTimerCC32XX_stop)
                  0100df6c    000000c4     freertos_builds_CC3220SF_LAUNCHXL_release_ccs.lib : tasks.obj (.text:prvAddNewTaskToReadyList)
                  0100e030    000000c0     mqtt_release.a : mqttclient.oem4 (.text:MqttClientSub)
                  0100e0f0    000000c0     simplelink.a : cc_pal.obj (.text:NwpPowerOff)
                  0100e1b0    000000c0     drivers_cc32xx.aem4 : PowerCC32XX.oem4 (.text:restoreParkedPins)
                  0100e270    000000c0     simplelink.a : netcfg.obj (.text:sl_NetCfgGet)
                  0100e330    000000c0     freertos_builds_CC3220SF_LAUNCHXL_release_ccs.lib : port.obj (.text:xPortStartScheduler)
                  0100e3f0    000000bc     simplelink.a : netapp.obj (.text:_SlNetAppSendResponse)
                  0100e4ac    000000bc     mqtt_release.a : client_core.oem4 (.text:clCtxConnStateTryLocked)
                  0100e568    000000bc     freertos_builds_CC3220SF_LAUNCHXL_release_ccs.lib : queue.obj (.text:prvCopyDataToQueue)
                  0100e624    000000bc                                                       : heap_4.obj (.text:prvHeapInit)
                  0100e6e0    000000bc                                                       : timers.obj (.text:prvSwitchTimerLists)
                  0100e79c    000000bc     simplelink.a : sl_socket.obj (.text:sl_Send)
                  0100e858    000000ba     freertos_builds_CC3220SF_LAUNCHXL_release_ccs.lib : portasm.obj (.text)
                  0100e912    00000002     rtsv7M4_T_le_eabi.lib : div0.asm.obj (.text)
                  0100e914    000000b8     drivers_cc32xx.aem4 : PWMTimerCC32XX.oem4 (.text:PWMTimerCC32XX_setDuty)
                  0100e9cc    000000b8                         : UARTCC32XXDMA.oem4 (.text:UARTCC32XXDMA_configDMA)
                  0100ea84    000000b8     simplelink.a : netapp.obj (.text:_SlNetAppHandleAsync_DnsGetHostByName)
                  0100eb3c    000000b8                  : netapp.obj (.text:_SlNetAppHandleAsync_PingResponse)
                  0100ebf4    000000b8     mqtt_client_app.obj (.text:readDataThread)
                  0100ecac    000000b8     simplelink.a : device.obj (.text:sl_DeviceGet)
                  0100ed64    000000b8                  : wlan.obj (.text:sl_WlanGet)
                  0100ee1c    000000b8     freertos_builds_CC3220SF_LAUNCHXL_release_ccs.lib : queue.obj (.text:xQueueGenericReset)
                  0100eed4    000000b4     mqtt_release.a : mqttclient.oem4 (.text:MqttClient_send)
                  0100ef88    000000b4     drivers_cc32xx.aem4 : UARTCC32XXDMA.oem4 (.text:UARTCC32XXDMA_hwiIntFxn)
                  0100f03c    000000b4     simplelink.a : driver.obj (.text:_SlDrvHandleFatalError)
                  0100f0f0    000000b4                  : netutil.obj (.text:_SlNetUtilHandleAsync_Cmd)
                  0100f1a4    000000b4     freertos_builds_CC3220SF_LAUNCHXL_release_ccs.lib : clock.obj (.text:_clock_abstime2ticks)
                  0100f258    000000b4     simplelink.a : sl_socket.obj (.text:sl_GetSockOpt)
                  0100f30c    000000b1     rtsv7M4_T_le_eabi.lib : _printfi.c.obj (.text:_ltostr)
                  0100f3bd    00000003     --HOLE-- [fill = 0]
                  0100f3c0    000000b0     slnetifwifi.a : slnetifwifi.obj (.text:SlNetIfWifi_getSockOpt)
                  0100f470    000000b0     freertos_builds_CC3220SF_LAUNCHXL_release_ccs.lib : tasks.obj (.text:prvAddCurrentTaskToDelayedList)
                  0100f520    000000b0                                                       : tasks.obj (.text:xTaskCheckForTimeOut)
                  0100f5d0    000000ae     slnetifwifi.a : slnetifwifi.obj (.text:matchModeByRole)
                  0100f67e    000000ae     freertos_builds_CC3220SF_LAUNCHXL_release_ccs.lib : queue.obj (.text:prvUnlockQueue)
                  0100f72c    000000ac     simplelink.a : sl_socket.obj (.text:_SlSocketHandleAsync_Close)
                  0100f7d8    000000ac                  : sl_socket.obj (.text:_SlSocketHandleAsync_Connect)
                  0100f884    000000ac     freertos_builds_CC3220SF_LAUNCHXL_release_ccs.lib : clock.obj (.text:clock_gettime)
                  0100f930    000000a8     driverlib.a : interrupt.obj (.text:IntDisable)
                  0100f9d8    000000a8                 : interrupt.obj (.text:IntEnable)
                  0100fa80    000000a8     network_if.obj (.text:Network_IF_IpConfigGet)
                  0100fb28    000000a8     driverlib.a : prcm.obj (.text:PRCMPeripheralClockGet)
                  0100fbd0    000000a8     drivers_cc32xx.aem4 : PowerCC32XX.oem4 (.text:PowerCC32XX_configureWakeup)
                  0100fc78    000000a8     freertos_builds_CC3220SF_LAUNCHXL_release_ccs.lib : heap_4.obj (.text:prvInsertBlockIntoFreeList)
                  0100fd20    000000a8     simplelink.a : fs.obj (.text:sl_FsClose)
                  0100fdc8    000000a8     freertos_builds_CC3220SF_LAUNCHXL_release_ccs.lib : heap_4.obj (.text:vPortFree)
                  0100fe70    000000a8                                                       : tasks.obj (.text:xTaskRemoveFromEventList)
                  0100ff18    000000a6     simplelink.a : driver.obj (.text:_SlDrvIsTimeoutExpired)
                  0100ffbe    00000002     --HOLE-- [fill = 0]
                  0100ffc0    000000a4     mqtt_release.a : mqttclient.oem4 (.text:MQTTClient_create)
                  01010064    000000a4                    : mqttclient.oem4 (.text:MQTTClient_delete)
                  01010108    000000a4                    : mqttclient.oem4 (.text:MqttClientConfig)
                  010101ac    000000a4     drivers_cc32xx.aem4 : PWMTimerCC32XX.oem4 (.text:initHw)
                  01010250    000000a4     simplelink.a : sl_socket.obj (.text:sl_Bind)
                  010102f4    000000a0     freertos_builds_CC3220SF_LAUNCHXL_release_ccs.lib : ClockP_freertos.obj (.text:ClockP_create)
                  01010394    000000a0     simplelink.a : fs.obj (.text:FsGetCreateFsMode)
                  01010434    000000a0     mqtt_client_app.obj (.text:Mqtt_ClientStop)
                  010104d4    000000a0     simplelink.a : sl_socket.obj (.text:_SlDrvUnRegisterForSelectAsync)
                  01010574    000000a0                  : driver.obj (.text:_SlSpawnMsgListProcess)
                  01010614    000000a0     servo_PWM.obj (.text:setPWM_Claw)
                  010106b4    000000a0     servo_PWM.obj (.text:setPWM_Lift)
                  01010754    0000009e     simplelink.a : cc_pal.obj (.text:spi_Read)
                  010107f2    0000009e                  : cc_pal.obj (.text:spi_Write)
                  01010890    0000009c     mqtt_release.a : client_core.oem4 (.text:MQTTClientCore_initLib)
                  0101092c    0000009c                    : client_core.oem4 (.text:MQTTClientCore_sendPubMsg)
                  010109c8    0000009c                    : mqttclient.oem4 (.text:MqttClientUnsub)
                  01010a64    0000009c                    : client_core.oem4 (.text:_msgDispatch)
                  01010b00    0000009c     rtsv7M4_T_le_eabi.lib : memcpy_t2.asm.obj (.text)
                  01010b9c    0000009c     servo_PWM.obj (.text:setPWM_Extend)
                  01010c38    0000009a     mqtt_release.a : client_core.oem4 (.text:procPubMsgRx)
                  01010cd2    00000002     --HOLE-- [fill = 0]
                  01010cd4    00000098     drivers_cc32xx.aem4 : PWMTimerCC32XX.oem4 (.text:PWMTimerCC32XX_setPeriod)
                  01010d6c    00000098     uart_term.obj (.text:TrimSpace)
                  01010e04    00000098     drivers_cc32xx.aem4 : GPIOCC32XX.oem4 (.text:powerNotifyFxn)
                  01010e9c    00000098     servo_PWM.obj (.text:setPWM_Base)
                  01010f34    00000096     mqtt_release.a : mqtt_net_func.oem4 (.text:MQTTNet_tcpSelect)
                  01010fca    00000096     rtsv7M4_T_le_eabi.lib : ull_div_t2.asm.obj (.text)
                  01011060    00000094     simplelink.a : cc_pal.obj (.text:Semaphore_pend_handle)
                  010110f4    00000094     drivers_cc32xx.aem4 : SPICC32XXDMA.oem4 (.text:initHw)
                  01011188    00000094     freertos_builds_CC3220SF_LAUNCHXL_release_ccs.lib : tasks.obj (.text:vTaskStartScheduler)
                  0101121c    00000092     slnetsock_release.a : slnetsock.oem4 (.text:SlNetSock_create)
                  010112ae    00000002     --HOLE-- [fill = 0]
                  010112b0    00000090                         : slnetsock.oem4 (.text:SlNetSock_getVirtualSdConf)
                  01011340    00000090     simplelink.a : device.obj (.text:_SlDeviceHandleAsync_Stop)
                  010113d0    00000090                  : sl_socket.obj (.text:_SlSocketHandleAsync_Accept)
                  01011460    00000090     mqtt_release.a : mqttclient.oem4 (.text:processPublishRxCB)
                  010114f0    00000090     drivers_cc32xx.aem4 : PowerCC32XX.oem4 (.text:restoreNVICRegs)
                  01011580    0000008d     mqtt_client_app.obj (.text:DisplayBanner)
                  0101160d    00000003     --HOLE-- [fill = 0]
                  01011610    0000008c     mqtt_release.a : client_core.oem4 (.text:MQTTClientCore_createCtx)
                  0101169c    0000008c     slnetsock_release.a : slnetsock.oem4 (.text:SlNetSock_accept)
                  01011728    0000008c     drivers_cc32xx.aem4 : UARTCC32XXDMA.oem4 (.text:UARTCC32XXDMA_write)
                  010117b4    0000008c     simplelink.a : driver.obj (.text:_SlDrvDriverIsApiAllowed)
                  01011840    0000008c                  : driver.obj (.text:_SlDrvProtectAsyncRespSetting)
                  010118cc    0000008c     freertos_builds_CC3220SF_LAUNCHXL_release_ccs.lib : clock.obj (.text:_clock_gettimeMono)
                  01011958    0000008c     simplelink.a : sl_socket.obj (.text:sl_Recv)
                  010119e4    00000088     drivers_cc32xx.aem4 : PWMTimerCC32XX.oem4 (.text:PWMTimerCC32XX_close)
                  01011a6c    00000088     driverlib.a : pin.obj (.text:PinConfigSet)
                  01011af4    00000088     drivers_cc32xx.aem4 : TimerCC32XX.oem4 (.text:TimerCC32XX_setPeriod)
                  01011b7c    00000088     mqtt_release.a : client_core.oem4 (.text:procConnackRx)
                  01011c04    00000088     freertos_builds_CC3220SF_LAUNCHXL_release_ccs.lib : timers.obj (.text:prvProcessTimerOrBlockTask)
                  01011c8c    00000088     simplelink.a : eventreg.obj (.text:sl_UnregisterLibsEventHandler)
                  01011d14    00000088     mqtt_release.a : client_core.oem4 (.text:wrConnectPayload)
                  01011d9c    00000086     rtsv7M4_T_le_eabi.lib : fd_cmp_t2.asm.obj (.text:__aeabi_cdcmple)
                  01011e22    00000086                           : fd_cmp_t2.asm.obj (.text:__aeabi_cdrcmple)
                  01011ea8    00000084     mqtt_client_app.obj (.text:MqttClientThread)
                  01011f2c    00000084     drivers_cc32xx.aem4 : PowerCC32XX.oem4 (.text:Power_init)
                  01011fb0    00000084     slnetifwifi.a : slnetifwifi.obj (.text:SlNetIfWifi_sockstartSec)
                  01012034    00000084     slnetsock_release.a : slnetutils.oem4 (.text:SlNetUtil_getHostByName)
                  010120b8    00000084     mqtt_release.a : client_core.oem4 (.text:mqpSetupProcCtxDataRecv)
                  0101213c    00000084     drivers_cc32xx.aem4 : PowerCC32XX.oem4 (.text:saveNVICRegs)
                  010121c0    00000084     simplelink.a : sl_socket.obj (.text:sl_SetSockOpt)
                  01012244    00000084     freertos_builds_CC3220SF_LAUNCHXL_release_ccs.lib : timers.obj (.text:xTimerGenericCommand)
                  010122c8    00000080     drivers_cc32xx.aem4 : PowerCC32XX.oem4 (.text:Power_setDependency)
                  01012348    00000080                         : UARTCC32XXDMA.oem4 (.text:UARTCC32XXDMA_read)
                  010123c8    00000080     mqtt_release.a : client_core.oem4 (.text:clCtxPartSend)
                  01012448    00000080     freertos_builds_CC3220SF_LAUNCHXL_release_ccs.lib : timers.obj (.text:prvProcessExpiredTimer)
                  010124c8    0000007c     drivers_cc32xx.aem4 : UDMACC32XX.oem4 (.text:UDMACC32XX_open)
                  01012544    0000007c     mqtt_release.a : client_core.oem4 (.text:procCtxDataRecv)
                  010125c0    0000007a     drivers_cc32xx.aem4 : UARTCC32XXDMA.oem4 (.text:UARTCC32XXDMA_readPolling)
                  0101263a    0000007a     freertos_builds_CC3220SF_LAUNCHXL_release_ccs.lib : mqueue.obj (.text:mq_receive)
                  010126b4    0000007a                                                       : pthread.obj (.text:removeThreadKeys)
                  0101272e    0000007a     rtsv7M4_T_le_eabi.lib : memset_t2.asm.obj (.text)
                  010127a8    0000007a     freertos_builds_CC3220SF_LAUNCHXL_release_ccs.lib : tasks.obj (.text:xTaskCreate)
                  01012822    00000002     --HOLE-- [fill = 0]
                  01012824    00000078     drivers_cc32xx.aem4 : GPIOCC32XX.oem4 (.text:GPIO_hwiIntFxn)
                  0101289c    00000078     mqtt_release.a : mqtt_net_func.oem4 (.text:MQTTNet_recvFrom)
                  01012914    00000078     drivers_cc32xx.aem4 : TimerCC32XX.oem4 (.text:TimerCC32XX_start)
                  0101298c    00000078     rtsv7M4_T_le_eabi.lib : vla_alloc.c.obj (.text:_ZN33_INTERNAL_11_vla_alloc_c_be8bd49b21free_dead_allocationsEPv)
                  01012a04    00000078     freertos_builds_CC3220SF_LAUNCHXL_release_ccs.lib : timers.obj (.text:prvInsertTimerInActiveList)
                  01012a7c    00000078     simplelink.a : sl_socket.obj (.text:sl_Socket)
                  01012af4    00000076     debugIntercomponent.obj (.text:dbgOutputLoc)
                  01012b6a    00000002     --HOLE-- [fill = 0]
                  01012b6c    00000074     mqtt_release.a : mqtt_net_func.oem4 (.text:MQTTNet_tcpAccept)
                  01012be0    00000074     slnetsock_release.a : slnetsock.oem4 (.text:SlNetSock_AllocVirtualSocket)
                  01012c54    00000074     mqtt_release.a : client_core.oem4 (.text:groupCtxsRxPrep)
                  01012cc8    00000074     main_freertos.obj (.text:main)
                  01012d3c    00000074     freertos_builds_CC3220SF_LAUNCHXL_release_ccs.lib : tasks.obj (.text:prvInitialiseTaskLists)
                  01012db0    00000074                                                       : pthread_mutex.obj (.text:pthread_mutex_init)
                  01012e24    00000074                                                       : port.obj (.text:vPortValidateInterruptPriority)
                  01012e98    00000072     mqtt_release.a : mqtt_common.oem4 (.text:MQTT_packetProcPubRx)
                  01012f0a    00000002     --HOLE-- [fill = 0]
                  01012f0c    00000070     slnetsock_release.a : slnetsock.oem4 (.text:SlNetSock_secAttribSet)
                  01012f7c    00000070     simplelink.a : driver.obj (.text:_SlDrvCmdSend_noLock)
                  01012fec    00000070     rtsv7M4_T_le_eabi.lib : vla_alloc.c.obj (.text:__vla_dealloc)
                  0101305c    00000070     freertos_builds_CC3220SF_LAUNCHXL_release_ccs.lib : ClockP_freertos.obj (.text:setClockObjTimeout)
                  010130cc    0000006e     rtsv7M4_T_le_eabi.lib : _printfi.c.obj (.text:_mcpy)
                  0101313a    00000002     --HOLE-- [fill = 0]
                  0101313c    0000006c     mqtt_release.a : mqttclient.oem4 (.text:MQTTClient_run)
                  010131a8    0000006c     slnetsock_release.a : slnetutils.oem4 (.text:SlNetUtil_str2BinIpV4)
                  01013214    0000006c     simplelink.a : device.obj (.text:_SlDeviceHandleResetRequestInternally)
                  01013280    0000006c                  : sl_socket.obj (.text:_SlDrvOpenCtrlSocket)
                  010132ec    0000006c                  : netapp.obj (.text:_SlNetAppSendTokenValue)
                  01013358    0000006a     mqtt_release.a : mqtt_net_func.oem4 (.text:MQTTNet_sendTo)
                  010133c2    00000068                    : mqtt_common.oem4 (.text:MQTT_qos2PubCqUnlog)
                  0101342a    00000002     --HOLE-- [fill = 0]
                  0101342c    00000068     drivers_cc32xx.aem4 : PWMTimerCC32XX.oem4 (.text:PWMTimerCC32XX_start)
                  01013494    00000068     simplelink.a : driver.obj (.text:_SlSpawnMsgListGetCount)
                  010134fc    00000068     rtsv7M4_T_le_eabi.lib : copy_decompress_lzss.c.obj (.text:decompress:lzss:__TI_decompress_lzss)
                  01013564    00000068     simplelink.a : cc_pal.obj (.text:spi_Open)
                  010135cc    00000066     freertos_builds_CC3220SF_LAUNCHXL_release_ccs.lib : timers.obj (.text:prvInitialiseNewTimer)
                  01013632    00000066                                                       : memory.obj (.text:realloc)
                  01013698    00000066                                                       : list.obj (.text:vListInsert)
                  010136fe    00000002     --HOLE-- [fill = 0]
                  01013700    00000064                                                       : ClockP_freertos.obj (.text:ClockP_stop)
                  01013764    00000064     mqtt_release.a : mqtt_common.oem4 (.text:MQTT_packetPubAppendTopic)
                  010137c8    00000064     drivers_cc32xx.aem4 : PowerCC32XX.oem4 (.text:PowerCC32XX_setParkState)
                  0101382c    00000064     freertos_builds_CC3220SF_LAUNCHXL_release_ccs.lib : pthread_mutex.obj (.text:acquireMutex)
                  01013890    00000064     mqtt_release.a : client_core.oem4 (.text:clientReset)
                  010138f4    00000064                    : client_core.oem4 (.text:doNetClose)
                  01013958    00000064     freertos_builds_CC3220SF_LAUNCHXL_release_ccs.lib : tasks.obj (.text:prvGetExpectedIdleTime)
                  010139bc    00000060                                                       : HwiPCC32XX_freertos.obj (.text:HwiP_create)
                  01013a1c    00000060     driverlib.a : prcm.obj (.text:PRCMSysResetCauseGet)
                  01013a7c    00000060     slnetsock_release.a : slnetsock.oem4 (.text:SlNetSock_recvFrom)
                  01013adc    00000060                         : slnetsock.oem4 (.text:SlNetSock_sendTo)
                  01013b3c    00000060     drivers_cc32xx.aem4 : UARTCC32XXDMA.oem4 (.text:UARTCC32XXDMA_control)
                  01013b9c    00000060     freertos_builds_CC3220SF_LAUNCHXL_release_ccs.lib : pthread_mutex.obj (.text:pthread_mutex_unlock)
                  01013bfc    00000060                                                       : queue.obj (.text:xQueueGenericCreate)
                  01013c5c    0000005e     slnetifwifi.a : slnetifwifi.obj (.text:SlNetIfWifi_setSockOpt)
                  01013cba    0000005e     freertos_builds_CC3220SF_LAUNCHXL_release_ccs.lib : semaphore.obj (.text:sem_timedwait)
                  01013d18    0000005c     drivers_cc32xx.aem4 : GPIOCC32XX.oem4 (.text:GPIO_setCallback)
                  01013d74    0000005c     mqtt_release.a : client_core.oem4 (.text:MQTTClientCore_exitLib)
                  01013dd0    0000005c                    : mqtt_net_func.oem4 (.text:MQTTNet_tcpListen)
                  01013e2c    0000005c     simplelink.a : spawn.obj (.text:_SlInternalSpawn)
                  01013e88    0000005c     freertos_builds_CC3220SF_LAUNCHXL_release_ccs.lib : memory.obj (.text:calloc)
                  01013ee4    0000005c     rtsv7M4_T_le_eabi.lib : s_frexp.c.obj (.text:frexp)
                  01013f40    0000005c     freertos_builds_CC3220SF_LAUNCHXL_release_ccs.lib : tasks.obj (.text:prvIdleTask)
                  01013f9c    0000005c                                                       : pthread.obj (.text:pthread_exit)
                  01013ff8    0000005c                                                       : queue.obj (.text:vQueueWaitForMessageRestricted)
                  01014054    0000005c                                                       : tasks.obj (.text:vTaskDelay)
                  010140b0    00000058     drivers_cc32xx.aem4 : GPIOCC32XX.oem4 (.text:GPIO_write)
                  01014108    00000058     driverlib.a : interrupt.obj (.text:IntPendClear)
                  01014160    00000058                 : prcm.obj (.text:PRCMPeripheralReset)
                  010141b8    00000058     drivers_cc32xx.aem4 : PowerCC32XX.oem4 (.text:Power_releaseDependency)
                  01014210    00000058     slnetsock_release.a : slnetsock.oem4 (.text:SlNetSock_recv)
                  01014268    00000058                         : slnetsock.oem4 (.text:SlNetSock_send)
                  010142c0    00000058     simplelink.a : sl_socket.obj (.text:_SlDrvClearCtrlSocket)
                  01014318    00000058     mqtt_release.a : client_core.oem4 (.text:clRecv)
                  01014370    00000058     freertos_builds_CC3220SF_LAUNCHXL_release_ccs.lib : tasks.obj (.text:eTaskConfirmSleepModeStatus)
                  010143c8    00000058     mqtt_release.a : client_core.oem4 (.text:singleCtxKaSequence)
                  01014420    00000058     simplelink.a : sl_socket.obj (.text:sl_Listen)
                  01014478    00000058                  : eventreg.obj (.text:sl_RegisterLibsEventHandler)
                  010144d0    00000058     freertos_builds_CC3220SF_LAUNCHXL_release_ccs.lib : port.obj (.text:vPortSetupTimerInterrupt)
                  01014528    00000058                                                       : queue.obj (.text:xQueueCreateCountingSemaphore)
                  01014580    00000058                                                       : queue.obj (.text:xQueueTakeMutexRecursive)
                  010145d8    00000056     mqtt_release.a : mqtt_common.oem4 (.text:MQTT_packetPubAppendData)
                  0101462e    00000056     freertos_builds_CC3220SF_LAUNCHXL_release_ccs.lib : SemaphoreP_freertos.obj (.text:SemaphoreP_create)
                  01014684    00000056     drivers_cc32xx.aem4 : TimerCC32XX.oem4 (.text:TimerCC32XX_stop)
                  010146da    00000056     rtsv7M4_T_le_eabi.lib : _printfi.c.obj (.text:_pconv_f)
                  01014730    00000056     mqtt_release.a : client_core.oem4 (.text:procAckMsgRx)
                  01014786    00000002     --HOLE-- [fill = 0]
                  01014788    00000054     freertos_builds_CC3220SF_LAUNCHXL_release_ccs.lib : ClockP_freertos.obj (.text:ClockP_delete)
                  010147dc    00000054     uart_term.obj (.text:InitTerm)
                  01014830    00000054     driverlib.a : interrupt.obj (.text:IntPrioritySet)
                  01014884    00000054     mqtt_release.a : client_core.oem4 (.text:MQTTClientCore_deleteCtx)
                  010148d8    00000054                    : client_core.oem4 (.text:MQTTClientCore_sendDisconn)
                  0101492c    00000054     simplelink.a : driver.obj (.text:_SlDrvRxIrqHandler)
                  01014980    00000054     rtsv7M4_T_le_eabi.lib : _ltoa.c.obj (.text:__TI_ltoa)
                  010149d4    00000054     mqtt_release.a : client_core.oem4 (.text:grpNetSetupCreate)
                  01014a28    00000054     freertos_builds_CC3220SF_LAUNCHXL_release_ccs.lib : timers.obj (.text:xTimerCreateTimerTask)
                  01014a7c    00000052     drivers_cc32xx.aem4 : PowerCC32XX_asm.oem4 (.text:PowerCC32XX_resumeLPDS)
                  01014ace    00000052     rtsv7M4_T_le_eabi.lib : _printfi.c.obj (.text:_ecpy)
                  01014b20    00000052     drivers_cc32xx.aem4 : TimerCC32XX.oem4 (.text:initHw)
                  01014b72    00000002     --HOLE-- [fill = 0]
                  01014b74    00000050     mqtt_client_app.obj (.text:MQTT_SendMsgToQ)
                  01014bc4    00000050     simplelink.a : cc_pal.obj (.text:NwpRegisterInterruptHandler)
                  01014c14    00000050     slnetsock_release.a : slnetif.oem4 (.text:SlNetIf_queryIf)
                  01014c64    00000050     drivers_cc32xx.aem4 : TimerCC32XX.oem4 (.text:TimerCC32XX_allocateTimerResource)
                  01014cb4    00000050                         : UARTCC32XXDMA.oem4 (.text:UARTCC32XXDMA_writePolling)
                  01014d04    00000050     simplelink.a : sl_socket.obj (.text:_SlDrvCloseCtrlSocket)
                  01014d54    00000050                  : driver.obj (.text:_SlDrvCmdSend_noWait)
                  01014da4    00000050                  : driver.obj (.text:_SlDrvUpdateApiInProgress)
                  01014df4    00000050                  : spawn.obj (.text:_SlInternalSpawnTaskEntry)
                  01014e44    00000050                  : eventreg.obj (.text:_SlNetAppHttpServerHdlr)
                  01014e94    00000050                  : eventreg.obj (.text:_SlNetAppRequestHdlr)
                  01014ee4    00000050     mqtt_release.a : client_core.oem4 (.text:_procAckMsgRx)
                  01014f34    00000050     freertos_builds_CC3220SF_LAUNCHXL_release_ccs.lib : mqueue.obj (.text:mq_close)
                  01014f84    00000050                                                       : port.obj (.text:pxPortInitialiseStack)
                  01014fd4    00000050                                                       : semaphore.obj (.text:sem_init)
                  01015024    00000050     message_queue.obj (.text:sendTimerStatusfromISR)
                  01015074    00000050     freertos_builds_CC3220SF_LAUNCHXL_release_ccs.lib : queue.obj (.text:xQueueGiveMutexRecursive)
                  010150c4    0000004e     mqtt_release.a : client_core.oem4 (.text:MQTTClientCore_registerWillInfo)
                  01015112    0000004e     drivers_cc32xx.aem4 : UARTCC32XXDMA.oem4 (.text:writeCancel)
                  01015160    0000004c                         : GPIOCC32XX.oem4 (.text:GPIO_enableInt)
                  010151ac    0000004c     simplelink.a : cc_pal.obj (.text:NwpWaitForShutDownInd)
                  010151f8    0000004c     drivers_cc32xx.aem4 : PowerCC32XX.oem4 (.text:PowerCC32XX_parkPin)
                  01015244    0000004c     slnetifwifi.a : slnetifwifi.obj (.text:SlNetIfWifi_getConnectionStatus)
                  01015290    0000004c     slnetsock_release.a : slnetsock.oem4 (.text:SlNetSock_freeVirtualSocket)
                  010152dc    0000004c                         : slnetsock.oem4 (.text:SlNetSock_startSec)
                  01015328    0000004c     mqtt_release.a : client_core.oem4 (.text:ack1WlMqpDispatch)
                  01015374    0000004c     rtsv7M4_T_le_eabi.lib : atoi.c.obj (.text:atoi)
                  010153c0    0000004c     drivers_cc32xx.aem4 : PWMTimerCC32XX.oem4 (.text:getDutyCounts)
                  0101540c    0000004c                         : PWMTimerCC32XX.oem4 (.text:getPeriodCounts)
                  01015458    0000004c     freertos_builds_CC3220SF_LAUNCHXL_release_ccs.lib : startup_cc32xx_ccs.obj (.text:initVectors)
                  010154a4    0000004c     mqtt_release.a : client_core.oem4 (.text:loopbTrigger)
                  010154f0    0000004c     freertos_builds_CC3220SF_LAUNCHXL_release_ccs.lib : timers.obj (.text:prvCheckForValidListAndQueue)
                  0101553c    0000004c                                                       : tasks.obj (.text:prvCheckTasksWaitingTermination)
                  01015588    0000004c     drivers_cc32xx.aem4 : PowerCC32XX.oem4 (.text:restorePeriphClocks)
                  010155d4    0000004c     mqtt_release.a : client_core.oem4 (.text:singleCtxRxPrep)
                  01015620    0000004c     simplelink.a : wlan.obj (.text:sl_WlanSetMode)
                  0101566c    0000004c     rtsv7M4_T_le_eabi.lib : snprintf.c.obj (.text:snprintf)
                  010156b8    0000004c     freertos_builds_CC3220SF_LAUNCHXL_release_ccs.lib : port.obj (.text:vPortEnterCritical)
                  01015704    0000004c                                                       : tasks.obj (.text:vTaskSetThreadLocalStoragePointer)
                  01015750    0000004a     mqtt_release.a : client_core.oem4 (.text:clCtxRecv)
                  0101579a    0000004a     drivers_cc32xx.aem4 : UARTCC32XXDMA.oem4 (.text:readCancel)
                  010157e4    00000048     driverlib.a : flash.obj (.text:FlashDisable)
                  0101582c    00000048     freertos_builds_CC3220SF_LAUNCHXL_release_ccs.lib : HwiPCC32XX_freertos.obj (.text:HwiP_dispatch)
                  01015874    00000048     mqtt_release.a : mqttclient.oem4 (.text:MQTTClient_set)
                  010158bc    00000048     mqtt_client_app.obj (.text:MQTT_SendMsgToQueue)
                  01015904    00000048     driverlib.a : prcm.obj (.text:PRCMLPDSEnter)
                  0101594c    00000048                 : prcm.obj (.text:PRCMPeripheralClkEnable)
                  01015994    00000048     drivers_cc32xx.aem4 : PowerCC32XX.oem4 (.text:Power_releaseConstraint)
                  010159dc    00000048     slnetsock_release.a : slnetsock.oem4 (.text:SlNetSock_connect)
                  01015a24    00000048                         : slnetsock.oem4 (.text:SlNetSock_init)
                  01015a6c    00000048                         : slnetsock.oem4 (.text:SlNetSock_setOpt)
                  01015ab4    00000048     simplelink.a : eventreg.obj (.text:_SlDeviceFatalErrorEvtHdlr)
                  01015afc    00000048                  : eventreg.obj (.text:_SlDeviceGeneralEvtHdlr)
                  01015b44    00000048                  : driver.obj (.text:_SlDrvBasicCmd)
                  01015b8c    00000048                  : driver.obj (.text:_SlDrvSyncObjWaitTimeout)
                  01015bd4    00000048                  : eventreg.obj (.text:_SlNetAppEvtHdlr)
                  01015c1c    00000048                  : eventreg.obj (.text:_SlNetAppRequestMemFree)
                  01015c64    00000048                  : eventreg.obj (.text:_SlSockEvtHdlr)
                  01015cac    00000048                  : eventreg.obj (.text:_SlWlanEvtHdlr)
                  01015cf4    00000048     mqtt_release.a : client_core.oem4 (.text:bufUTF8WrTry)
                  01015d3c    00000048                    : client_core.oem4 (.text:clCtxSetup)
                  01015d84    00000048     rtsv7M4_T_le_eabi.lib : fd_toi_t2.asm.obj (.text)
                  01015dcc    00000048     freertos_builds_CC3220SF_LAUNCHXL_release_ccs.lib : sleep.obj (.text:sleep)
                  01015e14    00000048                                                       : list.obj (.text:uxListRemove)
                  01015e5c    00000048     mqtt_release.a : client_core.oem4 (.text:wrConnectVh)
                  01015ea4    00000046     drivers_cc32xx.aem4 : TimerCC32XX.oem4 (.text:getPrescaler)
                  01015eea    00000002     --HOLE-- [fill = 0]
                  01015eec    00000044     mqtt_release.a : client_core.oem4 (.text:MQTTClientCore_run)
                  01015f30    00000044                    : mqtt_net_func.oem4 (.text:MQTTNet_tcpRecv)
                  01015f74    00000044                    : mqttclient.oem4 (.text:MqttClientCtxDelete)
                  01015fb8    00000044     driverlib.a : prcm.obj (.text:PRCMLPDSRestoreInfoSet)
                  01015ffc    00000044     drivers_cc32xx.aem4 : PWM.oem4 (.text:PWM_init)
                  01016040    00000044                         : PowerCC32XX_asm.oem4 (.text:PowerCC32XX_enterLPDS)
                  01016084    00000044                         : SPI.oem4 (.text:SPI_init)
                  010160c8    00000044     slnetsock_release.a : slnetutils.oem4 (.text:SlNetUtil_strTok)
                  0101610c    00000044     drivers_cc32xx.aem4 : Timer.oem4 (.text:Timer_init)
                  01016150    00000044                         : UART.oem4 (.text:UART_init)
                  01016194    00000044     rtsv7M4_T_le_eabi.lib : autoinit.c.obj (.text:__TI_auto_init_nobinit_nopinit:__TI_auto_init_nobinit_nopinit)
                  010161d8    00000044     freertos_builds_CC3220SF_LAUNCHXL_release_ccs.lib : queue.obj (.text:prvInitialiseNewQueue)
                  0101621c    00000044     ti_net_config.obj (.text:ti_net_SlNet_initConfig)
                  01016260    00000044     freertos_builds_CC3220SF_LAUNCHXL_release_ccs.lib : tasks.obj (.text:vTaskStepTick)
                  010162a4    00000044     mqtt_release.a : client_core.oem4 (.text:vhMsgSend)
                  010162e8    00000042                    : mqtt_common.oem4 (.text:MQTT_packetBufRdRemlen)
                  0101632a    00000042     freertos_builds_CC3220SF_LAUNCHXL_release_ccs.lib : memory.obj (.text:malloc)
                  0101636c    00000040     simplelink.a : sl_socket.obj (.text:CountSetBits)
                  010163ac    00000040     network_if.obj (.text:InitializeAppVariables)
                  010163ec    00000040     mqtt_release.a : client_core.oem4 (.text:MQTTClientCore_registerCtxInfo)
                  0101642c    00000040     drivers_cc32xx.aem4 : PWM.oem4 (.text:PWM_open)
                  0101646c    00000040     driverlib.a : pin.obj (.text:PinModeSet)
                  010164ac    00000040     drivers_cc32xx.aem4 : SPI.oem4 (.text:SPI_open)
                  010164ec    00000040     network_if.obj (.text:SimpleLinkGeneralEventHandler)
                  0101652c    00000040     slnetsock_release.a : slnetsock.oem4 (.text:SlNetSock_bind)
                  0101656c    00000040     drivers_cc32xx.aem4 : Timer.oem4 (.text:Timer_open)
                  010165ac    00000040                         : UART.oem4 (.text:UART_open)
                  010165ec    00000040                         : UDMACC32XX.oem4 (.text:UDMACC32XX_init)
                  0101662c    00000040     simplelink.a : driver.obj (.text:_SlDrvGlobalObjUnLock)
                  0101666c    00000040                  : driver.obj (.text:_SlFindAndReleasePendingCmd)
                  010166ac    00000040                  : spawn.obj (.text:_SlInternalSpawnWaitForEvent)
                  010166ec    00000040                  : eventreg.obj (.text:_SlIsEventRegistered)
                  0101672c    00000040     freertos_builds_CC3220SF_LAUNCHXL_release_ccs.lib : aeabi_portable.obj (.text:__aeabi_errno_addr)
                  0101676c    00000040     mqtt_release.a : mqttclient.oem4 (.text:_sl_ExtLib_ServerAckLockedWait)
                  010167ac    00000040     mqtt_client_app.obj (.text:jsmn_alloc_token)
                  010167ec    00000040     mqtt_release.a : client_core.oem4 (.text:netConnect)
                  0101682c    00000040     freertos_builds_CC3220SF_LAUNCHXL_release_ccs.lib : tasks.obj (.text:vTaskPlaceOnEventListRestricted)
                  0101686c    00000040     rtsv7M4_T_le_eabi.lib : vsnprintf.c.obj (.text:vsnprintf)
                  010168ac    0000003e     freertos_builds_CC3220SF_LAUNCHXL_release_ccs.lib : ClockP_freertos.obj (.text:ClockP_callbackFxn)
                  010168ea    0000003e     mqtt_release.a : mqtt_common.oem4 (.text:MQTT_packetAckWlistRemove)
                  01016928    0000003e                    : mqtt_common.oem4 (.text:MQTT_packetBufTailWrRemlen)
                  01016966    0000003e     slnetsock_release.a : slnetsock.oem4 (.text:SlNetSock_close)
                  010169a4    0000003e     simplelink.a : sl_socket.obj (.text:_SlSocketBuildAddress)
                  010169e2    0000003e     rtsv7M4_T_le_eabi.lib : _printfi.c.obj (.text:_fcpy)
                  01016a20    0000003e     mqtt_release.a : client_core.oem4 (.text:clCtxSeg1Send)
                  01016a5e    0000003e                    : client_core.oem4 (.text:procPingrspRx)
                  01016a9c    0000003e     freertos_builds_CC3220SF_LAUNCHXL_release_ccs.lib : pthread.obj (.text:pthread_setcancelstate)
                  01016ada    0000003e                                                       : semaphore.obj (.text:sem_post)
                  01016b18    0000003c     mqtt_release.a : client_core.oem4 (.text:MQTTClientCore_registerBuffers)
                  01016b54    0000003c                    : mqttclient.oem4 (.text:MQTTClient_disconnect)
                  01016b90    0000003c                    : mqtt_common.oem4 (.text:MQTT_qos2PubCqCheck)
                  01016bcc    0000003c     network_if.obj (.text:Network_IF_DisconnectFromAP)
                  01016c08    0000003c     driverlib.a : prcm.obj (.text:PRCMSlowClkCtrFastGet)
                  01016c44    0000003c     drivers_cc32xx.aem4 : PowerCC32XX.oem4 (.text:Power_setConstraint)
                  01016c80    0000003c     simplelink.a : netapp.obj (.text:_SlNetAppCopyPingResultsToReport)
                  01016cbc    0000003c     dataTimer.obj (.text:configureDataTimer)
                  01016cf8    0000003c     mqtt_release.a : mqttclient.oem4 (.text:processDisconnCB)
                  01016d34    0000003c     freertos_builds_CC3220SF_LAUNCHXL_release_ccs.lib : queue.obj (.text:prvCopyDataFromQueue)
                  01016d70    0000003c                                                       : tasks.obj (.text:prvResetNextTaskUnblockTime)
                  01016dac    0000003c                                                       : tasks.obj (.text:pvTaskGetThreadLocalStoragePointer)
                  01016de8    0000003c     mqtt_release.a : client_core.oem4 (.text:singleCtxRxPrepLocked)
                  01016e24    0000003c                    : client_core.oem4 (.text:tailIncorpMsgID)
                  01016e60    0000003c     simplelink.a : sl_socket.obj (.text:to_mSec)
                  01016e9c    0000003c     freertos_builds_CC3220SF_LAUNCHXL_release_ccs.lib : sleep.obj (.text:usleep)
                  01016ed8    0000003c                                                       : list.obj (.text:vListInsertEnd)
                  01016f14    0000003c                                                       : timers.obj (.text:xTimerCreate)
                  01016f50    0000003c                                                       : timers.obj (.text:xTimerIsTimerActive)
                  01016f8c    0000003a     slnetifwifi.a : slnetifwifi.obj (.text:SlNetIfWifi_getIPAddr)
                  01016fc6    0000003a     drivers_cc32xx.aem4 : TimerCC32XX.oem4 (.text:TimerCC32XX_close)
                  01017000    0000003a                         : PWMTimerCC32XX.oem4 (.text:getPowerMgrId)
                  0101703a    0000003a     mqtt_release.a : mqtt_common.oem4 (.text:mqpProcVhMsgIdRx)
                  01017074    00000038                    : client_core.oem4 (.text:MQTTClientCore_registerNetSvc)
                  010170ac    00000038                    : mqtt_common.oem4 (.text:MQTT_qos2PubCqLogup)
                  010170e4    00000038     driverlib.a : prcm.obj (.text:PRCMLPDSEnterKeepDebugIf)
                  0101711c    00000038     slnetifwifi.a : slnetifwifi.obj (.text:SlNetIfWifi_recvFrom)
                  01017154    00000038                   : slnetifwifi.obj (.text:SlNetIfWifi_sendTo)
                  0101718c    00000038                   : slnetifwifi.obj (.text:SlNetIfWifi_socket)
                  010171c4    00000038     slnetsock_release.a : slnetif.oem4 (.text:SlNetIf_configCheck)
                  010171fc    00000038                         : slnetsock.oem4 (.text:SlNetSock_listen)
                  01017234    00000038                         : slnetutils.oem4 (.text:SlNetUtil_htonl)
                  0101726c    00000038     drivers_cc32xx.aem4 : TimerCC32XX.oem4 (.text:TimerCC32XX_hwiIntFunction)
                  010172a4    00000038     mqtt_release.a : client_core.oem4 (.text:mqpAllocAtomic)
                  010172dc    00000038                    : client_core.oem4 (.text:netRecv)
                  01017314    00000038     drivers_cc32xx.aem4 : PowerCC32XX.oem4 (.text:notify)
                  0101734c    00000038     freertos_builds_CC3220SF_LAUNCHXL_release_ccs.lib : timers.obj (.text:prvGetNextExpireTime)
                  01017384    00000038                                                       : port.obj (.text:prvTaskExitError)
                  010173bc    00000038     drivers_cc32xx.aem4 : UARTCC32XXDMA.oem4 (.text:startTxFifoEmptyClk)
                  010173f4    00000036     mqtt_release.a : mqtt_common.oem4 (.text:MQTT_packetPrepFh)
                  0101742a    00000036     slnetifwifi.a : slnetifwifi.obj (.text:SlNetIfWifi_getHostByName)
                  01017460    00000036                   : slnetifwifi.obj (.text:SlNetIfWifi_select)
                  01017496    00000036     driverlib.a : timer.obj (.text:TimerControlStall)
                  010174cc    00000036     mqtt_release.a : client_core.oem4 (.text:_procPubRecRx)
                  01017502    00000036     rtsv7M4_T_le_eabi.lib : strncpy.c.obj (.text:strncpy)
                  01017538    00000034     driverlib.a : pin.obj (.text:PinModeGet)
                  0101756c    00000034     drivers_cc32xx.aem4 : PowerCC32XX.oem4 (.text:PowerCC32XX_restoreParkState)
                  010175a0    00000034     freertos_builds_CC3220SF_LAUNCHXL_release_ccs.lib : SemaphoreP_freertos.obj (.text:SemaphoreP_pend)
                  010175d4    00000034     slnetsock_release.a : slnetutils.oem4 (.text:SlNetUtil_htons)
                  01017608    00000034     drivers_cc32xx.aem4 : TimerCC32XX.oem4 (.text:TimerCC32XX_freeTimerResource)
                  0101763c    00000034                         : UDMACC32XX.oem4 (.text:UDMACC32XX_close)
                  01017670    00000034     freertos_builds_CC3220SF_LAUNCHXL_release_ccs.lib : mqueue.obj (.text:findInList)
                  010176a4    00000034     drivers_cc32xx.aem4 : TimerCC32XX.oem4 (.text:getPowerMgrId)
                  010176d8    00000034     message_queue.obj (.text:getStatusofConfiguration)
                  0101770c    00000034     mqtt_release.a : client_core.oem4 (.text:groupCtxsKaSequence)
                  01017740    00000034                    : client_core.oem4 (.text:mqpFreeLocked)
                  01017774    00000034                    : client_core.oem4 (.text:procLoopbackRecv)
                  010177a8    00000034     freertos_builds_CC3220SF_LAUNCHXL_release_ccs.lib : timers.obj (.text:prvSampleTimeNow)
                  010177dc    00000034     message_queue.obj (.text:readDataReadQueueBlocking)
                  01017810    00000034     freertos_builds_CC3220SF_LAUNCHXL_release_ccs.lib : tasks.obj (.text:vTaskPlaceOnEventList)
                  01017844    00000034     drivers_cc32xx.aem4 : UARTCC32XXDMA.oem4 (.text:writeFinishedDoCallback)
                  01017878    00000032     mqtt_release.a : mqtt_common.oem4 (.text:MQTT_clCtxTimeoutInsert)
                  010178aa    00000032                    : client_core.oem4 (.text:connectedStateRx)
                  010178dc    00000032     uart_term.obj (.text:printString)
                  0101790e    00000030     drivers_cc32xx.aem4 : PowerCC32XX.oem4 (.text:PowerCC32XX_restoreParkedPin)
                  0101793e    00000030     simplelink.a : fs.obj (.text:_SlFsStrlen)
                  0101796e    00000030     rtsv7M4_T_le_eabi.lib : snprintf.c.obj (.text:_outs)
                  0101799e    00000030                           : vsnprintf.c.obj (.text:_outs)
                  010179ce    00000030     mqtt_release.a : client_core.oem4 (.text:ack2MsgIdUnlog)
                  010179fe    00000002     --HOLE-- [fill = 0]
                  01017a00    00000030                    : client_core.oem4 (.text:clientDescInit)
                  01017a30    00000030                    : mqttclient.oem4 (.text:getAvailableClictxMem)
                  01017a60    00000030     mqtt_client_app.obj (.text:printBorder)
                  01017a90    00000030     message_queue.obj (.text:sendToReadDataQueue)
                  01017ac0    00000030     message_queue.obj (.text:setStatusofConfiguration)
                  01017af0    00000030     softwareTimer.obj (.text:softwareTimerCallback)
                  01017b20    00000030     freertos_builds_CC3220SF_LAUNCHXL_release_ccs.lib : list.obj (.text:vListInitialise)
                  01017b50    00000030                                                       : port.obj (.text:vPortExitCritical)
                  01017b80    00000030                                                       : tasks.obj (.text:xTaskGetSchedulerState)
                  01017bb0    0000002e     simplelink.a : cc_pal.obj (.text:Mutex_create_handle)
                  01017bde    0000002e     freertos_builds_CC3220SF_LAUNCHXL_release_ccs.lib : timers.obj (.text:pvTimerGetTimerID)
                  01017c0c    0000002e     rtsv7M4_T_le_eabi.lib : i_tofd_t2.asm.obj (.text)
                  01017c3a    00000002     --HOLE-- [fill = 0]
                  01017c3c    0000002c     freertos_builds_CC3220SF_LAUNCHXL_release_ccs.lib : HwiPCC32XX_freertos.obj (.text:HwiP_disable)
                  01017c68    0000002c     simplelink.a : cc_pal.obj (.text:NwpPowerOn)
                  01017c94    0000002c     driverlib.a : prcm.obj (.text:PRCMLPDSIntervalSet)
                  01017cc0    0000002c     drivers_cc32xx.aem4 : PowerCC32XX.oem4 (.text:PowerCC32XX_getParkState)
                  01017cec    0000002c     freertos_builds_CC3220SF_LAUNCHXL_release_ccs.lib : SemaphoreP_freertos.obj (.text:SemaphoreP_createBinary)
                  01017d18    0000002c     slnetifwifi.a : slnetifwifi.obj (.text:SlNetIfWifi_recv)
                  01017d44    0000002c                   : slnetifwifi.obj (.text:SlNetIfWifi_send)
                  01017d70    0000002c     simplelink.a : driver.obj (.text:_SlDrvSyncObjWaitForever)
                  01017d9c    0000002c     softwareTimer.obj (.text:configureSTimer)
                  01017dc8    0000002c     mqtt_release.a : client_core.oem4 (.text:doNetCloseRx)
                  01017df4    0000002c     mqtt_client_app.obj (.text:jsmn_fill_token)
                  01017e20    0000002c     freertos_builds_CC3220SF_LAUNCHXL_release_ccs.lib : pthread_mutex.obj (.text:pthread_mutexattr_settype)
                  01017e4c    0000002c     mqtt_release.a : client_core.oem4 (.text:singleCtxAdjWaitSecsGet)
                  01017e78    0000002c     freertos_builds_CC3220SF_LAUNCHXL_release_ccs.lib : tasks.obj (.text:vTaskSetApplicationTaskTag)
                  01017ea4    0000002c                                                       : port.obj (.text:xPortSysTickHandler)
                  01017ed0    0000002c                                                       : queue.obj (.text:xQueueCreateMutex)
                  01017efc    0000002a     slnetsock_release.a : slnetutils.oem4 (.text:SlNetUtil_inetPton)
                  01017f26    0000002a     driverlib.a : timer.obj (.text:TimerLoadSet)
                  01017f50    0000002a                 : timer.obj (.text:TimerPrescaleSet)
                  01017f7a    0000002a     drivers_cc32xx.aem4 : UARTCC32XXDMA.oem4 (.text:UARTCC32XXDMA_readCancel)
                  01017fa4    0000002a                         : UARTCC32XXDMA.oem4 (.text:UARTCC32XXDMA_writeCancel)
                  01017fce    0000002a     mqtt_release.a : client_core.oem4 (.text:ack2MsgIdDispatch)
                  01017ff8    0000002a                    : client_core.oem4 (.text:pingReqSend)
                  01018022    0000002a     freertos_builds_CC3220SF_LAUNCHXL_release_ccs.lib : queue.obj (.text:prvInitialiseMutex)
                  0101804c    0000002a     mqtt_release.a : client_core.oem4 (.text:txPartSetup)
                  01018076    0000002a     freertos_builds_CC3220SF_LAUNCHXL_release_ccs.lib : queue.obj (.text:uxQueueMessagesWaiting)
                  010180a0    00000028                                                       : HwiPCC32XX_freertos.obj (.text:HwiP_inISR)
                  010180c8    00000028     mqtt_release.a : mqtt_common.oem4 (.text:MQTT_packetBufWrUtf8)
                  010180f0    00000028     driverlib.a : prcm.obj (.text:PRCMLPDSWakeupSourceEnable)
                  01018118    00000028                 : prcm.obj (.text:PRCMPeripheralClkDisable)
                  01018140    00000028     drivers_cc32xx.aem4 : PowerCC32XX.oem4 (.text:Power_registerNotify)
                  01018168    00000028     slnetsock_release.a : slnetif.oem4 (.text:SlNetIf_getIfByID)
                  01018190    00000028                         : slnetsock.oem4 (.text:SlNetSock_sdsIsSet)
                  010181b8    00000028                         : slnetsock.oem4 (.text:SlNetSock_sdsSet)
                  010181e0    00000028                         : slnetsock.oem4 (.text:SlNetSock_secAttribDelete)
                  01018208    00000028     simplelink.a : driver.obj (.text:_SlDrvProtectionObjLockWaitForever)
                  01018230    00000028                  : driver.obj (.text:_SlDrvProtectionObjUnLock)
                  01018258    00000028                  : flowcont.obj (.text:_SlFlowContSet)
                  01018280    00000028     mqtt_release.a : client_core.oem4 (.text:_procPubRelRx)
                  010182a8    00000028                    : mqttclient.oem4 (.text:_sl_ExtLib_AwaitedAckLockedSet)
                  010182d0    00000028     message_queue.obj (.text:createQueue)
                  010182f8    00000028     rtsv7M4_T_le_eabi.lib : memmov.c.obj (.text:memmove)
                  01018320    00000028     freertos_builds_CC3220SF_LAUNCHXL_release_ccs.lib : pthread.obj (.text:pthread_attr_setschedparam)
                  01018348    00000028                                                       : semaphore.obj (.text:sem_trywait)
                  01018370    00000028     softwareTimer.obj (.text:startSoftwareTimer)
                  01018398    00000028     freertos_builds_CC3220SF_LAUNCHXL_release_ccs.lib : tasks.obj (.text:xTaskGetApplicationTaskTag)
                  010183c0    00000026     drivers_cc32xx.aem4 : List.oem4 (.text:List_put)
                  010183e6    00000026                         : List.oem4 (.text:List_remove)
                  0101840c    00000026     mqtt_release.a : mqtt_common.oem4 (.text:MQTT_clCtxRemove)
                  01018432    00000026     freertos_builds_CC3220SF_LAUNCHXL_release_ccs.lib : pthread.obj (.text:_pthread_cleanup_pop)
                  01018458    00000026                                                       : queue.obj (.text:prvIsQueueFull)
                  0101847e    00000002     --HOLE-- [fill = 0]
                  01018480    00000024     driverlib.a : interrupt.obj (.text:IntUnregister)
                  010184a4    00000024     drivers_cc32xx.aem4 : PowerCC32XX.oem4 (.text:PowerCC32XX_reset)
                  010184c8    00000024     slnetsock_release.a : slnetif.oem4 (.text:SlNetIf_getConnectionStatus)
                  010184ec    00000024     simplelink.a : driver.obj (.text:_SlDrvIsApiInProgress)
                  01018510    00000024                  : driver.obj (.text:_SlDrvStartMeasureTimeout)
                  01018534    00000024     rtsv7M4_T_le_eabi.lib : boot_cortex_m.c.obj (.text:_c_int00_noargs:_c_int00_noargs)
                  01018558    00000024     mqtt_release.a : client_core.oem4 (.text:conn2usedCtxs)
                  0101857c    00000024     freertos_builds_CC3220SF_LAUNCHXL_release_ccs.lib : queue.obj (.text:prvGetDisinheritPriorityAfterTimeout)
                  010185a0    00000024     mqtt_release.a : client_core.oem4 (.text:recvHvecLoad)
                  010185c4    00000024     freertos_builds_CC3220SF_LAUNCHXL_release_ccs.lib : semaphore.obj (.text:sem_getvalue)
                  010185e8    00000024     simplelink.a : wlan.obj (.text:sl_WlanDisconnect)
                  0101860c    00000024     freertos_builds_CC3220SF_LAUNCHXL_release_ccs.lib : queue.obj (.text:vQueueDelete)
                  01018630    00000024                                                       : tasks.obj (.text:vTaskInternalSetTimeOutState)
                  01018654    00000022     mqtt_release.a : mqtt_common.oem4 (.text:MQTT_packetProcMsgIdAckRx)
                  01018676    00000022     freertos_builds_CC3220SF_LAUNCHXL_release_ccs.lib : SemaphoreP_freertos.obj (.text:SemaphoreP_post)
                  01018698    00000022                                                       : pthread.obj (.text:pthread_attr_setdetachstate)
                  010186ba    00000002     --HOLE-- [fill = 0]
                  010186bc    00000020                                                       : ClockP_freertos.obj (.text:ClockP_getCpuFreq)
                  010186dc    00000020                                                       : HwiPCC32XX_freertos.obj (.text:HwiP_restore)
                  010186fc    00000020     driverlib.a : interrupt.obj (.text:IntRegister)
                  0101871c    00000020     mqtt_release.a : mqtt_common.oem4 (.text:MQTT_qos2PubCqReset)
                  0101873c    00000020     drivers_cc32xx.aem4 : PowerCC32XX.oem4 (.text:Power_unregisterNotify)
                  0101875c    00000020     slnetifwifi.a : slnetifwifi.obj (.text:SlNetIfWifi_accept)
                  0101877c    00000020     drivers_cc32xx.aem4 : SPICC32XXDMA.oem4 (.text:getPowerMgrId)
                  0101879c    00000020                         : UARTCC32XXDMA.oem4 (.text:getPowerMgrId)
                  010187bc    00000020     freertos_builds_CC3220SF_LAUNCHXL_release_ccs.lib : queue.obj (.text:prvIsQueueEmpty)
                  010187dc    00000020                                                       : semaphore.obj (.text:semaphorePend)
                  010187fc    00000020     mqtt_release.a : client_core.oem4 (.text:session311fix)
                  0101881c    0000001e     freertos_builds_CC3220SF_LAUNCHXL_release_ccs.lib : ClockP_freertos.obj (.text:ClockP_start)
                  0101883a    0000001e                                                       : HwiPCC32XX_freertos.obj (.text:HwiP_Params_init)
                  01018858    0000001e     mqtt_release.a : client_core.oem4 (.text:MQTTClientCore_alloc)
                  01018876    0000001e                    : client_core.oem4 (.text:MQTTClientCore_ctxRun)
                  01018894    0000001e     slnetifwifi.a : slnetifwifi.obj (.text:SlNetIfWifi_bind)
                  010188b2    0000001e                   : slnetifwifi.obj (.text:SlNetIfWifi_connect)
                  010188d0    0000001e     driverlib.a : timer.obj (.text:TimerDisable)
                  010188ee    0000001e                 : timer.obj (.text:TimerEnable)
                  0101890c    0000001e     simplelink.a : driver.obj (.text:_SlDrvObjLockWaitForever)
                  0101892a    0000001e                  : driver.obj (.text:_SlDrvObjUnLock)
                  01018948    0000001e                  : driver.obj (.text:_SlDrvSyncObjSignal)
                  01018966    0000001e     freertos_builds_CC3220SF_LAUNCHXL_release_ccs.lib : pthread.obj (.text:_pthread_runStub)
                  01018984    0000001e     mqtt_client_app.obj (.text:jsmn_init)
                  010189a2    0000001e     drivers_cc32xx.aem4 : UDMACC32XX.oem4 (.text:postNotifyFxn)
                  010189c0    0000001e     mqtt_release.a : client_core.oem4 (.text:procNetDataRecv)
                  010189de    0000001e                    : client_core.oem4 (.text:sessionDelete)
                  010189fc    0000001c     freertos_builds_CC3220SF_LAUNCHXL_release_ccs.lib : ClockP_freertos.obj (.text:ClockP_Params_init)
                  01018a18    0000001c     uart_term.obj (.text:Message)
                  01018a34    0000001c     driverlib.a : pin.obj (.text:PinToPadGet)
                  01018a50    0000001c     simplelink.a : device.obj (.text:_SlDeviceGetStartResponseConvert)
                  01018a6c    0000001c                  : spawn.obj (.text:_SlInternalIsItSpawnThread)
                  01018a88    0000001c     mqtt_release.a : client_core.oem4 (.text:awaitsPkts)
                  01018aa4    0000001c     debugIntercomponent.obj (.text:dbgStop)
                  01018ac0    0000001c     mqtt_release.a : client_core.oem4 (.text:doNetCloseTx)
                  01018adc    0000001c     rtsv7M4_T_le_eabi.lib : memccpy.c.obj (.text:memccpy)
                  01018af8    0000001c     mqtt_release.a : client_core.oem4 (.text:processRecv)
                  01018b14    0000001c     freertos_builds_CC3220SF_LAUNCHXL_release_ccs.lib : pthread.obj (.text:pthread_attr_init)
                  01018b30    0000001c                                                       : pthread_mutex.obj (.text:pthread_mutexattr_init)
                  01018b4c    0000001c                                                       : tasks.obj (.text:pvTaskIncrementMutexHeldCount)
                  01018b68    0000001c     mqtt_release.a : client_core.oem4 (.text:usedCtxsTOSort)
                  01018b84    0000001a                    : mqtt_common.oem4 (.text:MQTT_packetAckWlistPurge)
                  01018b9e    0000001a     freertos_builds_CC3220SF_LAUNCHXL_release_ccs.lib : PTLS.obj (.text:PTLS_taskDeleteHook)
                  01018bb8    0000001a     slnetifwifi.a : slnetifwifi.obj (.text:SlNetIfWifi_listen)
                  01018bd2    0000001a     freertos_builds_CC3220SF_LAUNCHXL_release_ccs.lib : timers.obj (.text:prvTimerTask)
                  01018bec    0000001a                                                       : pthread_mutex.obj (.text:pthread_mutex_destroy)
                  01018c06    00000018     mqtt_release.a : mqtt_common.oem4 (.text:MQTT_clCtxTimeoutUpdate)
                  01018c1e    00000002     --HOLE-- [fill = 0]
                  01018c20    00000018     drivers_cc32xx.aem4 : PowerCC32XX.oem4 (.text:Power_idleFunc)
                  01018c38    00000018                         : TimerCC32XX.oem4 (.text:TimerCC32XX_getCount)
                  01018c50    00000018     driverlib.a : timer.obj (.text:TimerIntDisable)
                  01018c68    00000018                 : timer.obj (.text:TimerIntEnable)
                  01018c80    00000018                 : uart.obj (.text:UARTBusy)
                  01018c98    00000018     drivers_cc32xx.aem4 : UART.oem4 (.text:UART_Params_init)
                  01018cb0    00000018     rtsv7M4_T_le_eabi.lib : snprintf.c.obj (.text:_outc)
                  01018cc8    00000018                           : vsnprintf.c.obj (.text:_outc)
                  01018ce0    00000018     freertos_builds_CC3220SF_LAUNCHXL_release_ccs.lib : memory.obj (.text:free)
                  01018cf8    00000018     mqtt_release.a : client_core.oem4 (.text:groupCtxsAdjWaitSecsGet)
                  01018d10    00000018                    : client_core.oem4 (.text:netClCtxFind)
                  01018d28    00000018     uart_term.obj (.text:putch)
                  01018d40    00000018     rtsv7M4_T_le_eabi.lib : ll_mul_t2.asm.obj (.text)
                  01018d58    00000018     freertos_builds_CC3220SF_LAUNCHXL_release_ccs.lib : semaphore.obj (.text:sem_wait)
                  01018d70    00000018     rtsv7M4_T_le_eabi.lib : strcmp.c.obj (.text:strcmp)
                  01018d88    00000018     dataTimer.obj (.text:timerCallback)
                  01018da0    00000018     uart_term.obj (.text:writeToUART)
                  01018db8    00000016     freertos_builds_CC3220SF_LAUNCHXL_release_ccs.lib : ClockP_freertos.obj (.text:ClockP_setTimeout)
                  01018dce    00000016     mqtt_release.a : mqtt_net_func.oem4 (.text:MQTTNet_commClose)
                  01018de4    00000016                    : mqtt_common.oem4 (.text:MQTT_clCtxReset)
                  01018dfa    00000016                    : mqtt_common.oem4 (.text:MQTT_packetFree)
                  01018e10    00000016                    : mqtt_common.oem4 (.text:MQTT_packetInit)
                  01018e26    00000016     driverlib.a : prcm.obj (.text:PRCMHIBRegRead)
                  01018e3c    00000016                 : prcm.obj (.text:PRCMHIBRegWrite)
                  01018e52    00000016     freertos_builds_CC3220SF_LAUNCHXL_release_ccs.lib : PTLS.obj (.text:PTLS_getBuf)
                  01018e68    00000016                                                       : PTLS.obj (.text:PTLS_setBuf)
                  01018e7e    00000016                                                       : SemaphoreP_freertos.obj (.text:SemaphoreP_Params_init)
                  01018e94    00000016     simplelink.a : driver.obj (.text:_SlDrvMemZero)
                  01018eaa    00000002     --HOLE-- [fill = 0]
                  01018eac    00000016     freertos_builds_CC3220SF_LAUNCHXL_release_ccs.lib : startup_cc32xx_ccs.obj (.text:resetISR)
                  01018ec2    00000016     rtsv7M4_T_le_eabi.lib : strchr.c.obj (.text:strchr)
                  01018ed8    00000014     driverlib.a : cpu.obj (.text:CPUcpsie)
                  01018eec    00000014                 : interrupt.obj (.text:IntVTableBaseSet)
                  01018f00    00000014     mqtt_release.a : mqttclient.oem4 (.text:MQTTClient_publish)
                  01018f14    00000014                    : mqtt_net_func.oem4 (.text:MQTTNet_rtcSecs)
                  01018f28    00000014                    : mqtt_common.oem4 (.text:MQTT_packetAckWlistAppend)
                  01018f3c    00000014                    : mqtt_common.oem4 (.text:MQTT_packetReset)
                  01018f50    00000014     drivers_cc32xx.aem4 : PWM.oem4 (.text:PWM_Params_init)
                  01018f64    00000014                         : PowerCC32XX.oem4 (.text:Power_getDependencyCount)
                  01018f78    00000014                         : SPI.oem4 (.text:SPI_Params_init)
                  01018f8c    00000014     slnetsock_release.a : slnetsock.oem4 (.text:SlNetSock_sdsClrAll)
                  01018fa0    00000014     mqtt_release.a : client_core.oem4 (.text:ack1WlRmfree)
                  01018fb4    00000014     freertos_builds_CC3220SF_LAUNCHXL_release_ccs.lib : tasks.obj (.text:prvDeleteTCB)
                  01018fc8    00000014                                                       : pthread.obj (.text:pthread_attr_setstacksize)
                  01018fdc    00000014                                                       : pthread_mutex.obj (.text:pthread_mutex_lock)
[...]
01017497  TimerControlStall                         
01017503  strncpy                                   
01017539  PinModeGet                                
0101756d  PowerCC32XX_restoreParkState              
010175a1  SemaphoreP_pend                           
010175d5  SlNetUtil_htons                           
010175d5  SlNetUtil_ntohs                           
01017609  TimerCC32XX_freeTimerResource             
0101763d  UDMACC32XX_close                          
010176d9  getStatusofConfiguration                  
010177dd  readDataReadQueueBlocking                 
01017811  vTaskPlaceOnEventList                     
01017879  MQTT_clCtxTimeoutInsert                   
010178dd  printString                               
0101790f  PowerCC32XX_restoreParkedPin              
01017a61  printBorder                               
01017a91  sendToReadDataQueue                       
01017ac1  setStatusofConfiguration                  
01017af1  softwareTimerCallback                     
01017b21  vListInitialise                           
01017b51  vPortExitCritical                         
01017b81  xTaskGetSchedulerState                    
01017bb1  Mutex_create_handle                       
01017bdf  pvTimerGetTimerID                         
01017c0d  __aeabi_i2d                               
01017c3d  HwiP_disable                              
01017c69  NwpPowerOn                                
01017c95  PRCMLPDSIntervalSet                       
01017cc1  PowerCC32XX_getParkState                  
01017ced  SemaphoreP_createBinary                   
01017d19  SlNetIfWifi_recv                          
01017d45  SlNetIfWifi_send                          
01017d71  _SlDrvSyncObjWaitForever                  
01017d9d  configureSTimer                           
01017e21  pthread_mutexattr_settype                 
01017e79  vTaskSetApplicationTaskTag                
01017ea5  xPortSysTickHandler                       
01017ed1  xQueueCreateMutex                         
01017efd  SlNetUtil_inetPton                        
01017f27  TimerLoadSet                              
01017f51  TimerPrescaleSet                          
01017f7b  UARTCC32XXDMA_readCancel                  
01017fa5  UARTCC32XXDMA_writeCancel                 
01018077  uxQueueMessagesWaiting                    
010180a1  HwiP_inISR                                
010180c9  MQTT_packetBufWrUtf8                      
010180f1  PRCMLPDSWakeupSourceEnable                
01018119  PRCMPeripheralClkDisable                  
01018141  Power_registerNotify                      
01018169  SlNetIf_getIfByID                         
01018191  SlNetSock_sdsIsSet                        
010181b9  SlNetSock_sdsSet                          
010181e1  SlNetSock_secAttribDelete                 
01018209  _SlDrvProtectionObjLockWaitForever        
01018231  _SlDrvProtectionObjUnLock                 
01018259  _SlFlowContSet                            
010182a9  _sl_ExtLib_AwaitedAckLockedSet            
010182d1  createQueue                               
010182f9  memmove                                   
01018321  pthread_attr_setschedparam                
01018349  sem_trywait                               
01018371  startSoftwareTimer                        
01018399  xTaskGetApplicationTaskTag                
010183c1  List_put                                  
010183e7  List_remove                               
0101840d  MQTT_clCtxRemove                          
01018433  _pthread_cleanup_pop                      
01018481  IntUnregister                             
010184a5  PowerCC32XX_reset                         
010184c9  SlNetIf_getConnectionStatus               
010184ed  _SlDrvIsApiInProgress                     
01018511  _SlDrvStartMeasureTimeout                 
01018535  _c_int00_noargs                           
010185c5  sem_getvalue                              
010185e9  sl_WlanDisconnect                         
0101860d  vQueueDelete                              
01018631  vTaskInternalSetTimeOutState              
01018655  MQTT_packetProcMsgIdAckRx                 
01018677  SemaphoreP_post                           
01018699  pthread_attr_setdetachstate               
010186bd  ClockP_getCpuFreq                         
010186dd  HwiP_restore                              
010186fd  IntRegister                               
0101871d  MQTT_qos2PubCqReset                       
0101873d  Power_unregisterNotify                    
0101875d  SlNetIfWifi_accept                        
0101881d  ClockP_start                              
0101883b  HwiP_Params_init                          
01018859  MQTTClientCore_alloc                      
01018877  MQTTClientCore_ctxRun                     
01018895  SlNetIfWifi_bind                          
010188b3  SlNetIfWifi_connect                       
010188d1  TimerDisable                              
010188ef  TimerEnable                               
0101890d  _SlDrvObjLockWaitForever                  
0101892b  _SlDrvObjUnLock                           
01018949  _SlDrvSyncObjSignal                       
01018985  jsmn_init                                 
010189fd  ClockP_Params_init                        
01018a19  Message                                   
01018a35  PinToPadGet                               
01018a6d  _SlInternalIsItSpawnThread                
01018aa5  dbgStop                                   
01018add  memccpy                                   
01018b15  pthread_attr_init                         
01018b31  pthread_mutexattr_init                    
01018b4d  pvTaskIncrementMutexHeldCount             
01018b85  MQTT_packetAckWlistPurge                  
01018b9f  PTLS_taskDeleteHook                       
01018bb9  SlNetIfWifi_listen                        
01018bed  pthread_mutex_destroy                     
01018c07  MQTT_clCtxTimeoutUpdate                   
01018c21  Power_idleFunc                            
01018c39  TimerCC32XX_getCount                      
01018c51  TimerIntDisable                           
01018c69  TimerIntEnable                            
01018c81  UARTBusy                                  
01018c99  UART_Params_init                          
01018ce1  free                                      
01018d29  putch                                     
01018d41  __aeabi_lmul                              
01018d59  sem_wait                                  
01018d71  strcmp                                    
01018d89  timerCallback                             
01018da1  writeToUART                               
01018db9  ClockP_setTimeout                         
01018dcf  MQTTNet_commClose                         
01018de5  MQTT_clCtxReset                           
01018dfb  MQTT_packetFree                           
01018e11  MQTT_packetInit                           
01018e27  PRCMHIBRegRead                            
01018e3d  PRCMHIBRegWrite                           
01018e53  PTLS_getBuf                               
01018e69  PTLS_setBuf                               
01018e7f  SemaphoreP_Params_init                    
01018e95  _SlDrvMemZero                             
01018ead  resetISR                                  
01018ebc  resetVectorAddr                           
01018ec3  strchr                                    
01018ed9  CPUcpsie                                  
01018eed  IntVTableBaseSet                          
01018f01  MQTTClient_publish                        
01018f15  MQTTNet_rtcSecs                           
01018f29  MQTT_packetAckWlistAppend                 
01018f3d  MQTT_packetReset                          
01018f51  PWM_Params_init                           
01018f65  Power_getDependencyCount                  
01018f79  SPI_Params_init                           
01018f8d  SlNetSock_sdsClrAll                       
01018fc9  pthread_attr_setstacksize                 
01018fdd  pthread_mutex_lock                        
01018ff1  pthread_self                              
01019005  sem_destroy                               
01019019  strcpy                                    
0101902d  strlen                                    
01019069  vPortSuppressTicksAndSleep                
0101907d  xTaskGetCurrentTaskHandle                 
01019091  xTaskGetTickCount                         
010190a5  HwiP_delete                               
010190b7  SlNetIfWifi_close                         
010190c9  TimerIntClear                             
01019111  wcslen                                    
01019123  Board_init                                
01019133  ClockP_getSystemTickPeriod                
01019143  MQTTClientCore_sendUnsubMsg               
01019153  SlNetSock_secAttribCreate                 
01019165  SysTickDisable                            
01019175  SysTickEnable                             
01019185  Timer_Params_init                         
01019195  _SlDrvDispatchHttpServerEvents            
010191a5  _SlDrvDispatchNetAppRequestEvents         
010191b5  _SlDrvIsSpawnOwnGlobalLock                
010191c5  checkIfTimerActive                        
01019225  vListInitialiseItem                       
01019235  vTaskSuspendAll                           
01019245  MQTTClient_subscribe                      
01019253  MQTTClient_unsubscribe                    
01019261  Power_getTransitionLatency                
0101926f  _SlDrvResetCmdExt                         
0101927d  _sl_ExtLib_AwaitedAckSet                  
01019299  __TI_decompress_none                      
010192b5  spi_Close                                 
010192c3  CPUwfi                                    
010192cf  HwiP_clearInterrupt                       
010192db  HwiP_disableInterrupt                     
010192e7  HwiP_enableInterrupt                      
010192f3  MQTTClientCore_sendConnectMsg             
010192ff  MQTT_secureConnStructInit                 
0101930d  Network_IF_ResetMCUStateMachine           
01019319  NwpMaskInterrupt                          
01019325  NwpUnMaskInterrupt                        
01019331  Power_getConstraintMask                   
0101933d  SemaphoreP_delete                         
01019349  SimpleLinkHttpServerEventHandler          
01019355  SimpleLinkNetAppRequestEventHandler       
01019361  _SlDeviceResetRequestInitCompletedCB      
01019379  copysign                                  
01019379  copysignl                                 
01019385  __TI_zero_init                            
010193a9  uDMAErrorStatusClear                      
010193b5  uDMAErrorStatusGet                        
010193c1  vTaskMissedYield                          
010193cd  IntMasterEnable                           
010193d7  PWM_setDuty                               
010193e1  PWM_start                                 
010193eb  SPI_close                                 
010193f5  SPI_transfer                              
010193ff  SimpleLinkNetAppRequestMemFreeEventHandler
01019409  Timer_start                               
01019413  UART_control                              
0101941d  UART_readPolling                          
01019427  UART_write                                
01019431  UART_writePolling                         
0101943b  sl_Task                                   
01019445  vApplicationStackOverflowHook             
0101944f  ClockP_getSystemTicks                     
01019457  MQTTClientCore_sendSubMsg                 
0101945f  MQTTNet_tcpSend                           
01019467  PRCMSleepEnter                            
0101946f  TimerGetCurrentTimestamp                  
01019497  PWMTimerCC32XX_control                    
0101949d  SPICC32XXDMA_control                      
010194a3  TimerCC32XX_control                       
010194a9  UtilsDelay                                
010194c7  SPICC32XXDMA_init                         
010194cb  SlNetIf_init                              
010194cf  SlNetUtil_init                            
010194d3  __abort_execution                         
010194d7  _system_pre_init                          
010194db  C$$EXIT                                   
010194db  abort                                     
010194e8  _ctypes_                                  
01019924  spiCC32XXDMAHWAttrs                       
0101999c  OpcodeTranslateTable                      
01019a0c  _SlActionLookupTable                      
01019a5c  PowerCC32XX_config                        
01019a9c  PWM_config                                
01019acc  UARTCC32XXDMA_fxnTable                    
01019af4  PWMTimerCC32XX_fxnTable                   
01019b18  UART_defaultParams                        
01019ba4  SPI_defaultParams                         
01019be4  TimerCC32XX_fxnTable                      
01019c24  Display_count                             
01019c25  CONFIG_Crypto_0_CONST                     
01019c26  CryptoCC32XX_count                        
01019c27  CONFIG_GPIO_P15_BIT_1_CONST               
01019c28  CONFIG_GPIO_P63_BIT_2_CONST               
01019c29  CONFIG_GPIO_P50_BIT_3_CONST               
01019c2a  CONFIG_GPIO_P53_BIT_4_CONST               
01019c2b  CONFIG_GPIO_P18_BIT_5_CONST               
01019c2c  CONFIG_GPIO_P03_BIT_6_CONST               
01019c2d  CONFIG_GPIO_P61_BIT_7_CONST               
01019c2e  CONFIG_GPIO_P62_BIT_8_CONST               
01019c2f  CONFIG_PWM_0_CONST                        
01019c30  CONFIG_PWM_1_CONST                        
01019c31  CONFIG_PWM_2_CONST                        
01019c32  CONFIG_PWM_3_CONST                        
01019c33  PWM_count                                 
01019c34  CONFIG_SPI_0_CONST                        
01019c35  CONFIG_NWP_SPI_CONST                      
01019c36  SPI_count                                 
01019c37  CONFIG_TIMER_0_CONST                      
01019c38  Timer_count                               
01019c39  CONFIG_UART_0_CONST                       
01019c3a  UART_count                                
01019c3b  CONFIG_WATCHDOG_0_CONST                   
01019c3c  Watchdog_count                            
01019c40  PWM_defaultParams                         
01019c58  SPICC32XXDMA_fxnTable                     
01019c70  SPI_config                                
01019da0  GPIOCC32XX_config                         
01019e74  pwmTimerCC32XXHWAttrs                     
01019ea4  timerCC32XXHWAttrs                        
01019eb4  Timer_config                              
01019ec0  UART_config                               
01019efc  udmaCC3220SHWAttrs                        
01019f18  UDMACC32XX_config                         
01019f20  ulMaxSyscallInterruptPriority             
01019f40  outPinTypes                               
01019f5e  inPinTypes                                
01019f64  outPinStrengths                           
01019fa8  _SlNetAppSendResponseCmdCtrl              
01019fac  _SlNetAppSendTokenValueCmdCtrl            
01019fe8  __TI_static_base__                        
0101a1b8  __TI_Handler_Table_Base                   
0101a1c4  __TI_Handler_Table_Limit                  
0101a1d0  __TI_CINIT_Base                           
0101a1e0  __TI_CINIT_Limit                          
20000000  __start___llvm_prf_cnts                   
20000000  __stop___llvm_prf_cnts                    
20009000  g_CB                                      
200093fc  clients                                   
200096ac  PowerCC32XX_contextSave                   
20009970  pwmTimerCC32XXObjects                     
20009a00  spiCC32XXDMAObjects                       
20009b08  uartCC32XXObjects0                        
20009bf4  timerCC32XXObjects                        
20009c58  GlobalLockObj                             
20009c84  g_SlInternalSpawnCB                       
20009cac  g_ucConnectionSSID                        
20009d0c  ReadData                                  
20009d40  params                                    
20009e0c  MQTTClient_Lib_CB                         
20009e1c  currentStatus                             
20009e2c  DeviceCB                                  
20009e38  MqttClientExmple_params                   
20009e44  Msg                                       
20009e70  g_ucConnectionBSSID                       
20009e78  spiCC32XXSDMAscratchBuf                   
20009e80  udmaCC3220SObject                         
20009e9c  arm_status                                
20009ea0  camera_report                             
20009ea4  g_JBQueue                                 
20009ea8  g_PBQueue                                 
20009eac  MQTTClient_waitSecs                       
20009eae  g_usConnectIndex                          
20009eb0  RxIrqCnt                                  
20009eb4  HwiP_dispatchTable                        
2000a6b4  PowerCC32XX_module                        
2000a820  parkInfo                                  
2000a918  gApConnectionState                        
2000a91c  gInitState                                
2000a920  memPtrCounterfree                         
2000a924  gResetApplication                         
2000a928  g_rx_task_hndl                            
2000a92c  gUiConnFlag                               
2000a930  ClientUsername                            
2000a934  ClientPassword                            
2000a938  publish_topic1                            
2000a93c  publish_topic2                            
2000a940  mqttThread                                
2000a944  appThread                                 
2000a998  SlNetIfConfigWifi                         
2000aa25  lineBreak                                 
2000aa28  pxCurrentTCB                              
2000aa5c  MQTTClient_net                            
2000aa84  g_LibsEvents                              
2000aaa8  g_UserEvents                              
2000aacc  gpioCallbackFunctions                     
2000aaec  gpioPinConfigs                            
2000ab0c  Mqtt_ClientCtx                            
2000ab78  ClientId                                  
2000ab85  qos                                       
2000ab88  SecurityParams                            
2000abac  g_ulStaIp                                 
2000abb0  g_ulGatewayIP                             
2000abb4  g_ulStatus                                
2000abb8  gGlobalLockCntRequested                   
2000abb9  gGlobalLockCntReleased                    
2000abba  g_SlDeviceStatus                          
2000abbc  g_pCB                                     
2000abc0  pPingCallBackFunc                         
2000abc4  will_param                                
2000abe8  MQTTClient_closeContext                   
2000abec  MQTTClient_clientContext                  
2000abf0  MQTTClient_multiSrvConn                   
2000abf4  MQTTClient_clientCfg                      
2000ac1c  topic                                     
2000ac2c  MQTTClient_connectCfg                     
2000ac44  g_intHandle                               
2003fc00  __stack                                   
20040000  __STACK_END                               
ffffffff  __TI_pprof_out_hndl                       
ffffffff  __TI_prof_data_size                       
ffffffff  __TI_prof_data_start                      
ffffffff  __binit__                                 
ffffffff  __c_args__                                
ffffffff  binit                                     
UNDEFED   __mpu_init                                
UNDEFED   _system_post_cinit                        

[765 symbols]
