******************************************************************************
                  TI ARM Linker PC v20.2.0                     
******************************************************************************
>> Linked Thu Jul 23 15:58:40 2020

OUTPUT FILE NAME:   <mqtt_client_CC3220SF_LAUNCHXL_freertos_ccs.out>
ENTRY POINT SYMBOL: "resetISR"  address: 010174ed


MEMORY CONFIGURATION

         name            origin    length      used     unused   attr    fill
----------------------  --------  ---------  --------  --------  ----  --------
  FLASH_HDR             01000000   000007ff  00000000  000007ff  R  X
  FLASH                 01000800   000ff800  00017f12  000e78ee  R  X
  SRAM                  20000000   00040000  0000add5  0003522b  RW X


SEGMENT ALLOCATION MAP

run origin  load origin   length   init length attrs members
----------  ----------- ---------- ----------- ----- -------
01000800    01000800    00017f18   00017f18    r-x
  01000800    01000800    00000040   00000040    r-- .resetVecs
  01000840    01000840    00017294   00017294    r-x .text
  01017ad4    01017ad4    00000a3e   00000a3e    r-- .const
  01018518    01018518    00000200   00000200    r-- .cinit
20000400    20000400    0000a6cc   00000000    rw-
  20000400    20000400    00009965   00000000    rw- .bss
  20009d68    20009d68    00000d64   00000000    rw- .data
2003fc00    2003fc00    00000400   00000000    rw-
  2003fc00    2003fc00    00000400   00000000    rw- .stack


SECTION ALLOCATION MAP

 output                                  attributes/
section   page    origin      length       input sections
--------  ----  ----------  ----------   ----------------
.resetVecs 
*          0    01000800    00000040     
                  01000800    00000040     freertos_builds_CC3220SF_LAUNCHXL_release_ccs.lib : startup_cc32xx_ccs.obj (.resetVecs:retain)

.text      0    01000840    00017294     
                  01000840    00000a4e     rtsv7M4_T_le_eabi.lib : _printfi.c.obj (.text:__TI_printfi)
                  0100128e    00000002     ti_drivers_config.obj (.text:Board_initHook)
                  01001290    000008cc     simplelink.a : driver.obj (.text:_SlDrvMsgRead)
                  01001b5c    000004bc                  : sl_socket.obj (.text:_SlSocketHandleAsync_Select)
                  01002018    0000042c     driverlib.a : prcm.obj (.text:PRCMCC3200MCUInit)
                  01002444    00000384     simplelink.a : driver.obj (.text:_SlDrvMsgWrite)
                  010027c8    00000320     network_if.obj (.text:Network_IF_ConnectAP)
                  01002ae8    0000031c     mqtt_client_app.obj (.text:jsmn_parse)
                  01002e04    000002e0     simplelink.a : driver.obj (.text:_SlDrvWaitForPoolObj)
                  010030e4    000002d8                  : driver.obj (.text:_SlDrvRxHdrRead)
                  010033bc    000002b4     mqtt_client_app.obj (.text:MqttClient_start)
                  01003670    000002b4     simplelink.a : sl_socket.obj (.text:sl_Select)
                  01003924    00000294                  : driver.obj (.text:_SlDrvReleasePoolObj)
                  01003bb8    0000028d     network_if.obj (.text:SimpleLinkSockEventHandler)
                  01003e45    00000001     --HOLE-- [fill = 0]
                  01003e46    00000002     driverlib.a : interrupt.obj (.text:IntDefaultHandler)
                  01003e48    00000284     client_cbs.obj (.text:MqttClientCallback)
                  010040cc    0000027c     simplelink.a : wlan.obj (.text:sl_WlanConnect)
                  01004348    00000278     freertos_builds_CC3220SF_LAUNCHXL_release_ccs.lib : mqueue.obj (.text:mq_open)
                  010045c0    00000268     rtsv7M4_T_le_eabi.lib : _printfi.c.obj (.text:_pconv_a)
                  01004828    00000264     network_if.obj (.text:Network_IF_InitDriver)
                  01004a8c    0000025c     simplelink.a : driver.obj (.text:_SlDrvDataReadOp)
                  01004ce8    00000234     mqtt_client_app.obj (.text:DisplayAppBanner)
                  01004f1c    00000224     simplelink.a : driver.obj (.text:_SlDrvDriverCBInit)
                  01005140    00000220     mqtt_client_app.obj (.text:mainThread)
                  01005360    00000218     simplelink.a : driver.obj (.text:_SlDrvDataWriteOp)
                  01005578    0000020c     drivers_cc32xx.aem4 : UARTCC32XXDMA.oem4 (.text:UARTCC32XXDMA_open)
                  01005784    00000204     mqtt_client_app.obj (.text:Mqtt_start)
                  01005988    000001f4     simplelink.a : driver.obj (.text:_SlDrvMsgReadCmdCtx)
                  01005b7c    000001f2                  : netapp.obj (.text:_SlNetAppEventHandler)
                  01005d6e    00000002     freertos_builds_CC3220SF_LAUNCHXL_release_ccs.lib : PowerCC32XX_freertos.obj (.text:PowerCC32XX_initPolicy)
                  01005d70    000001e4     drivers_cc32xx.aem4 : GPIOCC32XX.oem4 (.text:GPIO_setConfig)
                  01005f54    000001e1     network_if.obj (.text:SimpleLinkFatalErrorEventHandler)
                  01006135    00000001     --HOLE-- [fill = 0]
                  01006136    00000002     drivers_cc32xx.aem4 : TimerCC32XX.oem4 (.text:TimerCC32XX_init)
                  01006138    000001d8     network_if.obj (.text:SimpleLinkWlanEventHandler)
                  01006310    000001d0     drivers_cc32xx.aem4 : SPICC32XXDMA.oem4 (.text:SPICC32XXDMA_transfer)
                  010064e0    000001d0     freertos_builds_CC3220SF_LAUNCHXL_release_ccs.lib : queue.obj (.text:xQueueSemaphoreTake)
                  010066b0    000001cc     rtsv7M4_T_le_eabi.lib : _printfi.c.obj (.text:_pconv_g)
                  0100687c    000001c8     simplelink.a : device.obj (.text:sl_Stop)
                  01006a44    000001b8     drivers_cc32xx.aem4 : SPICC32XXDMA.oem4 (.text:configDMA)
                  01006bfc    000001b8     freertos_builds_CC3220SF_LAUNCHXL_release_ccs.lib : queue.obj (.text:xQueueGenericSend)
                  01006db4    000001b6     rtsv7M4_T_le_eabi.lib : fd_add_t2.asm.obj (.text)
                  01006f6a    00000002     drivers_cc32xx.aem4 : UARTCC32XXDMA.oem4 (.text:UARTCC32XXDMA_init)
                  01006f6c    000001b4     simplelink.a : driver.obj (.text:_SlDrvReleaseAllActivePendingPoolObj)
                  01007120    000001b0     freertos_builds_CC3220SF_LAUNCHXL_release_ccs.lib : PowerCC32XX_freertos.obj (.text:PowerCC32XX_sleepPolicy)
                  010072d0    000001a8     simplelink.a : sl_socket.obj (.text:sl_Accept)
                  01007478    00000198     slnetsock_release.a : slnetsock.oem4 (.text:SlNetSock_select)
                  01007610    00000190     simplelink.a : sl_socket.obj (.text:_SlDrvRegisterForSelectAsync)
                  010077a0    0000018c     mqtt_client_app.obj (.text:jsmn_parse_string)
                  0100792c    00000184     simplelink.a : driver.obj (.text:_SlDrvFindAndSetActiveObj)
                  01007ab0    00000180     network_if.obj (.text:SimpleLinkNetAppEventHandler)
                  01007c30    0000017c     freertos_builds_CC3220SF_LAUNCHXL_release_ccs.lib : heap_4.obj (.text:pvPortMalloc)
                  01007dac    0000017c                                                       : queue.obj (.text:xQueueReceive)
                  01007f28    00000178     simplelink.a : sl_socket.obj (.text:sl_Connect)
                  010080a0    00000170                  : netapp.obj (.text:sl_NetAppDnsGetHostByName)
                  01008210    00000164     freertos_builds_CC3220SF_LAUNCHXL_release_ccs.lib : timers.obj (.text:prvProcessReceivedCommands)
                  01008374    00000160     mqtt_release.a : mqtt_net_func.oem4 (.text:createSocket)
                  010084d4    00000158     drivers_cc32xx.aem4 : SPICC32XXDMA.oem4 (.text:SPICC32XXDMA_open)
                  0100862c    00000158     freertos_builds_CC3220SF_LAUNCHXL_release_ccs.lib : tasks.obj (.text:xTaskIncrementTick)
                  01008784    00000154     mqtt_release.a : mqttclient.oem4 (.text:MQTTClient_connect)
                  010088d8    00000154     simplelink.a : sl_socket.obj (.text:sl_RecvFrom)
                  01008a2c    0000014c     rtsv7M4_T_le_eabi.lib : vla_alloc.c.obj (.text:__vla_alloc)
                  01008b78    00000148     simplelink.a : sl_socket.obj (.text:_SlDrvGetNextTimeoutValue)
                  01008cc0    00000148     drivers_cc32xx.aem4 : PowerCC32XX.oem4 (.text:parkPins)
                  01008e08    00000148     simplelink.a : sl_socket.obj (.text:sl_StartTLS)
                  01008f50    00000140                  : driver.obj (.text:_SlDrvMsgReadSpawnCtx)
                  01009090    0000013c                  : driver.obj (.text:_SlDrvDriverCBDeinit)
                  010091cc    0000013c     rtsv7M4_T_le_eabi.lib : _printfi.c.obj (.text:_pconv_e)
                  01009308    00000138     mqtt_client_app.obj (.text:MqttClient)
                  01009440    00000138     drivers_cc32xx.aem4 : PowerCC32XX.oem4 (.text:Power_sleep)
                  01009578    00000138     simplelink.a : driver.obj (.text:_SlSpawnMsgListInsert)
                  010096b0    00000138     freertos_builds_CC3220SF_LAUNCHXL_release_ccs.lib : pthread.obj (.text:pthread_create)
                  010097e8    00000136     rtsv7M4_T_le_eabi.lib : fd_div_t2.asm.obj (.text)
                  0100991e    00000002     freertos_builds_CC3220SF_LAUNCHXL_release_ccs.lib : startup_cc32xx_ccs.obj (.text:busFaultHandler)
                  01009920    00000134     simplelink.a : sl_socket.obj (.text:_SlSocketHandleAsync_StartTLS)
                  01009a54    00000128     drivers_cc32xx.aem4 : TimerCC32XX.oem4 (.text:TimerCC32XX_open)
                  01009b7c    00000128     simplelink.a : driver.obj (.text:_SlDrvClassifyRxMsg)
                  01009ca4    00000128     freertos_builds_CC3220SF_LAUNCHXL_release_ccs.lib : tasks.obj (.text:prvInitialiseNewTask)
                  01009dcc    00000124     simplelink.a : fs.obj (.text:sl_FsOpen)
                  01009ef0    00000120                  : driver.obj (.text:_SlDrvAsyncEventGenericHandler)
                  0100a010    00000120     rtsv7M4_T_le_eabi.lib : _printfi.c.obj (.text:fcvt)
                  0100a130    0000011c     dataTimer.obj (.text:formatDataForQueue)
                  0100a24c    0000011c     simplelink.a : device.obj (.text:sl_Start)
                  0100a368    0000011c     freertos_builds_CC3220SF_LAUNCHXL_release_ccs.lib : tasks.obj (.text:xTaskResumeAll)
                  0100a484    00000118     simplelink.a : netapp.obj (.text:_SlNetAppHandleAsync_DnsGetHostByService)
                  0100a59c    00000112     mqtt_release.a : mqtt_common.oem4 (.text:MQTT_PacketRecv)
                  0100a6ae    00000002     freertos_builds_CC3220SF_LAUNCHXL_release_ccs.lib : startup_cc32xx_ccs.obj (.text:defaultHandler)
                  0100a6b0    00000110     rtsv7M4_T_le_eabi.lib : strtoul.c.obj (.text:strtoul)
                  0100a7c0    0000010a     uart_term.obj (.text:Report)
                  0100a8ca    0000010a     freertos_builds_CC3220SF_LAUNCHXL_release_ccs.lib : queue.obj (.text:xQueueGenericSendFromISR)
                  0100a9d4    00000108     slnetsock_release.a : slnetutils.oem4 (.text:SlNetUtil_str2BinIpV6)
                  0100aadc    00000104     mqtt_client_app.obj (.text:Mqtt_IF_Connect)
                  0100abe0    00000104     mqtt_client_app.obj (.text:ReceiveClient)
                  0100ace4    00000104     simplelink.a : device.obj (.text:_SlDeviceEventHandler)
                  0100ade8    00000104                  : driver.obj (.text:_SlDrvCmdOp)
                  0100aeec    00000104     freertos_builds_CC3220SF_LAUNCHXL_release_ccs.lib : tasks.obj (.text:vTaskPriorityDisinheritAfterTimeout)
                  0100aff0    00000100     simplelink.a : driver.obj (.text:_SlDrvObjGlobalLockWaitForever)
                  0100b0f0    00000100                  : fs.obj (.text:sl_FsWrite)
                  0100b1f0    00000100     freertos_builds_CC3220SF_LAUNCHXL_release_ccs.lib : tasks.obj (.text:vTaskDelete)
                  0100b2f0    000000fc     rtsv7M4_T_le_eabi.lib : fd_mul_t2.asm.obj (.text)
                  0100b3ec    000000fc     freertos_builds_CC3220SF_LAUNCHXL_release_ccs.lib : tasks.obj (.text:vTaskSuspend)
                  0100b4e8    000000f8     mqtt_release.a : mqttclient.oem4 (.text:MqttClientCtxCreate)
                  0100b5e0    000000f8     slnetifwifi.a : slnetifwifi.obj (.text:SlNetIfWifi_loadSecObj)
                  0100b6d8    000000f8     drivers_cc32xx.aem4 : UARTCC32XXDMA.oem4 (.text:UARTCC32XXDMA_close)
                  0100b7d0    000000f8     simplelink.a : sl_socket.obj (.text:sl_Close)
                  0100b8c8    000000f8     mqtt_release.a : client_core.oem4 (.text:utf8ArraySend)
                  0100b9c0    000000f6                    : mqtt_net_func.oem4 (.text:MQTTNet_commOpen)
                  0100bab6    00000002     freertos_builds_CC3220SF_LAUNCHXL_release_ccs.lib : startup_cc32xx_ccs.obj (.text:faultISR)
                  0100bab8    000000f4     simplelink.a : sl_socket.obj (.text:sl_SendTo)
                  0100bbac    000000f2     drivers_cc32xx.aem4 : SPICC32XXDMA.oem4 (.text:SPICC32XXDMA_transferCancel)
                  0100bc9e    000000f0     freertos_builds_CC3220SF_LAUNCHXL_release_ccs.lib : queue.obj (.text:xQueueGiveFromISR)
                  0100bd8e    00000002                                                       : startup_cc32xx_ccs.obj (.text:nmiISR)
                  0100bd90    000000e8     drivers_cc32xx.aem4 : UARTCC32XXDMA.oem4 (.text:initHw)
                  0100be78    000000e4     slnetsock_release.a : slnetif.oem4 (.text:SlNetIf_add)
                  0100bf5c    000000e0     freertos_builds_CC3220SF_LAUNCHXL_release_ccs.lib : tasks.obj (.text:xTaskPriorityDisinherit)
                  0100c03c    000000de     mqtt_release.a : client_core.oem4 (.text:connectMsgSend)
                  0100c11a    00000002     rtsv7M4_T_le_eabi.lib : div0.asm.obj (.text)
                  0100c11c    000000dc     freertos_builds_CC3220SF_LAUNCHXL_release_ccs.lib : tasks.obj (.text:vTaskSwitchContext)
                  0100c1f8    000000d8     uart_term.obj (.text:GetCmd)
                  0100c2d0    000000d8     drivers_cc32xx.aem4 : SPICC32XXDMA.oem4 (.text:SPICC32XXDMA_close)
                  0100c3a8    000000d8     simplelink.a : device.obj (.text:_SlDeviceHandleAsync_InitComplete)
                  0100c480    000000d8                  : driver.obj (.text:_SlDrvWaitForInternalAsyncEvent)
                  0100c558    000000d8                  : netapp.obj (.text:_SlNetAppHandleAsync_NetAppReceive)
                  0100c630    000000d8     freertos_builds_CC3220SF_LAUNCHXL_release_ccs.lib : queue.obj (.text:xQueueReceiveFromISR)
                  0100c708    000000d4                                                       : mqueue.obj (.text:mq_timedsend)
                  0100c7dc    000000d4                                                       : tasks.obj (.text:xTaskPriorityInherit)
                  0100c8b0    000000d0     mqtt_client_app.obj (.text:Mqtt_Stop)
                  0100c980    000000d0     mqtt_client_app.obj (.text:SetClientIdNamefromMacAddress)
                  0100ca50    000000d0     simplelink.a : driver.obj (.text:_SlDrvRemoveFromList)
                  0100cb20    000000d0     rtsv7M4_T_le_eabi.lib : s_scalbn.c.obj (.text:scalbn)
                  0100cbf0    000000cc     mqtt_release.a : mqttclient.oem4 (.text:processNotifyAckCB)
                  0100ccbc    000000c8     mqtt_client_app.obj (.text:jsmn_parse_primitive)
                  0100cd84    000000c8     drivers_cc32xx.aem4 : SPICC32XXDMA.oem4 (.text:spiHwiFxn)
                  0100ce4c    000000c4                         : GPIOCC32XX.oem4 (.text:GPIO_init)
                  0100cf10    000000c4     freertos_builds_CC3220SF_LAUNCHXL_release_ccs.lib : tasks.obj (.text:prvAddNewTaskToReadyList)
                  0100cfd4    000000c0     mqtt_release.a : mqttclient.oem4 (.text:MqttClientSub)
                  0100d094    000000c0     simplelink.a : cc_pal.obj (.text:NwpPowerOff)
                  0100d154    000000c0     drivers_cc32xx.aem4 : PowerCC32XX.oem4 (.text:restoreParkedPins)
                  0100d214    000000c0     simplelink.a : netcfg.obj (.text:sl_NetCfgGet)
                  0100d2d4    000000c0     freertos_builds_CC3220SF_LAUNCHXL_release_ccs.lib : port.obj (.text:xPortStartScheduler)
                  0100d394    000000bc     simplelink.a : netapp.obj (.text:_SlNetAppSendResponse)
                  0100d450    000000bc     mqtt_release.a : client_core.oem4 (.text:clCtxConnStateTryLocked)
                  0100d50c    000000bc     freertos_builds_CC3220SF_LAUNCHXL_release_ccs.lib : queue.obj (.text:prvCopyDataToQueue)
                  0100d5c8    000000bc                                                       : heap_4.obj (.text:prvHeapInit)
                  0100d684    000000bc                                                       : timers.obj (.text:prvSwitchTimerLists)
                  0100d740    000000bc     simplelink.a : sl_socket.obj (.text:sl_Send)
                  0100d7fc    000000ba     freertos_builds_CC3220SF_LAUNCHXL_release_ccs.lib : portasm.obj (.text)
                  0100d8b6    00000002     --HOLE-- [fill = 0]
                  0100d8b8    000000b8     drivers_cc32xx.aem4 : UARTCC32XXDMA.oem4 (.text:UARTCC32XXDMA_configDMA)
                  0100d970    000000b8     simplelink.a : netapp.obj (.text:_SlNetAppHandleAsync_DnsGetHostByName)
                  0100da28    000000b8                  : netapp.obj (.text:_SlNetAppHandleAsync_PingResponse)
                  0100dae0    000000b8                  : device.obj (.text:sl_DeviceGet)
                  0100db98    000000b8                  : wlan.obj (.text:sl_WlanGet)
                  0100dc50    000000b8     freertos_builds_CC3220SF_LAUNCHXL_release_ccs.lib : queue.obj (.text:xQueueGenericReset)
                  0100dd08    000000b4     mqtt_release.a : mqttclient.oem4 (.text:MqttClient_send)
                  0100ddbc    000000b4     drivers_cc32xx.aem4 : UARTCC32XXDMA.oem4 (.text:UARTCC32XXDMA_hwiIntFxn)
                  0100de70    000000b4     simplelink.a : driver.obj (.text:_SlDrvHandleFatalError)
                  0100df24    000000b4                  : netutil.obj (.text:_SlNetUtilHandleAsync_Cmd)
                  0100dfd8    000000b4     freertos_builds_CC3220SF_LAUNCHXL_release_ccs.lib : clock.obj (.text:_clock_abstime2ticks)
                  0100e08c    000000b4     simplelink.a : sl_socket.obj (.text:sl_GetSockOpt)
                  0100e140    000000b1     rtsv7M4_T_le_eabi.lib : _printfi.c.obj (.text:_ltostr)
                  0100e1f1    00000003     --HOLE-- [fill = 0]
                  0100e1f4    000000b0     slnetifwifi.a : slnetifwifi.obj (.text:SlNetIfWifi_getSockOpt)
                  0100e2a4    000000b0     freertos_builds_CC3220SF_LAUNCHXL_release_ccs.lib : tasks.obj (.text:prvAddCurrentTaskToDelayedList)
                  0100e354    000000b0                                                       : tasks.obj (.text:xTaskCheckForTimeOut)
                  0100e404    000000ae     slnetifwifi.a : slnetifwifi.obj (.text:matchModeByRole)
                  0100e4b2    000000ae     freertos_builds_CC3220SF_LAUNCHXL_release_ccs.lib : queue.obj (.text:prvUnlockQueue)
                  0100e560    000000ac     simplelink.a : sl_socket.obj (.text:_SlSocketHandleAsync_Close)
                  0100e60c    000000ac                  : sl_socket.obj (.text:_SlSocketHandleAsync_Connect)
                  0100e6b8    000000ac     freertos_builds_CC3220SF_LAUNCHXL_release_ccs.lib : clock.obj (.text:clock_gettime)
                  0100e764    000000a8     driverlib.a : interrupt.obj (.text:IntDisable)
                  0100e80c    000000a8                 : interrupt.obj (.text:IntEnable)
                  0100e8b4    000000a8     network_if.obj (.text:Network_IF_IpConfigGet)
                  0100e95c    000000a8     driverlib.a : prcm.obj (.text:PRCMPeripheralClockGet)
                  0100ea04    000000a8     drivers_cc32xx.aem4 : PowerCC32XX.oem4 (.text:PowerCC32XX_configureWakeup)
                  0100eaac    000000a8     freertos_builds_CC3220SF_LAUNCHXL_release_ccs.lib : heap_4.obj (.text:prvInsertBlockIntoFreeList)
                  0100eb54    000000a8     simplelink.a : fs.obj (.text:sl_FsClose)
                  0100ebfc    000000a8     freertos_builds_CC3220SF_LAUNCHXL_release_ccs.lib : heap_4.obj (.text:vPortFree)
                  0100eca4    000000a8                                                       : tasks.obj (.text:xTaskRemoveFromEventList)
                  0100ed4c    000000a6     simplelink.a : driver.obj (.text:_SlDrvIsTimeoutExpired)
                  0100edf2    00000002     --HOLE-- [fill = 0]
                  0100edf4    000000a4     mqtt_release.a : mqttclient.oem4 (.text:MQTTClient_create)
                  0100ee98    000000a4                    : mqttclient.oem4 (.text:MQTTClient_delete)
                  0100ef3c    000000a4                    : mqttclient.oem4 (.text:MqttClientConfig)
                  0100efe0    000000a4     simplelink.a : sl_socket.obj (.text:sl_Bind)
                  0100f084    000000a0     freertos_builds_CC3220SF_LAUNCHXL_release_ccs.lib : ClockP_freertos.obj (.text:ClockP_create)
                  0100f124    000000a0     simplelink.a : fs.obj (.text:FsGetCreateFsMode)
                  0100f1c4    000000a0     mqtt_client_app.obj (.text:Mqtt_ClientStop)
                  0100f264    000000a0     simplelink.a : sl_socket.obj (.text:_SlDrvUnRegisterForSelectAsync)
                  0100f304    000000a0                  : driver.obj (.text:_SlSpawnMsgListProcess)
                  0100f3a4    0000009e                  : cc_pal.obj (.text:spi_Read)
                  0100f442    0000009e                  : cc_pal.obj (.text:spi_Write)
                  0100f4e0    0000009c     mqtt_release.a : client_core.oem4 (.text:MQTTClientCore_initLib)
                  0100f57c    0000009c                    : client_core.oem4 (.text:MQTTClientCore_sendPubMsg)
                  0100f618    0000009c                    : mqttclient.oem4 (.text:MqttClientUnsub)
                  0100f6b4    0000009c                    : client_core.oem4 (.text:_msgDispatch)
                  0100f750    0000009c     rtsv7M4_T_le_eabi.lib : memcpy_t2.asm.obj (.text)
                  0100f7ec    0000009a     mqtt_release.a : client_core.oem4 (.text:procPubMsgRx)
                  0100f886    00000098     uart_term.obj (.text:TrimSpace)
                  0100f91e    00000002     --HOLE-- [fill = 0]
                  0100f920    00000098     drivers_cc32xx.aem4 : GPIOCC32XX.oem4 (.text:powerNotifyFxn)
                  0100f9b8    00000096     mqtt_release.a : mqtt_net_func.oem4 (.text:MQTTNet_tcpSelect)
                  0100fa4e    00000096     rtsv7M4_T_le_eabi.lib : ull_div_t2.asm.obj (.text)
                  0100fae4    00000094     simplelink.a : cc_pal.obj (.text:Semaphore_pend_handle)
                  0100fb78    00000094     drivers_cc32xx.aem4 : SPICC32XXDMA.oem4 (.text:initHw)
                  0100fc0c    00000094     freertos_builds_CC3220SF_LAUNCHXL_release_ccs.lib : tasks.obj (.text:vTaskStartScheduler)
                  0100fca0    00000092     slnetsock_release.a : slnetsock.oem4 (.text:SlNetSock_create)
                  0100fd32    00000002     --HOLE-- [fill = 0]
                  0100fd34    00000090                         : slnetsock.oem4 (.text:SlNetSock_getVirtualSdConf)
                  0100fdc4    00000090     simplelink.a : device.obj (.text:_SlDeviceHandleAsync_Stop)
                  0100fe54    00000090                  : sl_socket.obj (.text:_SlSocketHandleAsync_Accept)
                  0100fee4    00000090     mqtt_release.a : mqttclient.oem4 (.text:processPublishRxCB)
                  0100ff74    00000090     drivers_cc32xx.aem4 : PowerCC32XX.oem4 (.text:restoreNVICRegs)
                  01010004    0000008d     mqtt_client_app.obj (.text:DisplayBanner)
                  01010091    00000003     --HOLE-- [fill = 0]
                  01010094    0000008c     mqtt_release.a : client_core.oem4 (.text:MQTTClientCore_createCtx)
                  01010120    0000008c     slnetsock_release.a : slnetsock.oem4 (.text:SlNetSock_accept)
                  010101ac    0000008c     drivers_cc32xx.aem4 : UARTCC32XXDMA.oem4 (.text:UARTCC32XXDMA_write)
                  01010238    0000008c     simplelink.a : driver.obj (.text:_SlDrvDriverIsApiAllowed)
                  010102c4    0000008c                  : driver.obj (.text:_SlDrvProtectAsyncRespSetting)
                  01010350    0000008c     freertos_builds_CC3220SF_LAUNCHXL_release_ccs.lib : clock.obj (.text:_clock_gettimeMono)
                  010103dc    0000008c     simplelink.a : sl_socket.obj (.text:sl_Recv)
                  01010468    00000088     driverlib.a : pin.obj (.text:PinConfigSet)
                  010104f0    00000088     drivers_cc32xx.aem4 : TimerCC32XX.oem4 (.text:TimerCC32XX_setPeriod)
                  01010578    00000088     mqtt_release.a : client_core.oem4 (.text:procConnackRx)
                  01010600    00000088     freertos_builds_CC3220SF_LAUNCHXL_release_ccs.lib : timers.obj (.text:prvProcessTimerOrBlockTask)
                  01010688    00000088     simplelink.a : eventreg.obj (.text:sl_UnregisterLibsEventHandler)
                  01010710    00000088     mqtt_release.a : client_core.oem4 (.text:wrConnectPayload)
                  01010798    00000086     rtsv7M4_T_le_eabi.lib : fd_cmp_t2.asm.obj (.text:__aeabi_cdcmple)
                  0101081e    00000086                           : fd_cmp_t2.asm.obj (.text:__aeabi_cdrcmple)
                  010108a4    00000084     mqtt_client_app.obj (.text:MqttClientThread)
                  01010928    00000084     drivers_cc32xx.aem4 : PowerCC32XX.oem4 (.text:Power_init)
                  010109ac    00000084     slnetifwifi.a : slnetifwifi.obj (.text:SlNetIfWifi_sockstartSec)
                  01010a30    00000084     slnetsock_release.a : slnetutils.oem4 (.text:SlNetUtil_getHostByName)
                  01010ab4    00000084     mqtt_release.a : client_core.oem4 (.text:mqpSetupProcCtxDataRecv)
                  01010b38    00000084     drivers_cc32xx.aem4 : PowerCC32XX.oem4 (.text:saveNVICRegs)
                  01010bbc    00000084     simplelink.a : sl_socket.obj (.text:sl_SetSockOpt)
                  01010c40    00000084     freertos_builds_CC3220SF_LAUNCHXL_release_ccs.lib : timers.obj (.text:xTimerGenericCommand)
                  01010cc4    00000080     drivers_cc32xx.aem4 : PowerCC32XX.oem4 (.text:Power_setDependency)
                  01010d44    00000080                         : UARTCC32XXDMA.oem4 (.text:UARTCC32XXDMA_read)
                  01010dc4    00000080     mqtt_release.a : client_core.oem4 (.text:clCtxPartSend)
                  01010e44    00000080     freertos_builds_CC3220SF_LAUNCHXL_release_ccs.lib : timers.obj (.text:prvProcessExpiredTimer)
                  01010ec4    0000007c     drivers_cc32xx.aem4 : UDMACC32XX.oem4 (.text:UDMACC32XX_open)
                  01010f40    0000007c     mqtt_release.a : client_core.oem4 (.text:procCtxDataRecv)
                  01010fbc    0000007a     drivers_cc32xx.aem4 : UARTCC32XXDMA.oem4 (.text:UARTCC32XXDMA_readPolling)
                  01011036    0000007a     freertos_builds_CC3220SF_LAUNCHXL_release_ccs.lib : mqueue.obj (.text:mq_receive)
                  010110b0    0000007a                                                       : pthread.obj (.text:removeThreadKeys)
                  0101112a    0000007a     rtsv7M4_T_le_eabi.lib : memset_t2.asm.obj (.text)
                  010111a4    0000007a     freertos_builds_CC3220SF_LAUNCHXL_release_ccs.lib : tasks.obj (.text:xTaskCreate)
                  0101121e    00000002     --HOLE-- [fill = 0]
                  01011220    00000078     drivers_cc32xx.aem4 : GPIOCC32XX.oem4 (.text:GPIO_hwiIntFxn)
                  01011298    00000078     mqtt_release.a : mqtt_net_func.oem4 (.text:MQTTNet_recvFrom)
                  01011310    00000078     drivers_cc32xx.aem4 : TimerCC32XX.oem4 (.text:TimerCC32XX_start)
                  01011388    00000078     rtsv7M4_T_le_eabi.lib : vla_alloc.c.obj (.text:_ZN33_INTERNAL_11_vla_alloc_c_be8bd49b21free_dead_allocationsEPv)
                  01011400    00000078     freertos_builds_CC3220SF_LAUNCHXL_release_ccs.lib : timers.obj (.text:prvInsertTimerInActiveList)
                  01011478    00000078     simplelink.a : sl_socket.obj (.text:sl_Socket)
                  010114f0    00000076     debugIntercomponent.obj (.text:dbgOutputLoc)
                  01011566    00000002     --HOLE-- [fill = 0]
                  01011568    00000074     mqtt_release.a : mqtt_net_func.oem4 (.text:MQTTNet_tcpAccept)
                  010115dc    00000074     slnetsock_release.a : slnetsock.oem4 (.text:SlNetSock_AllocVirtualSocket)
                  01011650    00000074     mqtt_release.a : client_core.oem4 (.text:groupCtxsRxPrep)
                  010116c4    00000074     main_freertos.obj (.text:main)
                  01011738    00000074     freertos_builds_CC3220SF_LAUNCHXL_release_ccs.lib : tasks.obj (.text:prvInitialiseTaskLists)
                  010117ac    00000074                                                       : pthread_mutex.obj (.text:pthread_mutex_init)
                  01011820    00000074                                                       : port.obj (.text:vPortValidateInterruptPriority)
                  01011894    00000072     mqtt_release.a : mqtt_common.oem4 (.text:MQTT_packetProcPubRx)
                  01011906    00000002     --HOLE-- [fill = 0]
                  01011908    00000070     slnetsock_release.a : slnetsock.oem4 (.text:SlNetSock_secAttribSet)
                  01011978    00000070     simplelink.a : driver.obj (.text:_SlDrvCmdSend_noLock)
                  010119e8    00000070     rtsv7M4_T_le_eabi.lib : vla_alloc.c.obj (.text:__vla_dealloc)
                  01011a58    00000070     freertos_builds_CC3220SF_LAUNCHXL_release_ccs.lib : ClockP_freertos.obj (.text:setClockObjTimeout)
                  01011ac8    0000006e     rtsv7M4_T_le_eabi.lib : _printfi.c.obj (.text:_mcpy)
                  01011b36    00000002     --HOLE-- [fill = 0]
                  01011b38    0000006c     mqtt_release.a : mqttclient.oem4 (.text:MQTTClient_run)
                  01011ba4    0000006c     slnetsock_release.a : slnetutils.oem4 (.text:SlNetUtil_str2BinIpV4)
                  01011c10    0000006c     simplelink.a : device.obj (.text:_SlDeviceHandleResetRequestInternally)
                  01011c7c    0000006c                  : sl_socket.obj (.text:_SlDrvOpenCtrlSocket)
                  01011ce8    0000006c                  : netapp.obj (.text:_SlNetAppSendTokenValue)
                  01011d54    0000006a     mqtt_release.a : mqtt_net_func.oem4 (.text:MQTTNet_sendTo)
                  01011dbe    00000068                    : mqtt_common.oem4 (.text:MQTT_qos2PubCqUnlog)
                  01011e26    00000002     --HOLE-- [fill = 0]
                  01011e28    00000068     simplelink.a : driver.obj (.text:_SlSpawnMsgListGetCount)
                  01011e90    00000068     rtsv7M4_T_le_eabi.lib : copy_decompress_lzss.c.obj (.text:decompress:lzss:__TI_decompress_lzss)
                  01011ef8    00000068     simplelink.a : cc_pal.obj (.text:spi_Open)
                  01011f60    00000066     freertos_builds_CC3220SF_LAUNCHXL_release_ccs.lib : timers.obj (.text:prvInitialiseNewTimer)
                  01011fc6    00000066                                                       : memory.obj (.text:realloc)
                  0101202c    00000066                                                       : list.obj (.text:vListInsert)
                  01012092    00000002     --HOLE-- [fill = 0]
                  01012094    00000064                                                       : ClockP_freertos.obj (.text:ClockP_stop)
                  010120f8    00000064     mqtt_release.a : mqtt_common.oem4 (.text:MQTT_packetPubAppendTopic)
                  0101215c    00000064     drivers_cc32xx.aem4 : PowerCC32XX.oem4 (.text:PowerCC32XX_setParkState)
                  010121c0    00000064     freertos_builds_CC3220SF_LAUNCHXL_release_ccs.lib : pthread_mutex.obj (.text:acquireMutex)
                  01012224    00000064     mqtt_release.a : client_core.oem4 (.text:clientReset)
                  01012288    00000064                    : client_core.oem4 (.text:doNetClose)
                  010122ec    00000064     freertos_builds_CC3220SF_LAUNCHXL_release_ccs.lib : tasks.obj (.text:prvGetExpectedIdleTime)
                  01012350    00000060                                                       : HwiPCC32XX_freertos.obj (.text:HwiP_create)
                  010123b0    00000060     driverlib.a : prcm.obj (.text:PRCMSysResetCauseGet)
                  01012410    00000060     slnetsock_release.a : slnetsock.oem4 (.text:SlNetSock_recvFrom)
                  01012470    00000060                         : slnetsock.oem4 (.text:SlNetSock_sendTo)
                  010124d0    00000060     drivers_cc32xx.aem4 : UARTCC32XXDMA.oem4 (.text:UARTCC32XXDMA_control)
                  01012530    00000060     freertos_builds_CC3220SF_LAUNCHXL_release_ccs.lib : pthread_mutex.obj (.text:pthread_mutex_unlock)
                  01012590    00000060                                                       : queue.obj (.text:xQueueGenericCreate)
                  010125f0    0000005e     slnetifwifi.a : slnetifwifi.obj (.text:SlNetIfWifi_setSockOpt)
                  0101264e    0000005e     freertos_builds_CC3220SF_LAUNCHXL_release_ccs.lib : semaphore.obj (.text:sem_timedwait)
                  010126ac    0000005c     drivers_cc32xx.aem4 : GPIOCC32XX.oem4 (.text:GPIO_setCallback)
                  01012708    0000005c     mqtt_release.a : client_core.oem4 (.text:MQTTClientCore_exitLib)
                  01012764    0000005c                    : mqtt_net_func.oem4 (.text:MQTTNet_tcpListen)
                  010127c0    0000005c     simplelink.a : spawn.obj (.text:_SlInternalSpawn)
                  0101281c    0000005c     freertos_builds_CC3220SF_LAUNCHXL_release_ccs.lib : memory.obj (.text:calloc)
                  01012878    0000005c     rtsv7M4_T_le_eabi.lib : s_frexp.c.obj (.text:frexp)
                  010128d4    0000005c     freertos_builds_CC3220SF_LAUNCHXL_release_ccs.lib : tasks.obj (.text:prvIdleTask)
                  01012930    0000005c                                                       : pthread.obj (.text:pthread_exit)
                  0101298c    0000005c                                                       : queue.obj (.text:vQueueWaitForMessageRestricted)
                  010129e8    0000005c                                                       : tasks.obj (.text:vTaskDelay)
                  01012a44    00000058     drivers_cc32xx.aem4 : GPIOCC32XX.oem4 (.text:GPIO_write)
                  01012a9c    00000058     driverlib.a : interrupt.obj (.text:IntPendClear)
                  01012af4    00000058                 : prcm.obj (.text:PRCMPeripheralReset)
                  01012b4c    00000058     drivers_cc32xx.aem4 : PowerCC32XX.oem4 (.text:Power_releaseDependency)
                  01012ba4    00000058     slnetsock_release.a : slnetsock.oem4 (.text:SlNetSock_recv)
                  01012bfc    00000058                         : slnetsock.oem4 (.text:SlNetSock_send)
                  01012c54    00000058     simplelink.a : sl_socket.obj (.text:_SlDrvClearCtrlSocket)
                  01012cac    00000058     mqtt_release.a : client_core.oem4 (.text:clRecv)
                  01012d04    00000058     freertos_builds_CC3220SF_LAUNCHXL_release_ccs.lib : tasks.obj (.text:eTaskConfirmSleepModeStatus)
                  01012d5c    00000058     mqtt_release.a : client_core.oem4 (.text:singleCtxKaSequence)
                  01012db4    00000058     simplelink.a : sl_socket.obj (.text:sl_Listen)
                  01012e0c    00000058                  : eventreg.obj (.text:sl_RegisterLibsEventHandler)
                  01012e64    00000058     freertos_builds_CC3220SF_LAUNCHXL_release_ccs.lib : port.obj (.text:vPortSetupTimerInterrupt)
                  01012ebc    00000058                                                       : queue.obj (.text:xQueueCreateCountingSemaphore)
                  01012f14    00000058                                                       : queue.obj (.text:xQueueTakeMutexRecursive)
                  01012f6c    00000056     mqtt_release.a : mqtt_common.oem4 (.text:MQTT_packetPubAppendData)
                  01012fc2    00000056     freertos_builds_CC3220SF_LAUNCHXL_release_ccs.lib : SemaphoreP_freertos.obj (.text:SemaphoreP_create)
                  01013018    00000056     drivers_cc32xx.aem4 : TimerCC32XX.oem4 (.text:TimerCC32XX_stop)
                  0101306e    00000056     rtsv7M4_T_le_eabi.lib : _printfi.c.obj (.text:_pconv_f)
                  010130c4    00000056     mqtt_release.a : client_core.oem4 (.text:procAckMsgRx)
                  0101311a    00000002     --HOLE-- [fill = 0]
                  0101311c    00000054     freertos_builds_CC3220SF_LAUNCHXL_release_ccs.lib : ClockP_freertos.obj (.text:ClockP_delete)
                  01013170    00000054     uart_term.obj (.text:InitTerm)
                  010131c4    00000054     driverlib.a : interrupt.obj (.text:IntPrioritySet)
                  01013218    00000054     mqtt_release.a : client_core.oem4 (.text:MQTTClientCore_deleteCtx)
                  0101326c    00000054                    : client_core.oem4 (.text:MQTTClientCore_sendDisconn)
                  010132c0    00000054     simplelink.a : driver.obj (.text:_SlDrvRxIrqHandler)
                  01013314    00000054     rtsv7M4_T_le_eabi.lib : _ltoa.c.obj (.text:__TI_ltoa)
                  01013368    00000054     mqtt_release.a : client_core.oem4 (.text:grpNetSetupCreate)
                  010133bc    00000054     freertos_builds_CC3220SF_LAUNCHXL_release_ccs.lib : timers.obj (.text:xTimerCreateTimerTask)
                  01013410    00000052     drivers_cc32xx.aem4 : PowerCC32XX_asm.oem4 (.text:PowerCC32XX_resumeLPDS)
                  01013462    00000052     rtsv7M4_T_le_eabi.lib : _printfi.c.obj (.text:_ecpy)
                  010134b4    00000052     drivers_cc32xx.aem4 : TimerCC32XX.oem4 (.text:initHw)
                  01013506    00000002     --HOLE-- [fill = 0]
                  01013508    00000050     mqtt_client_app.obj (.text:MQTT_SendMsgToQ)
                  01013558    00000050     simplelink.a : cc_pal.obj (.text:NwpRegisterInterruptHandler)
                  010135a8    00000050     slnetsock_release.a : slnetif.oem4 (.text:SlNetIf_queryIf)
                  010135f8    00000050     drivers_cc32xx.aem4 : TimerCC32XX.oem4 (.text:TimerCC32XX_allocateTimerResource)
                  01013648    00000050                         : UARTCC32XXDMA.oem4 (.text:UARTCC32XXDMA_writePolling)
                  01013698    00000050     simplelink.a : sl_socket.obj (.text:_SlDrvCloseCtrlSocket)
                  010136e8    00000050                  : driver.obj (.text:_SlDrvCmdSend_noWait)
                  01013738    00000050                  : driver.obj (.text:_SlDrvUpdateApiInProgress)
                  01013788    00000050                  : spawn.obj (.text:_SlInternalSpawnTaskEntry)
                  010137d8    00000050                  : eventreg.obj (.text:_SlNetAppHttpServerHdlr)
                  01013828    00000050                  : eventreg.obj (.text:_SlNetAppRequestHdlr)
                  01013878    00000050     mqtt_release.a : client_core.oem4 (.text:_procAckMsgRx)
                  010138c8    00000050     freertos_builds_CC3220SF_LAUNCHXL_release_ccs.lib : mqueue.obj (.text:mq_close)
                  01013918    00000050                                                       : port.obj (.text:pxPortInitialiseStack)
                  01013968    00000050                                                       : semaphore.obj (.text:sem_init)
                  010139b8    00000050                                                       : queue.obj (.text:xQueueGiveMutexRecursive)
                  01013a08    0000004e     mqtt_release.a : client_core.oem4 (.text:MQTTClientCore_registerWillInfo)
                  01013a56    0000004e     drivers_cc32xx.aem4 : UARTCC32XXDMA.oem4 (.text:writeCancel)
                  01013aa4    0000004c                         : GPIOCC32XX.oem4 (.text:GPIO_enableInt)
                  01013af0    0000004c     simplelink.a : cc_pal.obj (.text:NwpWaitForShutDownInd)
                  01013b3c    0000004c     drivers_cc32xx.aem4 : PowerCC32XX.oem4 (.text:PowerCC32XX_parkPin)
                  01013b88    0000004c     slnetifwifi.a : slnetifwifi.obj (.text:SlNetIfWifi_getConnectionStatus)
                  01013bd4    0000004c     slnetsock_release.a : slnetsock.oem4 (.text:SlNetSock_freeVirtualSocket)
                  01013c20    0000004c                         : slnetsock.oem4 (.text:SlNetSock_startSec)
                  01013c6c    0000004c     mqtt_release.a : client_core.oem4 (.text:ack1WlMqpDispatch)
                  01013cb8    0000004c     rtsv7M4_T_le_eabi.lib : atoi.c.obj (.text:atoi)
                  01013d04    0000004c     freertos_builds_CC3220SF_LAUNCHXL_release_ccs.lib : startup_cc32xx_ccs.obj (.text:initVectors)
                  01013d50    0000004c     mqtt_release.a : client_core.oem4 (.text:loopbTrigger)
                  01013d9c    0000004c     freertos_builds_CC3220SF_LAUNCHXL_release_ccs.lib : timers.obj (.text:prvCheckForValidListAndQueue)
                  01013de8    0000004c                                                       : tasks.obj (.text:prvCheckTasksWaitingTermination)
                  01013e34    0000004c     drivers_cc32xx.aem4 : PowerCC32XX.oem4 (.text:restorePeriphClocks)
                  01013e80    0000004c     mqtt_release.a : client_core.oem4 (.text:singleCtxRxPrep)
                  01013ecc    0000004c     simplelink.a : wlan.obj (.text:sl_WlanSetMode)
                  01013f18    0000004c     rtsv7M4_T_le_eabi.lib : snprintf.c.obj (.text:snprintf)
                  01013f64    0000004c     freertos_builds_CC3220SF_LAUNCHXL_release_ccs.lib : port.obj (.text:vPortEnterCritical)
                  01013fb0    0000004c                                                       : tasks.obj (.text:vTaskSetThreadLocalStoragePointer)
                  01013ffc    0000004a     mqtt_release.a : client_core.oem4 (.text:clCtxRecv)
                  01014046    0000004a     drivers_cc32xx.aem4 : UARTCC32XXDMA.oem4 (.text:readCancel)
                  01014090    00000048     driverlib.a : flash.obj (.text:FlashDisable)
                  010140d8    00000048     freertos_builds_CC3220SF_LAUNCHXL_release_ccs.lib : HwiPCC32XX_freertos.obj (.text:HwiP_dispatch)
                  01014120    00000048     mqtt_release.a : mqttclient.oem4 (.text:MQTTClient_set)
                  01014168    00000048     mqtt_client_app.obj (.text:MQTT_SendMsgToQueue)
                  010141b0    00000048     driverlib.a : prcm.obj (.text:PRCMLPDSEnter)
                  010141f8    00000048                 : prcm.obj (.text:PRCMPeripheralClkEnable)
                  01014240    00000048     drivers_cc32xx.aem4 : PowerCC32XX.oem4 (.text:Power_releaseConstraint)
                  01014288    00000048     slnetsock_release.a : slnetsock.oem4 (.text:SlNetSock_connect)
                  010142d0    00000048                         : slnetsock.oem4 (.text:SlNetSock_init)
                  01014318    00000048                         : slnetsock.oem4 (.text:SlNetSock_setOpt)
                  01014360    00000048     simplelink.a : eventreg.obj (.text:_SlDeviceFatalErrorEvtHdlr)
                  010143a8    00000048                  : eventreg.obj (.text:_SlDeviceGeneralEvtHdlr)
                  010143f0    00000048                  : driver.obj (.text:_SlDrvBasicCmd)
                  01014438    00000048                  : driver.obj (.text:_SlDrvSyncObjWaitTimeout)
                  01014480    00000048                  : eventreg.obj (.text:_SlNetAppEvtHdlr)
                  010144c8    00000048                  : eventreg.obj (.text:_SlNetAppRequestMemFree)
                  01014510    00000048                  : eventreg.obj (.text:_SlSockEvtHdlr)
                  01014558    00000048                  : eventreg.obj (.text:_SlWlanEvtHdlr)
                  010145a0    00000048     mqtt_release.a : client_core.oem4 (.text:bufUTF8WrTry)
                  010145e8    00000048                    : client_core.oem4 (.text:clCtxSetup)
                  01014630    00000048     rtsv7M4_T_le_eabi.lib : fd_toi_t2.asm.obj (.text)
                  01014678    00000048     freertos_builds_CC3220SF_LAUNCHXL_release_ccs.lib : sleep.obj (.text:sleep)
                  010146c0    00000048                                                       : list.obj (.text:uxListRemove)
                  01014708    00000048     mqtt_release.a : client_core.oem4 (.text:wrConnectVh)
                  01014750    00000046     drivers_cc32xx.aem4 : TimerCC32XX.oem4 (.text:getPrescaler)
                  01014796    00000002     --HOLE-- [fill = 0]
                  01014798    00000044     mqtt_release.a : client_core.oem4 (.text:MQTTClientCore_run)
                  010147dc    00000044                    : mqtt_net_func.oem4 (.text:MQTTNet_tcpRecv)
                  01014820    00000044                    : mqttclient.oem4 (.text:MqttClientCtxDelete)
                  01014864    00000044     driverlib.a : prcm.obj (.text:PRCMLPDSRestoreInfoSet)
                  010148a8    00000044     drivers_cc32xx.aem4 : PowerCC32XX_asm.oem4 (.text:PowerCC32XX_enterLPDS)
                  010148ec    00000044                         : SPI.oem4 (.text:SPI_init)
                  01014930    00000044     slnetsock_release.a : slnetutils.oem4 (.text:SlNetUtil_strTok)
                  01014974    00000044     drivers_cc32xx.aem4 : Timer.oem4 (.text:Timer_init)
                  010149b8    00000044                         : UART.oem4 (.text:UART_init)
                  010149fc    00000044     rtsv7M4_T_le_eabi.lib : autoinit.c.obj (.text:__TI_auto_init_nobinit_nopinit:__TI_auto_init_nobinit_nopinit)
                  01014a40    00000044     freertos_builds_CC3220SF_LAUNCHXL_release_ccs.lib : queue.obj (.text:prvInitialiseNewQueue)
                  01014a84    00000044     ti_net_config.obj (.text:ti_net_SlNet_initConfig)
                  01014ac8    00000044     freertos_builds_CC3220SF_LAUNCHXL_release_ccs.lib : tasks.obj (.text:vTaskStepTick)
                  01014b0c    00000044     mqtt_release.a : client_core.oem4 (.text:vhMsgSend)
                  01014b50    00000042                    : mqtt_common.oem4 (.text:MQTT_packetBufRdRemlen)
                  01014b92    00000042     freertos_builds_CC3220SF_LAUNCHXL_release_ccs.lib : memory.obj (.text:malloc)
                  01014bd4    00000040     simplelink.a : sl_socket.obj (.text:CountSetBits)
                  01014c14    00000040     network_if.obj (.text:InitializeAppVariables)
                  01014c54    00000040     mqtt_release.a : client_core.oem4 (.text:MQTTClientCore_registerCtxInfo)
                  01014c94    00000040     driverlib.a : pin.obj (.text:PinModeSet)
                  01014cd4    00000040     drivers_cc32xx.aem4 : SPI.oem4 (.text:SPI_open)
                  01014d14    00000040     network_if.obj (.text:SimpleLinkGeneralEventHandler)
                  01014d54    00000040     slnetsock_release.a : slnetsock.oem4 (.text:SlNetSock_bind)
                  01014d94    00000040     drivers_cc32xx.aem4 : Timer.oem4 (.text:Timer_open)
                  01014dd4    00000040                         : UART.oem4 (.text:UART_open)
                  01014e14    00000040                         : UDMACC32XX.oem4 (.text:UDMACC32XX_init)
                  01014e54    00000040     simplelink.a : driver.obj (.text:_SlDrvGlobalObjUnLock)
                  01014e94    00000040                  : driver.obj (.text:_SlFindAndReleasePendingCmd)
                  01014ed4    00000040                  : spawn.obj (.text:_SlInternalSpawnWaitForEvent)
                  01014f14    00000040                  : eventreg.obj (.text:_SlIsEventRegistered)
                  01014f54    00000040     freertos_builds_CC3220SF_LAUNCHXL_release_ccs.lib : aeabi_portable.obj (.text:__aeabi_errno_addr)
                  01014f94    00000040     mqtt_release.a : mqttclient.oem4 (.text:_sl_ExtLib_ServerAckLockedWait)
                  01014fd4    00000040     mqtt_client_app.obj (.text:jsmn_alloc_token)
                  01015014    00000040     mqtt_release.a : client_core.oem4 (.text:netConnect)
                  01015054    00000040     freertos_builds_CC3220SF_LAUNCHXL_release_ccs.lib : tasks.obj (.text:vTaskPlaceOnEventListRestricted)
                  01015094    00000040     rtsv7M4_T_le_eabi.lib : vsnprintf.c.obj (.text:vsnprintf)
                  010150d4    0000003e     freertos_builds_CC3220SF_LAUNCHXL_release_ccs.lib : ClockP_freertos.obj (.text:ClockP_callbackFxn)
                  01015112    0000003e     mqtt_release.a : mqtt_common.oem4 (.text:MQTT_packetAckWlistRemove)
                  01015150    0000003e                    : mqtt_common.oem4 (.text:MQTT_packetBufTailWrRemlen)
                  0101518e    0000003e     slnetsock_release.a : slnetsock.oem4 (.text:SlNetSock_close)
                  010151cc    0000003e     simplelink.a : sl_socket.obj (.text:_SlSocketBuildAddress)
                  0101520a    0000003e     rtsv7M4_T_le_eabi.lib : _printfi.c.obj (.text:_fcpy)
                  01015248    0000003e     mqtt_release.a : client_core.oem4 (.text:clCtxSeg1Send)
                  01015286    0000003e                    : client_core.oem4 (.text:procPingrspRx)
                  010152c4    0000003e     freertos_builds_CC3220SF_LAUNCHXL_release_ccs.lib : pthread.obj (.text:pthread_setcancelstate)
                  01015302    0000003e                                                       : semaphore.obj (.text:sem_post)
                  01015340    0000003c     mqtt_release.a : client_core.oem4 (.text:MQTTClientCore_registerBuffers)
                  0101537c    0000003c                    : mqttclient.oem4 (.text:MQTTClient_disconnect)
                  010153b8    0000003c                    : mqtt_common.oem4 (.text:MQTT_qos2PubCqCheck)
                  010153f4    0000003c     network_if.obj (.text:Network_IF_DisconnectFromAP)
                  01015430    0000003c     driverlib.a : prcm.obj (.text:PRCMSlowClkCtrFastGet)
                  0101546c    0000003c     drivers_cc32xx.aem4 : PowerCC32XX.oem4 (.text:Power_setConstraint)
                  010154a8    0000003c     simplelink.a : netapp.obj (.text:_SlNetAppCopyPingResultsToReport)
                  010154e4    0000003c     dataTimer.obj (.text:configureDataTimer)
                  01015520    0000003c     mqtt_release.a : mqttclient.oem4 (.text:processDisconnCB)
                  0101555c    0000003c     freertos_builds_CC3220SF_LAUNCHXL_release_ccs.lib : queue.obj (.text:prvCopyDataFromQueue)
                  01015598    0000003c                                                       : tasks.obj (.text:prvResetNextTaskUnblockTime)
                  010155d4    0000003c                                                       : tasks.obj (.text:pvTaskGetThreadLocalStoragePointer)
                  01015610    0000003c     mqtt_release.a : client_core.oem4 (.text:singleCtxRxPrepLocked)
                  0101564c    0000003c                    : client_core.oem4 (.text:tailIncorpMsgID)
                  01015688    0000003c     simplelink.a : sl_socket.obj (.text:to_mSec)
                  010156c4    0000003c     freertos_builds_CC3220SF_LAUNCHXL_release_ccs.lib : sleep.obj (.text:usleep)
                  01015700    0000003c                                                       : list.obj (.text:vListInsertEnd)
                  0101573c    0000003c                                                       : timers.obj (.text:xTimerCreate)
                  01015778    0000003a     slnetifwifi.a : slnetifwifi.obj (.text:SlNetIfWifi_getIPAddr)
                  010157b2    0000003a     drivers_cc32xx.aem4 : TimerCC32XX.oem4 (.text:TimerCC32XX_close)
                  010157ec    0000003a     mqtt_release.a : mqtt_common.oem4 (.text:mqpProcVhMsgIdRx)
                  01015826    00000002     --HOLE-- [fill = 0]
                  01015828    00000038                    : client_core.oem4 (.text:MQTTClientCore_registerNetSvc)
                  01015860    00000038                    : mqtt_common.oem4 (.text:MQTT_qos2PubCqLogup)
                  01015898    00000038     driverlib.a : prcm.obj (.text:PRCMLPDSEnterKeepDebugIf)
                  010158d0    00000038     slnetifwifi.a : slnetifwifi.obj (.text:SlNetIfWifi_recvFrom)
                  01015908    00000038                   : slnetifwifi.obj (.text:SlNetIfWifi_sendTo)
                  01015940    00000038                   : slnetifwifi.obj (.text:SlNetIfWifi_socket)
                  01015978    00000038     slnetsock_release.a : slnetif.oem4 (.text:SlNetIf_configCheck)
                  010159b0    00000038                         : slnetsock.oem4 (.text:SlNetSock_listen)
                  010159e8    00000038                         : slnetutils.oem4 (.text:SlNetUtil_htonl)
                  01015a20    00000038     drivers_cc32xx.aem4 : TimerCC32XX.oem4 (.text:TimerCC32XX_hwiIntFunction)
                  01015a58    00000038     mqtt_release.a : client_core.oem4 (.text:mqpAllocAtomic)
                  01015a90    00000038                    : client_core.oem4 (.text:netRecv)
                  01015ac8    00000038     drivers_cc32xx.aem4 : PowerCC32XX.oem4 (.text:notify)
                  01015b00    00000038     freertos_builds_CC3220SF_LAUNCHXL_release_ccs.lib : timers.obj (.text:prvGetNextExpireTime)
                  01015b38    00000038                                                       : port.obj (.text:prvTaskExitError)
                  01015b70    00000038     drivers_cc32xx.aem4 : UARTCC32XXDMA.oem4 (.text:startTxFifoEmptyClk)
                  01015ba8    00000036     mqtt_release.a : mqtt_common.oem4 (.text:MQTT_packetPrepFh)
                  01015bde    00000036     slnetifwifi.a : slnetifwifi.obj (.text:SlNetIfWifi_getHostByName)
                  01015c14    00000036                   : slnetifwifi.obj (.text:SlNetIfWifi_select)
                  01015c4a    00000036     driverlib.a : timer.obj (.text:TimerControlStall)
                  01015c80    00000036     mqtt_release.a : client_core.oem4 (.text:_procPubRecRx)
                  01015cb6    00000036     rtsv7M4_T_le_eabi.lib : strncpy.c.obj (.text:strncpy)
                  01015cec    00000034     driverlib.a : pin.obj (.text:PinModeGet)
                  01015d20    00000034     drivers_cc32xx.aem4 : PowerCC32XX.oem4 (.text:PowerCC32XX_restoreParkState)
                  01015d54    00000034     freertos_builds_CC3220SF_LAUNCHXL_release_ccs.lib : SemaphoreP_freertos.obj (.text:SemaphoreP_pend)
                  01015d88    00000034     slnetsock_release.a : slnetutils.oem4 (.text:SlNetUtil_htons)
                  01015dbc    00000034     drivers_cc32xx.aem4 : TimerCC32XX.oem4 (.text:TimerCC32XX_freeTimerResource)
                  01015df0    00000034                         : UDMACC32XX.oem4 (.text:UDMACC32XX_close)
                  01015e24    00000034     freertos_builds_CC3220SF_LAUNCHXL_release_ccs.lib : mqueue.obj (.text:findInList)
                  01015e58    00000034     drivers_cc32xx.aem4 : TimerCC32XX.oem4 (.text:getPowerMgrId)
                  01015e8c    00000034     mqtt_release.a : client_core.oem4 (.text:groupCtxsKaSequence)
                  01015ec0    00000034                    : client_core.oem4 (.text:mqpFreeLocked)
                  01015ef4    00000034                    : client_core.oem4 (.text:procLoopbackRecv)
                  01015f28    00000034     freertos_builds_CC3220SF_LAUNCHXL_release_ccs.lib : timers.obj (.text:prvSampleTimeNow)
                  01015f5c    00000034                                                       : tasks.obj (.text:vTaskPlaceOnEventList)
                  01015f90    00000034     drivers_cc32xx.aem4 : UARTCC32XXDMA.oem4 (.text:writeFinishedDoCallback)
                  01015fc4    00000032     mqtt_release.a : mqtt_common.oem4 (.text:MQTT_clCtxTimeoutInsert)
                  01015ff6    00000032                    : client_core.oem4 (.text:connectedStateRx)
                  01016028    00000032     uart_term.obj (.text:printString)
                  0101605a    00000030     drivers_cc32xx.aem4 : PowerCC32XX.oem4 (.text:PowerCC32XX_restoreParkedPin)
                  0101608a    00000030     simplelink.a : fs.obj (.text:_SlFsStrlen)
                  010160ba    00000030     rtsv7M4_T_le_eabi.lib : snprintf.c.obj (.text:_outs)
                  010160ea    00000030                           : vsnprintf.c.obj (.text:_outs)
                  0101611a    00000030     mqtt_release.a : client_core.oem4 (.text:ack2MsgIdUnlog)
                  0101614a    00000002     --HOLE-- [fill = 0]
                  0101614c    00000030                    : client_core.oem4 (.text:clientDescInit)
                  0101617c    00000030                    : mqttclient.oem4 (.text:getAvailableClictxMem)
                  010161ac    00000030     mqtt_client_app.obj (.text:printBorder)
                  010161dc    00000030     freertos_builds_CC3220SF_LAUNCHXL_release_ccs.lib : list.obj (.text:vListInitialise)
                  0101620c    00000030                                                       : port.obj (.text:vPortExitCritical)
                  0101623c    00000030                                                       : tasks.obj (.text:xTaskGetSchedulerState)
                  0101626c    0000002e     simplelink.a : cc_pal.obj (.text:Mutex_create_handle)
                  0101629a    0000002e     freertos_builds_CC3220SF_LAUNCHXL_release_ccs.lib : timers.obj (.text:pvTimerGetTimerID)
                  010162c8    0000002e     rtsv7M4_T_le_eabi.lib : i_tofd_t2.asm.obj (.text)
                  010162f6    00000002     --HOLE-- [fill = 0]
                  010162f8    0000002c     freertos_builds_CC3220SF_LAUNCHXL_release_ccs.lib : HwiPCC32XX_freertos.obj (.text:HwiP_disable)
                  01016324    0000002c     simplelink.a : cc_pal.obj (.text:NwpPowerOn)
                  01016350    0000002c     driverlib.a : prcm.obj (.text:PRCMLPDSIntervalSet)
                  0101637c    0000002c     drivers_cc32xx.aem4 : PowerCC32XX.oem4 (.text:PowerCC32XX_getParkState)
                  010163a8    0000002c     freertos_builds_CC3220SF_LAUNCHXL_release_ccs.lib : SemaphoreP_freertos.obj (.text:SemaphoreP_createBinary)
                  010163d4    0000002c     slnetifwifi.a : slnetifwifi.obj (.text:SlNetIfWifi_recv)
                  01016400    0000002c                   : slnetifwifi.obj (.text:SlNetIfWifi_send)
                  0101642c    0000002c     simplelink.a : driver.obj (.text:_SlDrvSyncObjWaitForever)
                  01016458    0000002c     mqtt_release.a : client_core.oem4 (.text:doNetCloseRx)
                  01016484    0000002c     mqtt_client_app.obj (.text:jsmn_fill_token)
                  010164b0    0000002c     freertos_builds_CC3220SF_LAUNCHXL_release_ccs.lib : pthread_mutex.obj (.text:pthread_mutexattr_settype)
                  010164dc    0000002c     mqtt_release.a : client_core.oem4 (.text:singleCtxAdjWaitSecsGet)
                  01016508    0000002c     freertos_builds_CC3220SF_LAUNCHXL_release_ccs.lib : tasks.obj (.text:vTaskSetApplicationTaskTag)
                  01016534    0000002c                                                       : port.obj (.text:xPortSysTickHandler)
                  01016560    0000002c                                                       : queue.obj (.text:xQueueCreateMutex)
                  0101658c    0000002a     slnetsock_release.a : slnetutils.oem4 (.text:SlNetUtil_inetPton)
                  010165b6    0000002a     driverlib.a : timer.obj (.text:TimerLoadSet)
                  010165e0    0000002a                 : timer.obj (.text:TimerPrescaleSet)
                  0101660a    0000002a     drivers_cc32xx.aem4 : UARTCC32XXDMA.oem4 (.text:UARTCC32XXDMA_readCancel)
                  01016634    0000002a                         : UARTCC32XXDMA.oem4 (.text:UARTCC32XXDMA_writeCancel)
                  0101665e    0000002a     mqtt_release.a : client_core.oem4 (.text:ack2MsgIdDispatch)
                  01016688    0000002a                    : client_core.oem4 (.text:pingReqSend)
                  010166b2    0000002a     freertos_builds_CC3220SF_LAUNCHXL_release_ccs.lib : queue.obj (.text:prvInitialiseMutex)
                  010166dc    0000002a     mqtt_release.a : client_core.oem4 (.text:txPartSetup)
                  01016706    0000002a     freertos_builds_CC3220SF_LAUNCHXL_release_ccs.lib : queue.obj (.text:uxQueueMessagesWaiting)
                  01016730    00000028                                                       : HwiPCC32XX_freertos.obj (.text:HwiP_inISR)
                  01016758    00000028     mqtt_release.a : mqtt_common.oem4 (.text:MQTT_packetBufWrUtf8)
                  01016780    00000028     driverlib.a : prcm.obj (.text:PRCMLPDSWakeupSourceEnable)
                  010167a8    00000028                 : prcm.obj (.text:PRCMPeripheralClkDisable)
                  010167d0    00000028     drivers_cc32xx.aem4 : PowerCC32XX.oem4 (.text:Power_registerNotify)
                  010167f8    00000028     slnetsock_release.a : slnetif.oem4 (.text:SlNetIf_getIfByID)
                  01016820    00000028                         : slnetsock.oem4 (.text:SlNetSock_sdsIsSet)
                  01016848    00000028                         : slnetsock.oem4 (.text:SlNetSock_sdsSet)
                  01016870    00000028                         : slnetsock.oem4 (.text:SlNetSock_secAttribDelete)
                  01016898    00000028     simplelink.a : driver.obj (.text:_SlDrvProtectionObjLockWaitForever)
                  010168c0    00000028                  : driver.obj (.text:_SlDrvProtectionObjUnLock)
                  010168e8    00000028                  : flowcont.obj (.text:_SlFlowContSet)
                  01016910    00000028     mqtt_release.a : client_core.oem4 (.text:_procPubRelRx)
                  01016938    00000028                    : mqttclient.oem4 (.text:_sl_ExtLib_AwaitedAckLockedSet)
                  01016960    00000028     rtsv7M4_T_le_eabi.lib : memmov.c.obj (.text:memmove)
                  01016988    00000028     freertos_builds_CC3220SF_LAUNCHXL_release_ccs.lib : pthread.obj (.text:pthread_attr_setschedparam)
                  010169b0    00000028                                                       : semaphore.obj (.text:sem_trywait)
                  010169d8    00000028                                                       : tasks.obj (.text:xTaskGetApplicationTaskTag)
                  01016a00    00000026     drivers_cc32xx.aem4 : List.oem4 (.text:List_put)
                  01016a26    00000026                         : List.oem4 (.text:List_remove)
                  01016a4c    00000026     mqtt_release.a : mqtt_common.oem4 (.text:MQTT_clCtxRemove)
                  01016a72    00000026     freertos_builds_CC3220SF_LAUNCHXL_release_ccs.lib : pthread.obj (.text:_pthread_cleanup_pop)
                  01016a98    00000026                                                       : queue.obj (.text:prvIsQueueFull)
                  01016abe    00000002     --HOLE-- [fill = 0]
                  01016ac0    00000024     driverlib.a : interrupt.obj (.text:IntUnregister)
                  01016ae4    00000024     drivers_cc32xx.aem4 : PowerCC32XX.oem4 (.text:PowerCC32XX_reset)
                  01016b08    00000024     slnetsock_release.a : slnetif.oem4 (.text:SlNetIf_getConnectionStatus)
                  01016b2c    00000024     simplelink.a : driver.obj (.text:_SlDrvIsApiInProgress)
                  01016b50    00000024                  : driver.obj (.text:_SlDrvStartMeasureTimeout)
                  01016b74    00000024     rtsv7M4_T_le_eabi.lib : boot_cortex_m.c.obj (.text:_c_int00_noargs:_c_int00_noargs)
                  01016b98    00000024     mqtt_release.a : client_core.oem4 (.text:conn2usedCtxs)
                  01016bbc    00000024     freertos_builds_CC3220SF_LAUNCHXL_release_ccs.lib : queue.obj (.text:prvGetDisinheritPriorityAfterTimeout)
                  01016be0    00000024     mqtt_release.a : client_core.oem4 (.text:recvHvecLoad)
                  01016c04    00000024     freertos_builds_CC3220SF_LAUNCHXL_release_ccs.lib : semaphore.obj (.text:sem_getvalue)
                  01016c28    00000024     simplelink.a : wlan.obj (.text:sl_WlanDisconnect)
                  01016c4c    00000024     freertos_builds_CC3220SF_LAUNCHXL_release_ccs.lib : queue.obj (.text:vQueueDelete)
                  01016c70    00000024                                                       : tasks.obj (.text:vTaskInternalSetTimeOutState)
                  01016c94    00000022     mqtt_release.a : mqtt_common.oem4 (.text:MQTT_packetProcMsgIdAckRx)
                  01016cb6    00000022     freertos_builds_CC3220SF_LAUNCHXL_release_ccs.lib : SemaphoreP_freertos.obj (.text:SemaphoreP_post)
                  01016cd8    00000022                                                       : pthread.obj (.text:pthread_attr_setdetachstate)
                  01016cfa    00000002     --HOLE-- [fill = 0]
                  01016cfc    00000020                                                       : ClockP_freertos.obj (.text:ClockP_getCpuFreq)
                  01016d1c    00000020                                                       : HwiPCC32XX_freertos.obj (.text:HwiP_restore)
                  01016d3c    00000020     driverlib.a : interrupt.obj (.text:IntRegister)
                  01016d5c    00000020     mqtt_release.a : mqtt_common.oem4 (.text:MQTT_qos2PubCqReset)
                  01016d7c    00000020     drivers_cc32xx.aem4 : PowerCC32XX.oem4 (.text:Power_unregisterNotify)
                  01016d9c    00000020     slnetifwifi.a : slnetifwifi.obj (.text:SlNetIfWifi_accept)
                  01016dbc    00000020     drivers_cc32xx.aem4 : SPICC32XXDMA.oem4 (.text:getPowerMgrId)
                  01016ddc    00000020                         : UARTCC32XXDMA.oem4 (.text:getPowerMgrId)
                  01016dfc    00000020     freertos_builds_CC3220SF_LAUNCHXL_release_ccs.lib : queue.obj (.text:prvIsQueueEmpty)
                  01016e1c    00000020                                                       : semaphore.obj (.text:semaphorePend)
                  01016e3c    00000020     mqtt_release.a : client_core.oem4 (.text:session311fix)
                  01016e5c    0000001e     freertos_builds_CC3220SF_LAUNCHXL_release_ccs.lib : ClockP_freertos.obj (.text:ClockP_start)
                  01016e7a    0000001e                                                       : HwiPCC32XX_freertos.obj (.text:HwiP_Params_init)
                  01016e98    0000001e     mqtt_release.a : client_core.oem4 (.text:MQTTClientCore_alloc)
                  01016eb6    0000001e                    : client_core.oem4 (.text:MQTTClientCore_ctxRun)
                  01016ed4    0000001e     slnetifwifi.a : slnetifwifi.obj (.text:SlNetIfWifi_bind)
                  01016ef2    0000001e                   : slnetifwifi.obj (.text:SlNetIfWifi_connect)
                  01016f10    0000001e     driverlib.a : timer.obj (.text:TimerDisable)
                  01016f2e    0000001e                 : timer.obj (.text:TimerEnable)
                  01016f4c    0000001e     simplelink.a : driver.obj (.text:_SlDrvObjLockWaitForever)
                  01016f6a    0000001e                  : driver.obj (.text:_SlDrvObjUnLock)
                  01016f88    0000001e                  : driver.obj (.text:_SlDrvSyncObjSignal)
                  01016fa6    0000001e     freertos_builds_CC3220SF_LAUNCHXL_release_ccs.lib : pthread.obj (.text:_pthread_runStub)
                  01016fc4    0000001e     mqtt_client_app.obj (.text:jsmn_init)
                  01016fe2    0000001e     drivers_cc32xx.aem4 : UDMACC32XX.oem4 (.text:postNotifyFxn)
                  01017000    0000001e     mqtt_release.a : client_core.oem4 (.text:procNetDataRecv)
                  0101701e    0000001e                    : client_core.oem4 (.text:sessionDelete)
                  0101703c    0000001c     freertos_builds_CC3220SF_LAUNCHXL_release_ccs.lib : ClockP_freertos.obj (.text:ClockP_Params_init)
                  01017058    0000001c     uart_term.obj (.text:Message)
                  01017074    0000001c     driverlib.a : pin.obj (.text:PinToPadGet)
                  01017090    0000001c     simplelink.a : device.obj (.text:_SlDeviceGetStartResponseConvert)
                  010170ac    0000001c                  : spawn.obj (.text:_SlInternalIsItSpawnThread)
                  010170c8    0000001c     mqtt_release.a : client_core.oem4 (.text:awaitsPkts)
                  010170e4    0000001c     debugIntercomponent.obj (.text:dbgStop)
                  01017100    0000001c     mqtt_release.a : client_core.oem4 (.text:doNetCloseTx)
                  0101711c    0000001c     rtsv7M4_T_le_eabi.lib : memccpy.c.obj (.text:memccpy)
                  01017138    0000001c     mqtt_release.a : client_core.oem4 (.text:processRecv)
                  01017154    0000001c     freertos_builds_CC3220SF_LAUNCHXL_release_ccs.lib : pthread.obj (.text:pthread_attr_init)
                  01017170    0000001c                                                       : pthread_mutex.obj (.text:pthread_mutexattr_init)
                  0101718c    0000001c                                                       : tasks.obj (.text:pvTaskIncrementMutexHeldCount)
                  010171a8    0000001c     mqtt_release.a : client_core.oem4 (.text:usedCtxsTOSort)
                  010171c4    0000001a                    : mqtt_common.oem4 (.text:MQTT_packetAckWlistPurge)
                  010171de    0000001a     freertos_builds_CC3220SF_LAUNCHXL_release_ccs.lib : PTLS.obj (.text:PTLS_taskDeleteHook)
                  010171f8    0000001a     slnetifwifi.a : slnetifwifi.obj (.text:SlNetIfWifi_listen)
                  01017212    0000001a     freertos_builds_CC3220SF_LAUNCHXL_release_ccs.lib : timers.obj (.text:prvTimerTask)
                  0101722c    0000001a                                                       : pthread_mutex.obj (.text:pthread_mutex_destroy)
                  01017246    00000018     mqtt_release.a : mqtt_common.oem4 (.text:MQTT_clCtxTimeoutUpdate)
                  0101725e    00000002     --HOLE-- [fill = 0]
                  01017260    00000018     drivers_cc32xx.aem4 : PowerCC32XX.oem4 (.text:Power_idleFunc)
                  01017278    00000018                         : TimerCC32XX.oem4 (.text:TimerCC32XX_getCount)
                  01017290    00000018     driverlib.a : timer.obj (.text:TimerIntDisable)
                  010172a8    00000018                 : timer.obj (.text:TimerIntEnable)
                  010172c0    00000018                 : uart.obj (.text:UARTBusy)
                  010172d8    00000018     drivers_cc32xx.aem4 : UART.oem4 (.text:UART_Params_init)
                  010172f0    00000018     rtsv7M4_T_le_eabi.lib : snprintf.c.obj (.text:_outc)
                  01017308    00000018                           : vsnprintf.c.obj (.text:_outc)
                  01017320    00000018     freertos_builds_CC3220SF_LAUNCHXL_release_ccs.lib : memory.obj (.text:free)
                  01017338    00000018     mqtt_release.a : client_core.oem4 (.text:groupCtxsAdjWaitSecsGet)
                  01017350    00000018                    : client_core.oem4 (.text:netClCtxFind)
                  01017368    00000018     uart_term.obj (.text:putch)
                  01017380    00000018     rtsv7M4_T_le_eabi.lib : ll_mul_t2.asm.obj (.text)
                  01017398    00000018     freertos_builds_CC3220SF_LAUNCHXL_release_ccs.lib : semaphore.obj (.text:sem_wait)
                  010173b0    00000018     rtsv7M4_T_le_eabi.lib : strcmp.c.obj (.text:strcmp)
                  010173c8    00000018     dataTimer.obj (.text:timerCallback)
                  010173e0    00000018     uart_term.obj (.text:writeToUART)
                  010173f8    00000016     freertos_builds_CC3220SF_LAUNCHXL_release_ccs.lib : ClockP_freertos.obj (.text:ClockP_setTimeout)
                  0101740e    00000016     mqtt_release.a : mqtt_net_func.oem4 (.text:MQTTNet_commClose)
                  01017424    00000016                    : mqtt_common.oem4 (.text:MQTT_clCtxReset)
                  0101743a    00000016                    : mqtt_common.oem4 (.text:MQTT_packetFree)
                  01017450    00000016                    : mqtt_common.oem4 (.text:MQTT_packetInit)
                  01017466    00000016     driverlib.a : prcm.obj (.text:PRCMHIBRegRead)
                  0101747c    00000016                 : prcm.obj (.text:PRCMHIBRegWrite)
                  01017492    00000016     freertos_builds_CC3220SF_LAUNCHXL_release_ccs.lib : PTLS.obj (.text:PTLS_getBuf)
                  010174a8    00000016                                                       : PTLS.obj (.text:PTLS_setBuf)
                  010174be    00000016                                                       : SemaphoreP_freertos.obj (.text:SemaphoreP_Params_init)
                  010174d4    00000016     simplelink.a : driver.obj (.text:_SlDrvMemZero)
                  010174ea    00000002     --HOLE-- [fill = 0]
                  010174ec    00000016     freertos_builds_CC3220SF_LAUNCHXL_release_ccs.lib : startup_cc32xx_ccs.obj (.text:resetISR)
                  01017502    00000016     rtsv7M4_T_le_eabi.lib : strchr.c.obj (.text:strchr)
                  01017518    00000014     driverlib.a : cpu.obj (.text:CPUcpsie)
                  0101752c    00000014                 : interrupt.obj (.text:IntVTableBaseSet)
                  01017540    00000014     mqtt_release.a : mqttclient.oem4 (.text:MQTTClient_publish)
                  01017554    00000014                    : mqtt_net_func.oem4 (.text:MQTTNet_rtcSecs)
                  01017568    00000014                    : mqtt_common.oem4 (.text:MQTT_packetAckWlistAppend)
                  0101757c    00000014                    : mqtt_common.oem4 (.text:MQTT_packetReset)
                  01017590    00000014     drivers_cc32xx.aem4 : PowerCC32XX.oem4 (.text:Power_getDependencyCount)
                  010175a4    00000014                         : SPI.oem4 (.text:SPI_Params_init)
                  010175b8    00000014     slnetsock_release.a : slnetsock.oem4 (.text:SlNetSock_sdsClrAll)
                  010175cc    00000014     mqtt_release.a : client_core.oem4 (.text:ack1WlRmfree)
                  010175e0    00000014     freertos_builds_CC3220SF_LAUNCHXL_release_ccs.lib : tasks.obj (.text:prvDeleteTCB)
                  010175f4    00000014                                                       : pthread.obj (.text:pthread_attr_setstacksize)
                  01017608    00000014                                                       : pthread_mutex.obj (.text:pthread_mutex_lock)
                  0101761c    00000014                                                       : pthread.obj (.text:pthread_self)
                  01017630    00000014                                                       : semaphore.obj (.text:sem_destroy)
                  01017644    00000014     rtsv7M4_T_le_eabi.lib : strcpy.c.obj (.text:strcpy)
                  01017658    00000014                           : strlen.c.obj (.text:strlen)
                  0101766c    00000014     mqtt_release.a : client_core.oem4 (.text:txPartBufP)
                  01017680    00000014                    : client_core.oem4 (.text:txPartReset)
                  01017694    00000014     freertos_builds_CC3220SF_LAUNCHXL_release_ccs.lib : PowerCC32XX_freertos.obj (.text:vPortSuppressTicksAndSleep)
                  010176a8    00000014                                                       : tasks.obj (.text:xTaskGetCurrentTaskHandle)
                  010176bc    00000014                                                       : tasks.obj (.text:xTaskGetTickCount)
                  010176d0    00000012                                                       : HwiPCC32XX_freertos.obj (.text:HwiP_delete)
                  010176e2    00000012     slnetifwifi.a : slnetifwifi.obj (.text:SlNetIfWifi_close)
                  010176f4    00000012     driverlib.a : timer.obj (.text:TimerIntClear)
                  01017706    00000012     mqtt_release.a : client_core.oem4 (.text:mqpDoNotReportCor)
                  01017718    00000012                    : client_core.oem4 (.text:sessionResume)
                  0101772a    00000012     rtsv7M4_T_le_eabi.lib : wcslen.c.obj (.text:wcslen)
                  0101773c    00000010     ti_drivers_config.obj (.text:Board_init)
                  0101774c    00000010     freertos_builds_CC3220SF_LAUNCHXL_release_ccs.lib : ClockP_freertos.obj (.text:ClockP_getSystemTickPeriod)
                  0101775c    00000010     mqtt_release.a : client_core.oem4 (.text:MQTTClientCore_sendUnsubMsg)
                  0101776c    00000010     slnetsock_release.a : slnetsock.oem4 (.text:SlNetSock_secAttribCreate)
                  0101777c    00000010     driverlib.a : systick.obj (.text:SysTickDisable)
                  0101778c    00000010                 : systick.obj (.text:SysTickEnable)
                  0101779c    00000010     drivers_cc32xx.aem4 : Timer.oem4 (.text:Timer_Params_init)
                  010177ac    00000010     simplelink.a : driver.obj (.text:_SlDrvDispatchHttpServerEvents)
                  010177bc    00000010                  : driver.obj (.text:_SlDrvDispatchNetAppRequestEvents)
                  010177cc    00000010                  : driver.obj (.text:_SlDrvIsSpawnOwnGlobalLock)
                  010177dc    00000010     mqtt_release.a : client_core.oem4 (.text:clCtxFreeup)
                  010177ec    00000010     ti_drivers_config.obj (.text:dmaErrorFxn)
                  010177fc    00000010     mqtt_release.a : client_core.oem4 (.text:isConnected)
                  0101780c    00000010                    : client_core.oem4 (.text:isValidUTF8String)
[...]
01015431  PRCMSlowClkCtrFastGet                     
0101546d  Power_setConstraint                       
010154e5  configureDataTimer                        
010155d5  pvTaskGetThreadLocalStoragePointer        
010156c5  usleep                                    
01015701  vListInsertEnd                            
0101573d  xTimerCreate                              
01015779  SlNetIfWifi_getIPAddr                     
010157b3  TimerCC32XX_close                         
01015829  MQTTClientCore_registerNetSvc             
01015861  MQTT_qos2PubCqLogup                       
01015899  PRCMLPDSEnterKeepDebugIf                  
010158d1  SlNetIfWifi_recvFrom                      
01015909  SlNetIfWifi_sendTo                        
01015941  SlNetIfWifi_socket                        
010159b1  SlNetSock_listen                          
010159e9  SlNetUtil_htonl                           
010159e9  SlNetUtil_ntohl                           
01015ba9  MQTT_packetPrepFh                         
01015bdf  SlNetIfWifi_getHostByName                 
01015c15  SlNetIfWifi_select                        
01015c4b  TimerControlStall                         
01015cb7  strncpy                                   
01015ced  PinModeGet                                
01015d21  PowerCC32XX_restoreParkState              
01015d55  SemaphoreP_pend                           
01015d89  SlNetUtil_htons                           
01015d89  SlNetUtil_ntohs                           
01015dbd  TimerCC32XX_freeTimerResource             
01015df1  UDMACC32XX_close                          
01015f5d  vTaskPlaceOnEventList                     
01015fc5  MQTT_clCtxTimeoutInsert                   
01016029  printString                               
0101605b  PowerCC32XX_restoreParkedPin              
010161ad  printBorder                               
010161dd  vListInitialise                           
0101620d  vPortExitCritical                         
0101623d  xTaskGetSchedulerState                    
0101626d  Mutex_create_handle                       
0101629b  pvTimerGetTimerID                         
010162c9  __aeabi_i2d                               
010162f9  HwiP_disable                              
01016325  NwpPowerOn                                
01016351  PRCMLPDSIntervalSet                       
0101637d  PowerCC32XX_getParkState                  
010163a9  SemaphoreP_createBinary                   
010163d5  SlNetIfWifi_recv                          
01016401  SlNetIfWifi_send                          
0101642d  _SlDrvSyncObjWaitForever                  
010164b1  pthread_mutexattr_settype                 
01016509  vTaskSetApplicationTaskTag                
01016535  xPortSysTickHandler                       
01016561  xQueueCreateMutex                         
0101658d  SlNetUtil_inetPton                        
010165b7  TimerLoadSet                              
010165e1  TimerPrescaleSet                          
0101660b  UARTCC32XXDMA_readCancel                  
01016635  UARTCC32XXDMA_writeCancel                 
01016707  uxQueueMessagesWaiting                    
01016731  HwiP_inISR                                
01016759  MQTT_packetBufWrUtf8                      
01016781  PRCMLPDSWakeupSourceEnable                
010167a9  PRCMPeripheralClkDisable                  
010167d1  Power_registerNotify                      
010167f9  SlNetIf_getIfByID                         
01016821  SlNetSock_sdsIsSet                        
01016849  SlNetSock_sdsSet                          
01016871  SlNetSock_secAttribDelete                 
01016899  _SlDrvProtectionObjLockWaitForever        
010168c1  _SlDrvProtectionObjUnLock                 
010168e9  _SlFlowContSet                            
01016939  _sl_ExtLib_AwaitedAckLockedSet            
01016961  memmove                                   
01016989  pthread_attr_setschedparam                
010169b1  sem_trywait                               
010169d9  xTaskGetApplicationTaskTag                
01016a01  List_put                                  
01016a27  List_remove                               
01016a4d  MQTT_clCtxRemove                          
01016a73  _pthread_cleanup_pop                      
01016ac1  IntUnregister                             
01016ae5  PowerCC32XX_reset                         
01016b09  SlNetIf_getConnectionStatus               
01016b2d  _SlDrvIsApiInProgress                     
01016b51  _SlDrvStartMeasureTimeout                 
01016b75  _c_int00_noargs                           
01016c05  sem_getvalue                              
01016c29  sl_WlanDisconnect                         
01016c4d  vQueueDelete                              
01016c71  vTaskInternalSetTimeOutState              
01016c95  MQTT_packetProcMsgIdAckRx                 
01016cb7  SemaphoreP_post                           
01016cd9  pthread_attr_setdetachstate               
01016cfd  ClockP_getCpuFreq                         
01016d1d  HwiP_restore                              
01016d3d  IntRegister                               
01016d5d  MQTT_qos2PubCqReset                       
01016d7d  Power_unregisterNotify                    
01016d9d  SlNetIfWifi_accept                        
01016e5d  ClockP_start                              
01016e7b  HwiP_Params_init                          
01016e99  MQTTClientCore_alloc                      
01016eb7  MQTTClientCore_ctxRun                     
01016ed5  SlNetIfWifi_bind                          
01016ef3  SlNetIfWifi_connect                       
01016f11  TimerDisable                              
01016f2f  TimerEnable                               
01016f4d  _SlDrvObjLockWaitForever                  
01016f6b  _SlDrvObjUnLock                           
01016f89  _SlDrvSyncObjSignal                       
01016fc5  jsmn_init                                 
0101703d  ClockP_Params_init                        
01017059  Message                                   
01017075  PinToPadGet                               
010170ad  _SlInternalIsItSpawnThread                
010170e5  dbgStop                                   
0101711d  memccpy                                   
01017155  pthread_attr_init                         
01017171  pthread_mutexattr_init                    
0101718d  pvTaskIncrementMutexHeldCount             
010171c5  MQTT_packetAckWlistPurge                  
010171df  PTLS_taskDeleteHook                       
010171f9  SlNetIfWifi_listen                        
0101722d  pthread_mutex_destroy                     
01017247  MQTT_clCtxTimeoutUpdate                   
01017261  Power_idleFunc                            
01017279  TimerCC32XX_getCount                      
01017291  TimerIntDisable                           
010172a9  TimerIntEnable                            
010172c1  UARTBusy                                  
010172d9  UART_Params_init                          
01017321  free                                      
01017369  putch                                     
01017381  __aeabi_lmul                              
01017399  sem_wait                                  
010173b1  strcmp                                    
010173c9  timerCallback                             
010173e1  writeToUART                               
010173f9  ClockP_setTimeout                         
0101740f  MQTTNet_commClose                         
01017425  MQTT_clCtxReset                           
0101743b  MQTT_packetFree                           
01017451  MQTT_packetInit                           
01017467  PRCMHIBRegRead                            
0101747d  PRCMHIBRegWrite                           
01017493  PTLS_getBuf                               
010174a9  PTLS_setBuf                               
010174bf  SemaphoreP_Params_init                    
010174d5  _SlDrvMemZero                             
010174ed  resetISR                                  
010174fc  resetVectorAddr                           
01017503  strchr                                    
01017519  CPUcpsie                                  
0101752d  IntVTableBaseSet                          
01017541  MQTTClient_publish                        
01017555  MQTTNet_rtcSecs                           
01017569  MQTT_packetAckWlistAppend                 
0101757d  MQTT_packetReset                          
01017591  Power_getDependencyCount                  
010175a5  SPI_Params_init                           
010175b9  SlNetSock_sdsClrAll                       
010175f5  pthread_attr_setstacksize                 
01017609  pthread_mutex_lock                        
0101761d  pthread_self                              
01017631  sem_destroy                               
01017645  strcpy                                    
01017659  strlen                                    
01017695  vPortSuppressTicksAndSleep                
010176a9  xTaskGetCurrentTaskHandle                 
010176bd  xTaskGetTickCount                         
010176d1  HwiP_delete                               
010176e3  SlNetIfWifi_close                         
010176f5  TimerIntClear                             
0101772b  wcslen                                    
0101773d  Board_init                                
0101774d  ClockP_getSystemTickPeriod                
0101775d  MQTTClientCore_sendUnsubMsg               
0101776d  SlNetSock_secAttribCreate                 
0101777d  SysTickDisable                            
0101778d  SysTickEnable                             
0101779d  Timer_Params_init                         
010177ad  _SlDrvDispatchHttpServerEvents            
010177bd  _SlDrvDispatchNetAppRequestEvents         
010177cd  _SlDrvIsSpawnOwnGlobalLock                
0101782d  vListInitialiseItem                       
0101783d  vTaskSuspendAll                           
0101784d  MQTTClient_subscribe                      
0101785b  MQTTClient_unsubscribe                    
01017869  Power_getTransitionLatency                
01017877  _SlDrvResetCmdExt                         
01017885  _sl_ExtLib_AwaitedAckSet                  
010178a1  __TI_decompress_none                      
010178bd  spi_Close                                 
010178cb  CPUwfi                                    
010178d7  HwiP_clearInterrupt                       
010178e3  HwiP_disableInterrupt                     
010178ef  HwiP_enableInterrupt                      
010178fb  MQTTClientCore_sendConnectMsg             
01017907  MQTT_secureConnStructInit                 
01017915  Network_IF_ResetMCUStateMachine           
01017921  NwpMaskInterrupt                          
0101792d  NwpUnMaskInterrupt                        
01017939  Power_getConstraintMask                   
01017945  SemaphoreP_delete                         
01017951  SimpleLinkHttpServerEventHandler          
0101795d  SimpleLinkNetAppRequestEventHandler       
01017969  _SlDeviceResetRequestInitCompletedCB      
01017981  copysign                                  
01017981  copysignl                                 
0101798d  __TI_zero_init                            
010179b1  uDMAErrorStatusClear                      
010179bd  uDMAErrorStatusGet                        
010179c9  vTaskMissedYield                          
010179d5  IntMasterEnable                           
010179df  SPI_close                                 
010179e9  SPI_transfer                              
010179f3  SimpleLinkNetAppRequestMemFreeEventHandler
010179fd  Timer_start                               
01017a07  UART_control                              
01017a11  UART_readPolling                          
01017a1b  UART_write                                
01017a25  UART_writePolling                         
01017a2f  sl_Task                                   
01017a39  vApplicationStackOverflowHook             
01017a43  ClockP_getSystemTicks                     
01017a4b  MQTTClientCore_sendSubMsg                 
01017a53  MQTTNet_tcpSend                           
01017a5b  PRCMSleepEnter                            
01017a63  TimerGetCurrentTimestamp                  
01017a8b  SPICC32XXDMA_control                      
01017a91  TimerCC32XX_control                       
01017a97  UtilsDelay                                
01017ab5  SPICC32XXDMA_init                         
01017ab9  SlNetIf_init                              
01017abd  SlNetUtil_init                            
01017ac1  __abort_execution                         
01017ac5  _system_pre_init                          
01017ac9  C$$EXIT                                   
01017ac9  abort                                     
01017ad4  _ctypes_                                  
01017f10  spiCC32XXDMAHWAttrs                       
01017f88  OpcodeTranslateTable                      
01017ff8  _SlActionLookupTable                      
01018048  PowerCC32XX_config                        
01018088  UARTCC32XXDMA_fxnTable                    
010180b0  UART_defaultParams                        
0101813c  SPI_defaultParams                         
0101817c  TimerCC32XX_fxnTable                      
0101819c  Display_count                             
0101819d  CONFIG_Crypto_0_CONST                     
0101819e  CryptoCC32XX_count                        
0101819f  CONFIG_GPIO_BUTTON_0_CONST                
010181a0  CONFIG_GPIO_BUTTON_1_CONST                
010181a1  CONFIG_GPIO_P45_BIT_1_CONST               
010181a2  CONFIG_GPIO_P63_BIT_2_CONST               
010181a3  CONFIG_GPIO_P50_BIT_3_CONST               
010181a4  CONFIG_GPIO_P53_BIT_4_CONST               
010181a5  CONFIG_GPIO_P18_BIT_5_CONST               
010181a6  CONFIG_GPIO_P03_BIT_6_CONST               
010181a7  CONFIG_GPIO_P61_BIT_7_CONST               
010181a8  CONFIG_GPIO_P62_BIT_8_CONST               
010181a9  CONFIG_PWM_0_CONST                        
010181aa  CONFIG_PWM_1_CONST                        
010181ab  CONFIG_PWM_2_CONST                        
010181ac  CONFIG_PWM_3_CONST                        
010181ad  PWM_count                                 
010181ae  CONFIG_SPI_0_CONST                        
010181af  CONFIG_NWP_SPI_CONST                      
010181b0  SPI_count                                 
010181b1  CONFIG_TIMER_0_CONST                      
010181b2  Timer_count                               
010181b3  CONFIG_UART_0_CONST                       
010181b4  UART_count                                
010181b5  CONFIG_WATCHDOG_0_CONST                   
010181b6  Watchdog_count                            
010181b8  SPICC32XXDMA_fxnTable                     
010181d0  SPI_config                                
01018300  GPIOCC32XX_config                         
010183d4  timerCC32XXHWAttrs                        
010183e4  Timer_config                              
010183f0  UART_config                               
0101842c  udmaCC3220SHWAttrs                        
01018448  UDMACC32XX_config                         
01018450  ulMaxSyscallInterruptPriority             
01018470  outPinTypes                               
0101848c  inPinTypes                                
01018492  outPinStrengths                           
010184d6  _SlNetAppSendResponseCmdCtrl              
010184da  _SlNetAppSendTokenValueCmdCtrl            
01018518  __TI_static_base__                        
010186f0  __TI_Handler_Table_Base                   
010186fc  __TI_Handler_Table_Limit                  
01018708  __TI_CINIT_Base                           
01018718  __TI_CINIT_Limit                          
20000000  __start___llvm_prf_cnts                   
20000000  __stop___llvm_prf_cnts                    
20009000  g_CB                                      
200093fc  clients                                   
200096ac  PowerCC32XX_contextSave                   
20009970  spiCC32XXDMAObjects                       
20009a78  uartCC32XXObjects0                        
20009b2c  timerCC32XXObjects                        
20009b60  GlobalLockObj                             
20009b8c  g_SlInternalSpawnCB                       
20009bb4  g_ucConnectionSSID                        
20009ce0  MQTTClient_Lib_CB                         
20009cf0  DeviceCB                                  
20009cfc  MqttClientExmple_params                   
20009d08  Msg                                       
20009d2c  g_ucConnectionBSSID                       
20009d34  spiCC32XXSDMAscratchBuf                   
20009d3c  udmaCC3220SObject                         
20009d58  g_JBQueue                                 
20009d5c  g_PBQueue                                 
20009d60  MQTTClient_waitSecs                       
20009d62  g_usConnectIndex                          
20009d64  RxIrqCnt                                  
20009d68  HwiP_dispatchTable                        
2000a568  PowerCC32XX_module                        
2000a6d4  parkInfo                                  
2000a7cc  SlNetIfConfigWifi                         
2000a859  lineBreak                                 
2000a85c  pxCurrentTCB                              
2000a890  gApConnectionState                        
2000a894  gInitState                                
2000a898  memPtrCounterfree                         
2000a89c  gResetApplication                         
2000a8a0  g_rx_task_hndl                            
2000a8a4  gUiConnFlag                               
2000a8a8  ClientUsername                            
2000a8ac  ClientPassword                            
2000a8b0  publish_topic1                            
2000a8b4  publish_topic2                            
2000a8b8  mqttThread                                
2000a8bc  appThread                                 
2000a8c1  qos                                       
2000a8c4  MQTTClient_net                            
2000a8ec  gpioCallbackFunctions                     
2000a914  gpioPinConfigs                            
2000a93c  g_LibsEvents                              
2000a960  g_UserEvents                              
2000a984  Mqtt_ClientCtx                            
2000a9f0  ClientId                                  
2000aa00  SecurityParams                            
2000aa30  g_ulStaIp                                 
2000aa34  g_ulGatewayIP                             
2000aa38  g_ulStatus                                
2000aa3c  gGlobalLockCntRequested                   
2000aa3d  gGlobalLockCntReleased                    
2000aa3e  g_SlDeviceStatus                          
2000aa40  g_pCB                                     
2000aa44  pPingCallBackFunc                         
2000aa48  will_param                                
2000aa6c  MQTTClient_closeContext                   
2000aa70  MQTTClient_clientContext                  
2000aa74  MQTTClient_multiSrvConn                   
2000aa78  MQTTClient_clientCfg                      
2000aaa0  topic                                     
2000aab0  MQTTClient_connectCfg                     
2000aac4  g_intHandle                               
2003fc00  __stack                                   
20040000  __STACK_END                               
ffffffff  __TI_pprof_out_hndl                       
ffffffff  __TI_prof_data_size                       
ffffffff  __TI_prof_data_start                      
ffffffff  __binit__                                 
ffffffff  __c_args__                                
ffffffff  binit                                     
UNDEFED   __mpu_init                                
UNDEFED   _system_post_cinit                        

[723 symbols]
